::1 - - [26/Apr/2021:07:42:04 +0000] "POST /user/bot/webhook HTTP/1.1" 200 284 "http://localhost:8000/" "Mozilla/5.0 (Windows NT 10.0; Win64; x64) AppleWebKit/537.36 (KHTML, like Gecko) Chrome/90.0.4430.85 Safari/537.36"
::1 - - [26/Apr/2021:07:42:07 +0000] "POST /user/bot/webhook HTTP/1.1" 200 719 "http://localhost:8000/" "Mozilla/5.0 (Windows NT 10.0; Win64; x64) AppleWebKit/537.36 (KHTML, like Gecko) Chrome/90.0.4430.85 Safari/537.36"
::1 - - [26/Apr/2021:07:42:33 +0000] "POST /user/bot/webhook HTTP/1.1" 200 284 "http://localhost:8000/" "Mozilla/5.0 (Windows NT 10.0; Win64; x64) AppleWebKit/537.36 (KHTML, like Gecko) Chrome/90.0.4430.85 Safari/537.36"
::1 - - [26/Apr/2021:07:42:36 +0000] "POST /user/bot/webhook HTTP/1.1" 200 748 "http://localhost:8000/" "Mozilla/5.0 (Windows NT 10.0; Win64; x64) AppleWebKit/537.36 (KHTML, like Gecko) Chrome/90.0.4430.85 Safari/537.36"
::1 - - [26/Apr/2021:07:43:20 +0000] "POST /user/bot/webhook HTTP/1.1" 200 208 "http://localhost:8000/" "Mozilla/5.0 (Windows NT 10.0; Win64; x64) AppleWebKit/537.36 (KHTML, like Gecko) Chrome/90.0.4430.85 Safari/537.36"
::1 - - [26/Apr/2021:07:43:27 +0000] "POST /user/bot/webhook HTTP/1.1" 200 284 "http://localhost:8000/" "Mozilla/5.0 (Windows NT 10.0; Win64; x64) AppleWebKit/537.36 (KHTML, like Gecko) Chrome/90.0.4430.85 Safari/537.36"
::1 - - [26/Apr/2021:07:43:37 +0000] "POST /user/bot/webhook HTTP/1.1" 200 1173 "http://localhost:8000/" "Mozilla/5.0 (Windows NT 10.0; Win64; x64) AppleWebKit/537.36 (KHTML, like Gecko) Chrome/90.0.4430.85 Safari/537.36"
::1 - - [26/Apr/2021:07:44:25 +0000] "GET /user/download?url=https://mindfulautomations.com/assets/documents/expense_documents/bsmhmc6cbe1330238335916b2a65ecb259dd6.png HTTP/1.1" 200 16649 "http://localhost:8000/" "Mozilla/5.0 (Windows NT 10.0; Win64; x64) AppleWebKit/537.36 (KHTML, like Gecko) Chrome/90.0.4430.85 Safari/537.36"
::1 - - [26/Apr/2021:07:44:58 +0000] "POST /user/bot/webhook HTTP/1.1" 200 284 "http://localhost:8000/" "Mozilla/5.0 (Windows NT 10.0; Win64; x64) AppleWebKit/537.36 (KHTML, like Gecko) Chrome/90.0.4430.85 Safari/537.36"
::1 - - [26/Apr/2021:07:45:01 +0000] "POST /user/bot/webhook HTTP/1.1" 200 748 "http://localhost:8000/" "Mozilla/5.0 (Windows NT 10.0; Win64; x64) AppleWebKit/537.36 (KHTML, like Gecko) Chrome/90.0.4430.85 Safari/537.36"
::1 - - [26/Apr/2021:07:46:16 +0000] "POST /user/bot/webhook HTTP/1.1" 200 208 "http://localhost:8000/" "Mozilla/5.0 (Windows NT 10.0; Win64; x64) AppleWebKit/537.36 (KHTML, like Gecko) Chrome/90.0.4430.85 Safari/537.36"
::1 - - [26/Apr/2021:07:46:19 +0000] "POST /user/bot/webhook HTTP/1.1" 200 284 "http://localhost:8000/" "Mozilla/5.0 (Windows NT 10.0; Win64; x64) AppleWebKit/537.36 (KHTML, like Gecko) Chrome/90.0.4430.85 Safari/537.36"
::1 - - [26/Apr/2021:07:46:31 +0000] "POST /user/bot/webhook HTTP/1.1" 200 1649 "http://localhost:8000/" "Mozilla/5.0 (Windows NT 10.0; Win64; x64) AppleWebKit/537.36 (KHTML, like Gecko) Chrome/90.0.4430.85 Safari/537.36"
::1 - - [26/Apr/2021:07:47:52 +0000] "GET /user/download?url=https://mindfulautomations.com/assets/documents/expense_documents/18311A05D1--report181b4387728087b5a084fa10d85b8eb5.docx HTTP/1.1" 200 1756771 "http://localhost:8000/" "Mozilla/5.0 (Windows NT 10.0; Win64; x64) AppleWebKit/537.36 (KHTML, like Gecko) Chrome/90.0.4430.85 Safari/537.36"
::1 - - [26/Apr/2021:07:48:14 +0000] "POST /user/bot/webhook HTTP/1.1" 200 284 "http://localhost:8000/" "Mozilla/5.0 (Windows NT 10.0; Win64; x64) AppleWebKit/537.36 (KHTML, like Gecko) Chrome/90.0.4430.85 Safari/537.36"
::1 - - [26/Apr/2021:07:50:47 +0000] "POST /user/bot/webhook HTTP/1.1" 200 1649 "http://localhost:8000/" "Mozilla/5.0 (Windows NT 10.0; Win64; x64) AppleWebKit/537.36 (KHTML, like Gecko) Chrome/90.0.4430.85 Safari/537.36"
::1 - - [26/Apr/2021:07:50:52 +0000] "GET /user/download?url=https://mindfulautomations.com/assets/documents/expense_documents/Invoice-verificationa8efb98175834f903b3033fd533ebdf8.xlsx HTTP/1.1" 200 6202 "http://localhost:8000/" "Mozilla/5.0 (Windows NT 10.0; Win64; x64) AppleWebKit/537.36 (KHTML, like Gecko) Chrome/90.0.4430.85 Safari/537.36"
::1 - - [26/Apr/2021:07:56:35 +0000] "GET /user/download?url=https://file32.iijj.nl/?file=M3R4SUNiN3JsOHJ6WWQ3aTdPRFA4NW1rRVJIOGt2ZHZxOTAvd2dJaUQrQUhsWVV1eCtIckxNOEVGNmdhaHFXa0Y5ZFgvRC9VT3VhQ05BcUdpWTUzRmlleHVkc3Q3WG5KK29JbFp0bHdRaDZsM3JTRmp6NWpuUkwzZTUyZk03VkdPVElwaFVNbWdRQ0tudnpWclJDMnNIS2c3QURJYVNBMW9UTU9PT2ZSLzZCYjNXamJhc2pyMWE4Y29qT2c3WnhQMC9PVXRRM0oxYnM2dmROS2RHTmpSTDU2ODU3ang2ano5Qk5Oa05jUnlobmlydWVwVzdjYldxQ0dhVDVpT3pZQTVPcXlEVTFQbG5GTXJqWG5vZWsyK0QwYVovRWc%3D HTTP/1.1" 200 6414378 "-" "Mozilla/5.0 (Windows NT 10.0; Win64; x64) AppleWebKit/537.36 (KHTML, like Gecko) Chrome/90.0.4430.85 Safari/537.36"
::1 - - [26/Apr/2021:07:58:06 +0000] "POST /user/bot/webhook HTTP/1.1" 200 284 "http://localhost:8000/" "Mozilla/5.0 (Windows NT 10.0; Win64; x64) AppleWebKit/537.36 (KHTML, like Gecko) Chrome/90.0.4430.85 Safari/537.36"
::1 - - [26/Apr/2021:07:58:10 +0000] "POST /user/bot/webhook HTTP/1.1" 200 748 "http://localhost:8000/" "Mozilla/5.0 (Windows NT 10.0; Win64; x64) AppleWebKit/537.36 (KHTML, like Gecko) Chrome/90.0.4430.85 Safari/537.36"
::1 - - [26/Apr/2021:07:58:46 +0000] "POST /user/bot/webhook HTTP/1.1" 200 208 "http://localhost:8000/" "Mozilla/5.0 (Windows NT 10.0; Win64; x64) AppleWebKit/537.36 (KHTML, like Gecko) Chrome/90.0.4430.85 Safari/537.36"
::1 - - [26/Apr/2021:07:58:50 +0000] "POST /user/bot/webhook HTTP/1.1" 200 284 "http://localhost:8000/" "Mozilla/5.0 (Windows NT 10.0; Win64; x64) AppleWebKit/537.36 (KHTML, like Gecko) Chrome/90.0.4430.85 Safari/537.36"
::1 - - [26/Apr/2021:07:58:54 +0000] "POST /user/bot/webhook HTTP/1.1" 200 2012 "http://localhost:8000/" "Mozilla/5.0 (Windows NT 10.0; Win64; x64) AppleWebKit/537.36 (KHTML, like Gecko) Chrome/90.0.4430.85 Safari/537.36"
::1 - - [26/Apr/2021:07:59:41 +0000] "POST /user/bot/webhook HTTP/1.1" 200 174 "http://localhost:8000/" "Mozilla/5.0 (Windows NT 10.0; Win64; x64) AppleWebKit/537.36 (KHTML, like Gecko) Chrome/90.0.4430.85 Safari/537.36"
::1 - - [26/Apr/2021:07:59:44 +0000] "POST /user/bot/webhook HTTP/1.1" 200 284 "http://localhost:8000/" "Mozilla/5.0 (Windows NT 10.0; Win64; x64) AppleWebKit/537.36 (KHTML, like Gecko) Chrome/90.0.4430.85 Safari/537.36"
::1 - - [26/Apr/2021:08:01:19 +0000] "POST /user/bot/webhook HTTP/1.1" 200 184 "http://localhost:8000/" "Mozilla/5.0 (Windows NT 10.0; Win64; x64) AppleWebKit/537.36 (KHTML, like Gecko) Chrome/90.0.4430.85 Safari/537.36"
::1 - - [26/Apr/2021:08:47:06 +0000] "POST /user/bot/webhook HTTP/1.1" 200 284 "http://localhost:8000/" "Mozilla/5.0 (Windows NT 10.0; Win64; x64) AppleWebKit/537.36 (KHTML, like Gecko) Chrome/90.0.4430.85 Safari/537.36"
::1 - - [26/Apr/2021:08:47:08 +0000] "POST /user/bot/webhook HTTP/1.1" 200 748 "http://localhost:8000/" "Mozilla/5.0 (Windows NT 10.0; Win64; x64) AppleWebKit/537.36 (KHTML, like Gecko) Chrome/90.0.4430.85 Safari/537.36"
::1 - - [26/Apr/2021:08:59:46 +0000] "GET / HTTP/1.1" 304 - "-" "Mozilla/5.0 (Windows NT 10.0; Win64; x64) AppleWebKit/537.36 (KHTML, like Gecko) Chrome/90.0.4430.85 Safari/537.36"
::1 - - [26/Apr/2021:08:59:47 +0000] "GET /static/css/materialize.min.css HTTP/1.1" 304 - "http://localhost:8000/" "Mozilla/5.0 (Windows NT 10.0; Win64; x64) AppleWebKit/537.36 (KHTML, like Gecko) Chrome/90.0.4430.85 Safari/537.36"
::1 - - [26/Apr/2021:08:59:47 +0000] "GET /static/css/tabulator_materialize.min.css HTTP/1.1" 304 - "http://localhost:8000/" "Mozilla/5.0 (Windows NT 10.0; Win64; x64) AppleWebKit/537.36 (KHTML, like Gecko) Chrome/90.0.4430.85 Safari/537.36"
::1 - - [26/Apr/2021:08:59:47 +0000] "GET /static/css/style.css HTTP/1.1" 304 - "http://localhost:8000/" "Mozilla/5.0 (Windows NT 10.0; Win64; x64) AppleWebKit/537.36 (KHTML, like Gecko) Chrome/90.0.4430.85 Safari/537.36"
::1 - - [26/Apr/2021:08:59:47 +0000] "GET /static/js/materialize.min.js HTTP/1.1" 304 - "http://localhost:8000/" "Mozilla/5.0 (Windows NT 10.0; Win64; x64) AppleWebKit/537.36 (KHTML, like Gecko) Chrome/90.0.4430.85 Safari/537.36"
::1 - - [26/Apr/2021:08:59:47 +0000] "GET /static/js/moment.min.js HTTP/1.1" 304 - "http://localhost:8000/" "Mozilla/5.0 (Windows NT 10.0; Win64; x64) AppleWebKit/537.36 (KHTML, like Gecko) Chrome/90.0.4430.85 Safari/537.36"
::1 - - [26/Apr/2021:08:59:47 +0000] "GET /static/js/chart.min.js HTTP/1.1" 304 - "http://localhost:8000/" "Mozilla/5.0 (Windows NT 10.0; Win64; x64) AppleWebKit/537.36 (KHTML, like Gecko) Chrome/90.0.4430.85 Safari/537.36"
::1 - - [26/Apr/2021:08:59:47 +0000] "GET /static/js/hammer.min.js HTTP/1.1" 304 - "http://localhost:8000/" "Mozilla/5.0 (Windows NT 10.0; Win64; x64) AppleWebKit/537.36 (KHTML, like Gecko) Chrome/90.0.4430.85 Safari/537.36"
::1 - - [26/Apr/2021:08:59:47 +0000] "GET /static/js/script.js HTTP/1.1" 200 124547 "http://localhost:8000/" "Mozilla/5.0 (Windows NT 10.0; Win64; x64) AppleWebKit/537.36 (KHTML, like Gecko) Chrome/90.0.4430.85 Safari/537.36"
::1 - - [26/Apr/2021:08:59:48 +0000] "GET /static/js/chartjs-plugin-zoom.min.js HTTP/1.1" 304 - "http://localhost:8000/" "Mozilla/5.0 (Windows NT 10.0; Win64; x64) AppleWebKit/537.36 (KHTML, like Gecko) Chrome/90.0.4430.85 Safari/537.36"
::1 - - [26/Apr/2021:08:59:48 +0000] "GET /static/js/tabulator.min.js HTTP/1.1" 304 - "http://localhost:8000/" "Mozilla/5.0 (Windows NT 10.0; Win64; x64) AppleWebKit/537.36 (KHTML, like Gecko) Chrome/90.0.4430.85 Safari/537.36"
::1 - - [26/Apr/2021:08:59:48 +0000] "GET /static/js/md5.min.js HTTP/1.1" 304 - "http://localhost:8000/" "Mozilla/5.0 (Windows NT 10.0; Win64; x64) AppleWebKit/537.36 (KHTML, like Gecko) Chrome/90.0.4430.85 Safari/537.36"
::1 - - [26/Apr/2021:08:59:48 +0000] "GET /static/js/StreamSaver.js HTTP/1.1" 304 - "http://localhost:8000/" "Mozilla/5.0 (Windows NT 10.0; Win64; x64) AppleWebKit/537.36 (KHTML, like Gecko) Chrome/90.0.4430.85 Safari/537.36"
::1 - - [26/Apr/2021:08:59:48 +0000] "GET /static/js/Image-PDF-Viewer-EZView/EZView.js HTTP/1.1" 304 - "http://localhost:8000/" "Mozilla/5.0 (Windows NT 10.0; Win64; x64) AppleWebKit/537.36 (KHTML, like Gecko) Chrome/90.0.4430.85 Safari/537.36"
::1 - - [26/Apr/2021:08:59:48 +0000] "GET /static/js/Image-PDF-Viewer-EZView/draggable.js HTTP/1.1" 304 - "http://localhost:8000/" "Mozilla/5.0 (Windows NT 10.0; Win64; x64) AppleWebKit/537.36 (KHTML, like Gecko) Chrome/90.0.4430.85 Safari/537.36"
::1 - - [26/Apr/2021:08:59:48 +0000] "GET /static/css/style.css HTTP/1.1" 304 - "http://localhost:8000/static/css/style.css" "Mozilla/5.0 (Windows NT 10.0; Win64; x64) AppleWebKit/537.36 (KHTML, like Gecko) Chrome/90.0.4430.85 Safari/537.36"
::1 - - [26/Apr/2021:08:59:48 +0000] "GET /static/img/botAvatar.png HTTP/1.1" 304 - "http://localhost:8000/" "Mozilla/5.0 (Windows NT 10.0; Win64; x64) AppleWebKit/537.36 (KHTML, like Gecko) Chrome/90.0.4430.85 Safari/537.36"
::1 - - [26/Apr/2021:08:59:48 +0000] "GET /static/img/logo.png HTTP/1.1" 304 - "http://localhost:8000/" "Mozilla/5.0 (Windows NT 10.0; Win64; x64) AppleWebKit/537.36 (KHTML, like Gecko) Chrome/90.0.4430.85 Safari/537.36"
::1 - - [26/Apr/2021:08:59:56 +0000] "GET /static/css/materialize.min.css HTTP/1.1" 304 - "http://localhost:8000/" "Mozilla/5.0 (Windows NT 10.0; Win64; x64) AppleWebKit/537.36 (KHTML, like Gecko) Chrome/90.0.4430.85 Safari/537.36"
::1 - - [26/Apr/2021:08:59:56 +0000] "GET /static/css/tabulator_materialize.min.css HTTP/1.1" 304 - "http://localhost:8000/" "Mozilla/5.0 (Windows NT 10.0; Win64; x64) AppleWebKit/537.36 (KHTML, like Gecko) Chrome/90.0.4430.85 Safari/537.36"
::1 - - [26/Apr/2021:08:59:56 +0000] "GET /static/css/style.css HTTP/1.1" 304 - "http://localhost:8000/" "Mozilla/5.0 (Windows NT 10.0; Win64; x64) AppleWebKit/537.36 (KHTML, like Gecko) Chrome/90.0.4430.85 Safari/537.36"
::1 - - [26/Apr/2021:08:59:57 +0000] "GET /static/js/hammer.min.js.map HTTP/1.1" 404 84 "-" "Mozilla/5.0 (Windows NT 10.0; Win64; x64) AppleWebKit/537.36 (KHTML, like Gecko) Chrome/90.0.4430.85 Safari/537.36"
::1 - - [26/Apr/2021:08:59:57 +0000] "GET /static/js/md5.min.js.map HTTP/1.1" 404 81 "-" "Mozilla/5.0 (Windows NT 10.0; Win64; x64) AppleWebKit/537.36 (KHTML, like Gecko) Chrome/90.0.4430.85 Safari/537.36"
::1 - - [26/Apr/2021:08:59:57 +0000] "GET /static/css/tabulator_materialize.min.css.map HTTP/1.1" 404 101 "-" "Mozilla/5.0 (Windows NT 10.0; Win64; x64) AppleWebKit/537.36 (KHTML, like Gecko) Chrome/90.0.4430.85 Safari/537.36"
::1 - - [26/Apr/2021:09:01:59 +0000] "GET / HTTP/1.1" 304 - "-" "Mozilla/5.0 (Windows NT 10.0; Win64; x64) AppleWebKit/537.36 (KHTML, like Gecko) Chrome/90.0.4430.85 Safari/537.36"
::1 - - [26/Apr/2021:09:02:00 +0000] "GET /static/css/materialize.min.css HTTP/1.1" 304 - "http://localhost:8000/" "Mozilla/5.0 (Windows NT 10.0; Win64; x64) AppleWebKit/537.36 (KHTML, like Gecko) Chrome/90.0.4430.85 Safari/537.36"
::1 - - [26/Apr/2021:09:02:00 +0000] "GET /static/css/tabulator_materialize.min.css HTTP/1.1" 304 - "http://localhost:8000/" "Mozilla/5.0 (Windows NT 10.0; Win64; x64) AppleWebKit/537.36 (KHTML, like Gecko) Chrome/90.0.4430.85 Safari/537.36"
::1 - - [26/Apr/2021:09:02:00 +0000] "GET /static/css/style.css HTTP/1.1" 304 - "http://localhost:8000/" "Mozilla/5.0 (Windows NT 10.0; Win64; x64) AppleWebKit/537.36 (KHTML, like Gecko) Chrome/90.0.4430.85 Safari/537.36"
::1 - - [26/Apr/2021:09:02:01 +0000] "GET /static/js/materialize.min.js HTTP/1.1" 304 - "http://localhost:8000/" "Mozilla/5.0 (Windows NT 10.0; Win64; x64) AppleWebKit/537.36 (KHTML, like Gecko) Chrome/90.0.4430.85 Safari/537.36"
::1 - - [26/Apr/2021:09:02:01 +0000] "GET /static/js/script.js HTTP/1.1" 200 125220 "http://localhost:8000/" "Mozilla/5.0 (Windows NT 10.0; Win64; x64) AppleWebKit/537.36 (KHTML, like Gecko) Chrome/90.0.4430.85 Safari/537.36"
::1 - - [26/Apr/2021:09:02:01 +0000] "GET /static/js/moment.min.js HTTP/1.1" 304 - "http://localhost:8000/" "Mozilla/5.0 (Windows NT 10.0; Win64; x64) AppleWebKit/537.36 (KHTML, like Gecko) Chrome/90.0.4430.85 Safari/537.36"
::1 - - [26/Apr/2021:09:02:01 +0000] "GET /static/js/chart.min.js HTTP/1.1" 304 - "http://localhost:8000/" "Mozilla/5.0 (Windows NT 10.0; Win64; x64) AppleWebKit/537.36 (KHTML, like Gecko) Chrome/90.0.4430.85 Safari/537.36"
::1 - - [26/Apr/2021:09:02:01 +0000] "GET /static/js/hammer.min.js HTTP/1.1" 304 - "http://localhost:8000/" "Mozilla/5.0 (Windows NT 10.0; Win64; x64) AppleWebKit/537.36 (KHTML, like Gecko) Chrome/90.0.4430.85 Safari/537.36"
::1 - - [26/Apr/2021:09:02:01 +0000] "GET /static/js/chartjs-plugin-zoom.min.js HTTP/1.1" 304 - "http://localhost:8000/" "Mozilla/5.0 (Windows NT 10.0; Win64; x64) AppleWebKit/537.36 (KHTML, like Gecko) Chrome/90.0.4430.85 Safari/537.36"
::1 - - [26/Apr/2021:09:02:01 +0000] "GET /static/js/tabulator.min.js HTTP/1.1" 304 - "http://localhost:8000/" "Mozilla/5.0 (Windows NT 10.0; Win64; x64) AppleWebKit/537.36 (KHTML, like Gecko) Chrome/90.0.4430.85 Safari/537.36"
::1 - - [26/Apr/2021:09:02:01 +0000] "GET /static/js/md5.min.js HTTP/1.1" 304 - "http://localhost:8000/" "Mozilla/5.0 (Windows NT 10.0; Win64; x64) AppleWebKit/537.36 (KHTML, like Gecko) Chrome/90.0.4430.85 Safari/537.36"
::1 - - [26/Apr/2021:09:02:01 +0000] "GET /static/js/StreamSaver.js HTTP/1.1" 304 - "http://localhost:8000/" "Mozilla/5.0 (Windows NT 10.0; Win64; x64) AppleWebKit/537.36 (KHTML, like Gecko) Chrome/90.0.4430.85 Safari/537.36"
::1 - - [26/Apr/2021:09:02:01 +0000] "GET /static/js/Image-PDF-Viewer-EZView/EZView.js HTTP/1.1" 304 - "http://localhost:8000/" "Mozilla/5.0 (Windows NT 10.0; Win64; x64) AppleWebKit/537.36 (KHTML, like Gecko) Chrome/90.0.4430.85 Safari/537.36"
::1 - - [26/Apr/2021:09:02:01 +0000] "GET /static/js/Image-PDF-Viewer-EZView/draggable.js HTTP/1.1" 304 - "http://localhost:8000/" "Mozilla/5.0 (Windows NT 10.0; Win64; x64) AppleWebKit/537.36 (KHTML, like Gecko) Chrome/90.0.4430.85 Safari/537.36"
::1 - - [26/Apr/2021:09:02:01 +0000] "GET /static/img/logo.png HTTP/1.1" 304 - "http://localhost:8000/" "Mozilla/5.0 (Windows NT 10.0; Win64; x64) AppleWebKit/537.36 (KHTML, like Gecko) Chrome/90.0.4430.85 Safari/537.36"
::1 - - [26/Apr/2021:09:02:01 +0000] "GET /static/img/botAvatar.png HTTP/1.1" 304 - "http://localhost:8000/" "Mozilla/5.0 (Windows NT 10.0; Win64; x64) AppleWebKit/537.36 (KHTML, like Gecko) Chrome/90.0.4430.85 Safari/537.36"
::1 - - [26/Apr/2021:09:02:01 +0000] "GET /static/css/style.css HTTP/1.1" 304 - "http://localhost:8000/static/css/style.css" "Mozilla/5.0 (Windows NT 10.0; Win64; x64) AppleWebKit/537.36 (KHTML, like Gecko) Chrome/90.0.4430.85 Safari/537.36"
::1 - - [26/Apr/2021:09:02:01 +0000] "GET /static/css/tabulator_materialize.min.css.map HTTP/1.1" 404 101 "-" "Mozilla/5.0 (Windows NT 10.0; Win64; x64) AppleWebKit/537.36 (KHTML, like Gecko) Chrome/90.0.4430.85 Safari/537.36"
::ffff:127.0.0.1 - - [26/Apr/2021:09:02:02 +0000] "POST /api/v1/user/verifyUser HTTP/1.1" 400 76 "-" "axios/0.21.1"
::1 - - [26/Apr/2021:09:02:02 +0000] "GET /static/js/hammer.min.js.map HTTP/1.1" 404 84 "-" "Mozilla/5.0 (Windows NT 10.0; Win64; x64) AppleWebKit/537.36 (KHTML, like Gecko) Chrome/90.0.4430.85 Safari/537.36"
::1 - - [26/Apr/2021:09:02:02 +0000] "GET /static/js/md5.min.js.map HTTP/1.1" 404 81 "-" "Mozilla/5.0 (Windows NT 10.0; Win64; x64) AppleWebKit/537.36 (KHTML, like Gecko) Chrome/90.0.4430.85 Safari/537.36"
::1 - - [26/Apr/2021:09:02:02 +0000] "GET /static/img/sara_avatar.png HTTP/1.1" 304 - "http://localhost:8000/" "Mozilla/5.0 (Windows NT 10.0; Win64; x64) AppleWebKit/537.36 (KHTML, like Gecko) Chrome/90.0.4430.85 Safari/537.36"
::1 - - [26/Apr/2021:09:02:02 +0000] "POST /user/bot/webhook HTTP/1.1" 200 82 "http://localhost:8000/" "Mozilla/5.0 (Windows NT 10.0; Win64; x64) AppleWebKit/537.36 (KHTML, like Gecko) Chrome/90.0.4430.85 Safari/537.36"
::ffff:127.0.0.1 - - [26/Apr/2021:09:02:07 +0000] "POST /api/v1/user/login HTTP/1.1" 400 39 "-" "axios/0.21.1"
::1 - - [26/Apr/2021:09:02:07 +0000] "POST /user/login HTTP/1.1" 400 55 "http://localhost:8000/" "Mozilla/5.0 (Windows NT 10.0; Win64; x64) AppleWebKit/537.36 (KHTML, like Gecko) Chrome/90.0.4430.85 Safari/537.36"
::ffff:127.0.0.1 - - [26/Apr/2021:09:02:33 +0000] "POST /api/v1/user/login HTTP/1.1" 400 39 "-" "axios/0.21.1"
::1 - - [26/Apr/2021:09:02:33 +0000] "POST /user/login HTTP/1.1" 400 55 "http://localhost:8000/" "Mozilla/5.0 (Windows NT 10.0; Win64; x64) AppleWebKit/537.36 (KHTML, like Gecko) Chrome/90.0.4430.85 Safari/537.36"
::ffff:127.0.0.1 - - [26/Apr/2021:09:03:00 +0000] "POST /api/v1/user/login HTTP/1.1" 200 91 "-" "axios/0.21.1"
::1 - - [26/Apr/2021:09:03:00 +0000] "POST /user/login HTTP/1.1" 200 256 "http://localhost:8000/" "Mozilla/5.0 (Windows NT 10.0; Win64; x64) AppleWebKit/537.36 (KHTML, like Gecko) Chrome/90.0.4430.85 Safari/537.36"
::ffff:127.0.0.1 - - [26/Apr/2021:09:03:00 +0000] "POST /api/v1/user/verifyUser HTTP/1.1" 200 1662 "-" "axios/0.21.1"
::1 - - [26/Apr/2021:09:03:00 +0000] "POST /user/bot/webhook HTTP/1.1" 200 184 "http://localhost:8000/" "Mozilla/5.0 (Windows NT 10.0; Win64; x64) AppleWebKit/537.36 (KHTML, like Gecko) Chrome/90.0.4430.85 Safari/537.36"
::1 - - [26/Apr/2021:09:03:01 +0000] "GET /static/img/sara_avatar.png HTTP/1.1" 304 - "http://localhost:8000/" "Mozilla/5.0 (Windows NT 10.0; Win64; x64) AppleWebKit/537.36 (KHTML, like Gecko) Chrome/90.0.4430.85 Safari/537.36"
::ffff:127.0.0.1 - - [26/Apr/2021:09:03:11 +0000] "POST /api/v1/user/verifyUser HTTP/1.1" 200 1662 "-" "axios/0.21.1"
::1 - - [26/Apr/2021:09:03:11 +0000] "POST /user/bot/webhook HTTP/1.1" 200 284 "http://localhost:8000/" "Mozilla/5.0 (Windows NT 10.0; Win64; x64) AppleWebKit/537.36 (KHTML, like Gecko) Chrome/90.0.4430.85 Safari/537.36"
::1 - - [26/Apr/2021:09:03:11 +0000] "GET /static/img/userAvatar.jpg HTTP/1.1" 304 - "http://localhost:8000/" "Mozilla/5.0 (Windows NT 10.0; Win64; x64) AppleWebKit/537.36 (KHTML, like Gecko) Chrome/90.0.4430.85 Safari/537.36"
::ffff:127.0.0.1 - - [26/Apr/2021:09:03:14 +0000] "POST /api/v1/user/verifyUser HTTP/1.1" 200 1662 "-" "axios/0.21.1"
::ffff:127.0.0.1 - - [26/Apr/2021:09:03:14 +0000] "POST /api/v1/expense/create_expense_form HTTP/1.1" 200 877 "-" "axios/0.21.1"
::1 - - [26/Apr/2021:09:03:14 +0000] "POST /user/bot/webhook HTTP/1.1" 200 1169 "http://localhost:8000/" "Mozilla/5.0 (Windows NT 10.0; Win64; x64) AppleWebKit/537.36 (KHTML, like Gecko) Chrome/90.0.4430.85 Safari/537.36"
::1 - - [26/Apr/2021:09:04:08 +0000] "GET / HTTP/1.1" 304 - "-" "Mozilla/5.0 (Windows NT 10.0; Win64; x64) AppleWebKit/537.36 (KHTML, like Gecko) Chrome/90.0.4430.85 Safari/537.36"
::1 - - [26/Apr/2021:09:04:08 +0000] "GET /static/css/materialize.min.css HTTP/1.1" 304 - "http://localhost:8000/" "Mozilla/5.0 (Windows NT 10.0; Win64; x64) AppleWebKit/537.36 (KHTML, like Gecko) Chrome/90.0.4430.85 Safari/537.36"
::1 - - [26/Apr/2021:09:04:08 +0000] "GET /static/css/tabulator_materialize.min.css HTTP/1.1" 304 - "http://localhost:8000/" "Mozilla/5.0 (Windows NT 10.0; Win64; x64) AppleWebKit/537.36 (KHTML, like Gecko) Chrome/90.0.4430.85 Safari/537.36"
::1 - - [26/Apr/2021:09:04:08 +0000] "GET /static/css/style.css HTTP/1.1" 304 - "http://localhost:8000/" "Mozilla/5.0 (Windows NT 10.0; Win64; x64) AppleWebKit/537.36 (KHTML, like Gecko) Chrome/90.0.4430.85 Safari/537.36"
::1 - - [26/Apr/2021:09:04:08 +0000] "GET /static/js/materialize.min.js HTTP/1.1" 304 - "http://localhost:8000/" "Mozilla/5.0 (Windows NT 10.0; Win64; x64) AppleWebKit/537.36 (KHTML, like Gecko) Chrome/90.0.4430.85 Safari/537.36"
::1 - - [26/Apr/2021:09:04:08 +0000] "GET /static/js/script.js HTTP/1.1" 200 125220 "http://localhost:8000/" "Mozilla/5.0 (Windows NT 10.0; Win64; x64) AppleWebKit/537.36 (KHTML, like Gecko) Chrome/90.0.4430.85 Safari/537.36"
::1 - - [26/Apr/2021:09:04:08 +0000] "GET /static/js/moment.min.js HTTP/1.1" 304 - "http://localhost:8000/" "Mozilla/5.0 (Windows NT 10.0; Win64; x64) AppleWebKit/537.36 (KHTML, like Gecko) Chrome/90.0.4430.85 Safari/537.36"
::1 - - [26/Apr/2021:09:04:08 +0000] "GET /static/js/chart.min.js HTTP/1.1" 304 - "http://localhost:8000/" "Mozilla/5.0 (Windows NT 10.0; Win64; x64) AppleWebKit/537.36 (KHTML, like Gecko) Chrome/90.0.4430.85 Safari/537.36"
::1 - - [26/Apr/2021:09:04:08 +0000] "GET /static/js/hammer.min.js HTTP/1.1" 304 - "http://localhost:8000/" "Mozilla/5.0 (Windows NT 10.0; Win64; x64) AppleWebKit/537.36 (KHTML, like Gecko) Chrome/90.0.4430.85 Safari/537.36"
::1 - - [26/Apr/2021:09:04:08 +0000] "GET /static/js/chartjs-plugin-zoom.min.js HTTP/1.1" 304 - "http://localhost:8000/" "Mozilla/5.0 (Windows NT 10.0; Win64; x64) AppleWebKit/537.36 (KHTML, like Gecko) Chrome/90.0.4430.85 Safari/537.36"
::1 - - [26/Apr/2021:09:04:08 +0000] "GET /static/js/tabulator.min.js HTTP/1.1" 304 - "http://localhost:8000/" "Mozilla/5.0 (Windows NT 10.0; Win64; x64) AppleWebKit/537.36 (KHTML, like Gecko) Chrome/90.0.4430.85 Safari/537.36"
::1 - - [26/Apr/2021:09:04:08 +0000] "GET /static/js/md5.min.js HTTP/1.1" 304 - "http://localhost:8000/" "Mozilla/5.0 (Windows NT 10.0; Win64; x64) AppleWebKit/537.36 (KHTML, like Gecko) Chrome/90.0.4430.85 Safari/537.36"
::1 - - [26/Apr/2021:09:04:08 +0000] "GET /static/js/StreamSaver.js HTTP/1.1" 304 - "http://localhost:8000/" "Mozilla/5.0 (Windows NT 10.0; Win64; x64) AppleWebKit/537.36 (KHTML, like Gecko) Chrome/90.0.4430.85 Safari/537.36"
::1 - - [26/Apr/2021:09:04:08 +0000] "GET /static/js/Image-PDF-Viewer-EZView/EZView.js HTTP/1.1" 304 - "http://localhost:8000/" "Mozilla/5.0 (Windows NT 10.0; Win64; x64) AppleWebKit/537.36 (KHTML, like Gecko) Chrome/90.0.4430.85 Safari/537.36"
::1 - - [26/Apr/2021:09:04:08 +0000] "GET /static/js/Image-PDF-Viewer-EZView/draggable.js HTTP/1.1" 304 - "http://localhost:8000/" "Mozilla/5.0 (Windows NT 10.0; Win64; x64) AppleWebKit/537.36 (KHTML, like Gecko) Chrome/90.0.4430.85 Safari/537.36"
::1 - - [26/Apr/2021:09:04:08 +0000] "GET /static/img/logo.png HTTP/1.1" 304 - "http://localhost:8000/" "Mozilla/5.0 (Windows NT 10.0; Win64; x64) AppleWebKit/537.36 (KHTML, like Gecko) Chrome/90.0.4430.85 Safari/537.36"
::1 - - [26/Apr/2021:09:04:08 +0000] "GET /static/img/botAvatar.png HTTP/1.1" 304 - "http://localhost:8000/" "Mozilla/5.0 (Windows NT 10.0; Win64; x64) AppleWebKit/537.36 (KHTML, like Gecko) Chrome/90.0.4430.85 Safari/537.36"
::1 - - [26/Apr/2021:09:04:08 +0000] "GET /static/js/hammer.min.js.map HTTP/1.1" 404 84 "-" "Mozilla/5.0 (Windows NT 10.0; Win64; x64) AppleWebKit/537.36 (KHTML, like Gecko) Chrome/90.0.4430.85 Safari/537.36"
::1 - - [26/Apr/2021:09:04:08 +0000] "GET /static/css/style.css HTTP/1.1" 304 - "http://localhost:8000/static/css/style.css" "Mozilla/5.0 (Windows NT 10.0; Win64; x64) AppleWebKit/537.36 (KHTML, like Gecko) Chrome/90.0.4430.85 Safari/537.36"
::1 - - [26/Apr/2021:09:04:09 +0000] "GET /static/css/tabulator_materialize.min.css.map HTTP/1.1" 404 101 "-" "Mozilla/5.0 (Windows NT 10.0; Win64; x64) AppleWebKit/537.36 (KHTML, like Gecko) Chrome/90.0.4430.85 Safari/537.36"
::1 - - [26/Apr/2021:09:04:09 +0000] "GET /static/js/md5.min.js.map HTTP/1.1" 404 81 "-" "Mozilla/5.0 (Windows NT 10.0; Win64; x64) AppleWebKit/537.36 (KHTML, like Gecko) Chrome/90.0.4430.85 Safari/537.36"
::ffff:127.0.0.1 - - [26/Apr/2021:09:04:09 +0000] "POST /api/v1/user/verifyUser HTTP/1.1" 200 1662 "-" "axios/0.21.1"
::1 - - [26/Apr/2021:09:04:09 +0000] "GET /static/img/sara_avatar.png HTTP/1.1" 304 - "http://localhost:8000/" "Mozilla/5.0 (Windows NT 10.0; Win64; x64) AppleWebKit/537.36 (KHTML, like Gecko) Chrome/90.0.4430.85 Safari/537.36"
::1 - - [26/Apr/2021:09:04:09 +0000] "POST /user/bot/webhook HTTP/1.1" 200 184 "http://localhost:8000/" "Mozilla/5.0 (Windows NT 10.0; Win64; x64) AppleWebKit/537.36 (KHTML, like Gecko) Chrome/90.0.4430.85 Safari/537.36"
::ffff:127.0.0.1 - - [26/Apr/2021:09:04:12 +0000] "POST /api/v1/user/verifyUser HTTP/1.1" 200 1662 "-" "axios/0.21.1"
::1 - - [26/Apr/2021:09:04:12 +0000] "POST /user/bot/webhook HTTP/1.1" 200 284 "http://localhost:8000/" "Mozilla/5.0 (Windows NT 10.0; Win64; x64) AppleWebKit/537.36 (KHTML, like Gecko) Chrome/90.0.4430.85 Safari/537.36"
::1 - - [26/Apr/2021:09:04:12 +0000] "GET /static/img/userAvatar.jpg HTTP/1.1" 304 - "http://localhost:8000/" "Mozilla/5.0 (Windows NT 10.0; Win64; x64) AppleWebKit/537.36 (KHTML, like Gecko) Chrome/90.0.4430.85 Safari/537.36"
::ffff:127.0.0.1 - - [26/Apr/2021:09:04:14 +0000] "POST /api/v1/user/verifyUser HTTP/1.1" 200 1662 "-" "axios/0.21.1"
::ffff:127.0.0.1 - - [26/Apr/2021:09:04:14 +0000] "POST /api/v1/expense/create_expense_form HTTP/1.1" 200 877 "-" "axios/0.21.1"
::1 - - [26/Apr/2021:09:04:14 +0000] "POST /user/bot/webhook HTTP/1.1" 200 1169 "http://localhost:8000/" "Mozilla/5.0 (Windows NT 10.0; Win64; x64) AppleWebKit/537.36 (KHTML, like Gecko) Chrome/90.0.4430.85 Safari/537.36"
::1 - - [26/Apr/2021:09:05:06 +0000] "GET / HTTP/1.1" 304 - "-" "Mozilla/5.0 (Windows NT 10.0; Win64; x64) AppleWebKit/537.36 (KHTML, like Gecko) Chrome/90.0.4430.85 Safari/537.36"
::1 - - [26/Apr/2021:09:05:07 +0000] "GET /static/css/materialize.min.css HTTP/1.1" 304 - "http://localhost:8000/" "Mozilla/5.0 (Windows NT 10.0; Win64; x64) AppleWebKit/537.36 (KHTML, like Gecko) Chrome/90.0.4430.85 Safari/537.36"
::1 - - [26/Apr/2021:09:05:07 +0000] "GET /static/css/tabulator_materialize.min.css HTTP/1.1" 304 - "http://localhost:8000/" "Mozilla/5.0 (Windows NT 10.0; Win64; x64) AppleWebKit/537.36 (KHTML, like Gecko) Chrome/90.0.4430.85 Safari/537.36"
::1 - - [26/Apr/2021:09:05:07 +0000] "GET /static/css/style.css HTTP/1.1" 304 - "http://localhost:8000/" "Mozilla/5.0 (Windows NT 10.0; Win64; x64) AppleWebKit/537.36 (KHTML, like Gecko) Chrome/90.0.4430.85 Safari/537.36"
::1 - - [26/Apr/2021:09:05:07 +0000] "GET /static/js/materialize.min.js HTTP/1.1" 304 - "http://localhost:8000/" "Mozilla/5.0 (Windows NT 10.0; Win64; x64) AppleWebKit/537.36 (KHTML, like Gecko) Chrome/90.0.4430.85 Safari/537.36"
::1 - - [26/Apr/2021:09:05:07 +0000] "GET /static/js/moment.min.js HTTP/1.1" 304 - "http://localhost:8000/" "Mozilla/5.0 (Windows NT 10.0; Win64; x64) AppleWebKit/537.36 (KHTML, like Gecko) Chrome/90.0.4430.85 Safari/537.36"
::1 - - [26/Apr/2021:09:05:07 +0000] "GET /static/js/chart.min.js HTTP/1.1" 304 - "http://localhost:8000/" "Mozilla/5.0 (Windows NT 10.0; Win64; x64) AppleWebKit/537.36 (KHTML, like Gecko) Chrome/90.0.4430.85 Safari/537.36"
::1 - - [26/Apr/2021:09:05:07 +0000] "GET /static/js/hammer.min.js HTTP/1.1" 304 - "http://localhost:8000/" "Mozilla/5.0 (Windows NT 10.0; Win64; x64) AppleWebKit/537.36 (KHTML, like Gecko) Chrome/90.0.4430.85 Safari/537.36"
::1 - - [26/Apr/2021:09:05:07 +0000] "GET /static/js/script.js HTTP/1.1" 200 125220 "http://localhost:8000/" "Mozilla/5.0 (Windows NT 10.0; Win64; x64) AppleWebKit/537.36 (KHTML, like Gecko) Chrome/90.0.4430.85 Safari/537.36"
::1 - - [26/Apr/2021:09:05:07 +0000] "GET /static/js/chartjs-plugin-zoom.min.js HTTP/1.1" 304 - "http://localhost:8000/" "Mozilla/5.0 (Windows NT 10.0; Win64; x64) AppleWebKit/537.36 (KHTML, like Gecko) Chrome/90.0.4430.85 Safari/537.36"
::1 - - [26/Apr/2021:09:05:07 +0000] "GET /static/js/tabulator.min.js HTTP/1.1" 304 - "http://localhost:8000/" "Mozilla/5.0 (Windows NT 10.0; Win64; x64) AppleWebKit/537.36 (KHTML, like Gecko) Chrome/90.0.4430.85 Safari/537.36"
::1 - - [26/Apr/2021:09:05:07 +0000] "GET /static/js/md5.min.js HTTP/1.1" 304 - "http://localhost:8000/" "Mozilla/5.0 (Windows NT 10.0; Win64; x64) AppleWebKit/537.36 (KHTML, like Gecko) Chrome/90.0.4430.85 Safari/537.36"
::1 - - [26/Apr/2021:09:05:07 +0000] "GET /static/js/StreamSaver.js HTTP/1.1" 304 - "http://localhost:8000/" "Mozilla/5.0 (Windows NT 10.0; Win64; x64) AppleWebKit/537.36 (KHTML, like Gecko) Chrome/90.0.4430.85 Safari/537.36"
::1 - - [26/Apr/2021:09:05:07 +0000] "GET /static/js/Image-PDF-Viewer-EZView/EZView.js HTTP/1.1" 304 - "http://localhost:8000/" "Mozilla/5.0 (Windows NT 10.0; Win64; x64) AppleWebKit/537.36 (KHTML, like Gecko) Chrome/90.0.4430.85 Safari/537.36"
::1 - - [26/Apr/2021:09:05:08 +0000] "GET /static/js/Image-PDF-Viewer-EZView/draggable.js HTTP/1.1" 304 - "http://localhost:8000/" "Mozilla/5.0 (Windows NT 10.0; Win64; x64) AppleWebKit/537.36 (KHTML, like Gecko) Chrome/90.0.4430.85 Safari/537.36"
::1 - - [26/Apr/2021:09:05:08 +0000] "GET /static/img/logo.png HTTP/1.1" 304 - "http://localhost:8000/" "Mozilla/5.0 (Windows NT 10.0; Win64; x64) AppleWebKit/537.36 (KHTML, like Gecko) Chrome/90.0.4430.85 Safari/537.36"
::1 - - [26/Apr/2021:09:05:08 +0000] "GET /static/img/botAvatar.png HTTP/1.1" 304 - "http://localhost:8000/" "Mozilla/5.0 (Windows NT 10.0; Win64; x64) AppleWebKit/537.36 (KHTML, like Gecko) Chrome/90.0.4430.85 Safari/537.36"
::1 - - [26/Apr/2021:09:05:08 +0000] "GET /static/css/style.css HTTP/1.1" 304 - "http://localhost:8000/static/css/style.css" "Mozilla/5.0 (Windows NT 10.0; Win64; x64) AppleWebKit/537.36 (KHTML, like Gecko) Chrome/90.0.4430.85 Safari/537.36"
::ffff:127.0.0.1 - - [26/Apr/2021:09:05:12 +0000] "POST /api/v1/user/verifyUser HTTP/1.1" 200 1662 "-" "axios/0.21.1"
::1 - - [26/Apr/2021:09:05:12 +0000] "GET /static/img/sara_avatar.png HTTP/1.1" 304 - "http://localhost:8000/" "Mozilla/5.0 (Windows NT 10.0; Win64; x64) AppleWebKit/537.36 (KHTML, like Gecko) Chrome/90.0.4430.85 Safari/537.36"
::ffff:127.0.0.1 - - [26/Apr/2021:09:05:12 +0000] "POST /user/bot/webhook HTTP/1.1" 200 184 "http://localhost:8000/" "Mozilla/5.0 (Windows NT 10.0; Win64; x64) AppleWebKit/537.36 (KHTML, like Gecko) Chrome/90.0.4430.85 Safari/537.36"
::1 - - [26/Apr/2021:09:05:12 +0000] "GET /static/css/tabulator_materialize.min.css.map HTTP/1.1" 404 101 "-" "Mozilla/5.0 (Windows NT 10.0; Win64; x64) AppleWebKit/537.36 (KHTML, like Gecko) Chrome/90.0.4430.85 Safari/537.36"
::1 - - [26/Apr/2021:09:05:12 +0000] "GET /static/js/hammer.min.js.map HTTP/1.1" 404 84 "-" "Mozilla/5.0 (Windows NT 10.0; Win64; x64) AppleWebKit/537.36 (KHTML, like Gecko) Chrome/90.0.4430.85 Safari/537.36"
::ffff:127.0.0.1 - - [26/Apr/2021:09:05:12 +0000] "GET /static/js/md5.min.js.map HTTP/1.1" 404 81 "-" "Mozilla/5.0 (Windows NT 10.0; Win64; x64) AppleWebKit/537.36 (KHTML, like Gecko) Chrome/90.0.4430.85 Safari/537.36"
::ffff:127.0.0.1 - - [26/Apr/2021:09:05:14 +0000] "POST /api/v1/user/verifyUser HTTP/1.1" 200 1662 "-" "axios/0.21.1"
::1 - - [26/Apr/2021:09:05:14 +0000] "GET /static/img/userAvatar.jpg HTTP/1.1" 304 - "http://localhost:8000/" "Mozilla/5.0 (Windows NT 10.0; Win64; x64) AppleWebKit/537.36 (KHTML, like Gecko) Chrome/90.0.4430.85 Safari/537.36"
::1 - - [26/Apr/2021:09:05:15 +0000] "POST /user/bot/webhook HTTP/1.1" 200 284 "http://localhost:8000/" "Mozilla/5.0 (Windows NT 10.0; Win64; x64) AppleWebKit/537.36 (KHTML, like Gecko) Chrome/90.0.4430.85 Safari/537.36"
::ffff:127.0.0.1 - - [26/Apr/2021:09:05:17 +0000] "POST /api/v1/user/verifyUser HTTP/1.1" 200 1662 "-" "axios/0.21.1"
::ffff:127.0.0.1 - - [26/Apr/2021:09:05:17 +0000] "POST /api/v1/expense/create_expense_form HTTP/1.1" 200 877 "-" "axios/0.21.1"
::1 - - [26/Apr/2021:09:05:17 +0000] "POST /user/bot/webhook HTTP/1.1" 200 1169 "http://localhost:8000/" "Mozilla/5.0 (Windows NT 10.0; Win64; x64) AppleWebKit/537.36 (KHTML, like Gecko) Chrome/90.0.4430.85 Safari/537.36"
::1 - - [26/Apr/2021:09:07:52 +0000] "GET / HTTP/1.1" 304 - "-" "Mozilla/5.0 (Windows NT 10.0; Win64; x64) AppleWebKit/537.36 (KHTML, like Gecko) Chrome/90.0.4430.85 Safari/537.36"
::1 - - [26/Apr/2021:09:07:52 +0000] "GET /static/css/materialize.min.css HTTP/1.1" 304 - "http://localhost:8000/" "Mozilla/5.0 (Windows NT 10.0; Win64; x64) AppleWebKit/537.36 (KHTML, like Gecko) Chrome/90.0.4430.85 Safari/537.36"
::1 - - [26/Apr/2021:09:07:52 +0000] "GET /static/css/tabulator_materialize.min.css HTTP/1.1" 304 - "http://localhost:8000/" "Mozilla/5.0 (Windows NT 10.0; Win64; x64) AppleWebKit/537.36 (KHTML, like Gecko) Chrome/90.0.4430.85 Safari/537.36"
::1 - - [26/Apr/2021:09:07:52 +0000] "GET /static/css/style.css HTTP/1.1" 304 - "http://localhost:8000/" "Mozilla/5.0 (Windows NT 10.0; Win64; x64) AppleWebKit/537.36 (KHTML, like Gecko) Chrome/90.0.4430.85 Safari/537.36"
::1 - - [26/Apr/2021:09:07:53 +0000] "GET /static/js/materialize.min.js HTTP/1.1" 304 - "http://localhost:8000/" "Mozilla/5.0 (Windows NT 10.0; Win64; x64) AppleWebKit/537.36 (KHTML, like Gecko) Chrome/90.0.4430.85 Safari/537.36"
::1 - - [26/Apr/2021:09:07:53 +0000] "GET /static/js/script.js HTTP/1.1" 304 - "http://localhost:8000/" "Mozilla/5.0 (Windows NT 10.0; Win64; x64) AppleWebKit/537.36 (KHTML, like Gecko) Chrome/90.0.4430.85 Safari/537.36"
::1 - - [26/Apr/2021:09:07:53 +0000] "GET /static/js/moment.min.js HTTP/1.1" 304 - "http://localhost:8000/" "Mozilla/5.0 (Windows NT 10.0; Win64; x64) AppleWebKit/537.36 (KHTML, like Gecko) Chrome/90.0.4430.85 Safari/537.36"
::1 - - [26/Apr/2021:09:07:53 +0000] "GET /static/js/chart.min.js HTTP/1.1" 304 - "http://localhost:8000/" "Mozilla/5.0 (Windows NT 10.0; Win64; x64) AppleWebKit/537.36 (KHTML, like Gecko) Chrome/90.0.4430.85 Safari/537.36"
::1 - - [26/Apr/2021:09:07:53 +0000] "GET /static/js/hammer.min.js HTTP/1.1" 304 - "http://localhost:8000/" "Mozilla/5.0 (Windows NT 10.0; Win64; x64) AppleWebKit/537.36 (KHTML, like Gecko) Chrome/90.0.4430.85 Safari/537.36"
::1 - - [26/Apr/2021:09:07:53 +0000] "GET /static/js/chartjs-plugin-zoom.min.js HTTP/1.1" 304 - "http://localhost:8000/" "Mozilla/5.0 (Windows NT 10.0; Win64; x64) AppleWebKit/537.36 (KHTML, like Gecko) Chrome/90.0.4430.85 Safari/537.36"
::1 - - [26/Apr/2021:09:07:53 +0000] "GET /static/js/tabulator.min.js HTTP/1.1" 304 - "http://localhost:8000/" "Mozilla/5.0 (Windows NT 10.0; Win64; x64) AppleWebKit/537.36 (KHTML, like Gecko) Chrome/90.0.4430.85 Safari/537.36"
::1 - - [26/Apr/2021:09:07:53 +0000] "GET /static/js/md5.min.js HTTP/1.1" 304 - "http://localhost:8000/" "Mozilla/5.0 (Windows NT 10.0; Win64; x64) AppleWebKit/537.36 (KHTML, like Gecko) Chrome/90.0.4430.85 Safari/537.36"
::1 - - [26/Apr/2021:09:07:53 +0000] "GET /static/js/StreamSaver.js HTTP/1.1" 304 - "http://localhost:8000/" "Mozilla/5.0 (Windows NT 10.0; Win64; x64) AppleWebKit/537.36 (KHTML, like Gecko) Chrome/90.0.4430.85 Safari/537.36"
::1 - - [26/Apr/2021:09:07:53 +0000] "GET /static/js/Image-PDF-Viewer-EZView/EZView.js HTTP/1.1" 304 - "http://localhost:8000/" "Mozilla/5.0 (Windows NT 10.0; Win64; x64) AppleWebKit/537.36 (KHTML, like Gecko) Chrome/90.0.4430.85 Safari/537.36"
::1 - - [26/Apr/2021:09:07:53 +0000] "GET /static/js/Image-PDF-Viewer-EZView/draggable.js HTTP/1.1" 304 - "http://localhost:8000/" "Mozilla/5.0 (Windows NT 10.0; Win64; x64) AppleWebKit/537.36 (KHTML, like Gecko) Chrome/90.0.4430.85 Safari/537.36"
::1 - - [26/Apr/2021:09:07:53 +0000] "GET /static/img/logo.png HTTP/1.1" 304 - "http://localhost:8000/" "Mozilla/5.0 (Windows NT 10.0; Win64; x64) AppleWebKit/537.36 (KHTML, like Gecko) Chrome/90.0.4430.85 Safari/537.36"
::1 - - [26/Apr/2021:09:07:53 +0000] "GET /static/img/botAvatar.png HTTP/1.1" 304 - "http://localhost:8000/" "Mozilla/5.0 (Windows NT 10.0; Win64; x64) AppleWebKit/537.36 (KHTML, like Gecko) Chrome/90.0.4430.85 Safari/537.36"
::1 - - [26/Apr/2021:09:07:53 +0000] "GET /static/css/style.css HTTP/1.1" 304 - "http://localhost:8000/static/css/style.css" "Mozilla/5.0 (Windows NT 10.0; Win64; x64) AppleWebKit/537.36 (KHTML, like Gecko) Chrome/90.0.4430.85 Safari/537.36"
::1 - - [26/Apr/2021:09:07:54 +0000] "GET /static/css/tabulator_materialize.min.css.map HTTP/1.1" 404 101 "-" "Mozilla/5.0 (Windows NT 10.0; Win64; x64) AppleWebKit/537.36 (KHTML, like Gecko) Chrome/90.0.4430.85 Safari/537.36"
::1 - - [26/Apr/2021:09:07:54 +0000] "GET /static/js/hammer.min.js.map HTTP/1.1" 404 84 "-" "Mozilla/5.0 (Windows NT 10.0; Win64; x64) AppleWebKit/537.36 (KHTML, like Gecko) Chrome/90.0.4430.85 Safari/537.36"
::1 - - [26/Apr/2021:09:07:54 +0000] "GET /static/js/md5.min.js.map HTTP/1.1" 404 81 "-" "Mozilla/5.0 (Windows NT 10.0; Win64; x64) AppleWebKit/537.36 (KHTML, like Gecko) Chrome/90.0.4430.85 Safari/537.36"
::1 - - [26/Apr/2021:09:07:54 +0000] "GET /static/img/sara_avatar.png HTTP/1.1" 304 - "http://localhost:8000/" "Mozilla/5.0 (Windows NT 10.0; Win64; x64) AppleWebKit/537.36 (KHTML, like Gecko) Chrome/90.0.4430.85 Safari/537.36"
::ffff:127.0.0.1 - - [26/Apr/2021:09:07:54 +0000] "POST /api/v1/user/verifyUser HTTP/1.1" 200 1662 "-" "axios/0.21.1"
::1 - - [26/Apr/2021:09:07:55 +0000] "POST /user/bot/webhook HTTP/1.1" 200 184 "http://localhost:8000/" "Mozilla/5.0 (Windows NT 10.0; Win64; x64) AppleWebKit/537.36 (KHTML, like Gecko) Chrome/90.0.4430.85 Safari/537.36"
::ffff:127.0.0.1 - - [26/Apr/2021:09:07:58 +0000] "POST /api/v1/user/verifyUser HTTP/1.1" 200 1662 "-" "axios/0.21.1"
::1 - - [26/Apr/2021:09:07:58 +0000] "GET /static/img/userAvatar.jpg HTTP/1.1" 304 - "http://localhost:8000/" "Mozilla/5.0 (Windows NT 10.0; Win64; x64) AppleWebKit/537.36 (KHTML, like Gecko) Chrome/90.0.4430.85 Safari/537.36"
::1 - - [26/Apr/2021:09:07:58 +0000] "POST /user/bot/webhook HTTP/1.1" 200 284 "http://localhost:8000/" "Mozilla/5.0 (Windows NT 10.0; Win64; x64) AppleWebKit/537.36 (KHTML, like Gecko) Chrome/90.0.4430.85 Safari/537.36"
::ffff:127.0.0.1 - - [26/Apr/2021:09:08:01 +0000] "POST /api/v1/user/verifyUser HTTP/1.1" 200 1662 "-" "axios/0.21.1"
::ffff:127.0.0.1 - - [26/Apr/2021:09:08:01 +0000] "POST /api/v1/expense/create_expense_form HTTP/1.1" 200 877 "-" "axios/0.21.1"
::1 - - [26/Apr/2021:09:08:01 +0000] "POST /user/bot/webhook HTTP/1.1" 200 1169 "http://localhost:8000/" "Mozilla/5.0 (Windows NT 10.0; Win64; x64) AppleWebKit/537.36 (KHTML, like Gecko) Chrome/90.0.4430.85 Safari/537.36"
::1 - - [26/Apr/2021:09:10:41 +0000] "GET / HTTP/1.1" 304 - "-" "Mozilla/5.0 (Windows NT 10.0; Win64; x64) AppleWebKit/537.36 (KHTML, like Gecko) Chrome/90.0.4430.85 Safari/537.36"
::1 - - [26/Apr/2021:09:10:42 +0000] "GET /static/css/materialize.min.css HTTP/1.1" 304 - "http://localhost:8000/" "Mozilla/5.0 (Windows NT 10.0; Win64; x64) AppleWebKit/537.36 (KHTML, like Gecko) Chrome/90.0.4430.85 Safari/537.36"
::1 - - [26/Apr/2021:09:10:42 +0000] "GET /static/css/tabulator_materialize.min.css HTTP/1.1" 304 - "http://localhost:8000/" "Mozilla/5.0 (Windows NT 10.0; Win64; x64) AppleWebKit/537.36 (KHTML, like Gecko) Chrome/90.0.4430.85 Safari/537.36"
::1 - - [26/Apr/2021:09:10:42 +0000] "GET /static/css/style.css HTTP/1.1" 200 46463 "http://localhost:8000/" "Mozilla/5.0 (Windows NT 10.0; Win64; x64) AppleWebKit/537.36 (KHTML, like Gecko) Chrome/90.0.4430.85 Safari/537.36"
::1 - - [26/Apr/2021:09:10:42 +0000] "GET /static/js/materialize.min.js HTTP/1.1" 304 - "http://localhost:8000/" "Mozilla/5.0 (Windows NT 10.0; Win64; x64) AppleWebKit/537.36 (KHTML, like Gecko) Chrome/90.0.4430.85 Safari/537.36"
::1 - - [26/Apr/2021:09:10:42 +0000] "GET /static/js/script.js HTTP/1.1" 200 125232 "http://localhost:8000/" "Mozilla/5.0 (Windows NT 10.0; Win64; x64) AppleWebKit/537.36 (KHTML, like Gecko) Chrome/90.0.4430.85 Safari/537.36"
::1 - - [26/Apr/2021:09:10:42 +0000] "GET /static/js/moment.min.js HTTP/1.1" 304 - "http://localhost:8000/" "Mozilla/5.0 (Windows NT 10.0; Win64; x64) AppleWebKit/537.36 (KHTML, like Gecko) Chrome/90.0.4430.85 Safari/537.36"
::1 - - [26/Apr/2021:09:10:42 +0000] "GET /static/js/chart.min.js HTTP/1.1" 304 - "http://localhost:8000/" "Mozilla/5.0 (Windows NT 10.0; Win64; x64) AppleWebKit/537.36 (KHTML, like Gecko) Chrome/90.0.4430.85 Safari/537.36"
::1 - - [26/Apr/2021:09:10:42 +0000] "GET /static/js/hammer.min.js HTTP/1.1" 304 - "http://localhost:8000/" "Mozilla/5.0 (Windows NT 10.0; Win64; x64) AppleWebKit/537.36 (KHTML, like Gecko) Chrome/90.0.4430.85 Safari/537.36"
::1 - - [26/Apr/2021:09:10:42 +0000] "GET /static/js/chartjs-plugin-zoom.min.js HTTP/1.1" 304 - "http://localhost:8000/" "Mozilla/5.0 (Windows NT 10.0; Win64; x64) AppleWebKit/537.36 (KHTML, like Gecko) Chrome/90.0.4430.85 Safari/537.36"
::1 - - [26/Apr/2021:09:10:42 +0000] "GET /static/js/tabulator.min.js HTTP/1.1" 304 - "http://localhost:8000/" "Mozilla/5.0 (Windows NT 10.0; Win64; x64) AppleWebKit/537.36 (KHTML, like Gecko) Chrome/90.0.4430.85 Safari/537.36"
::1 - - [26/Apr/2021:09:10:42 +0000] "GET /static/js/md5.min.js HTTP/1.1" 304 - "http://localhost:8000/" "Mozilla/5.0 (Windows NT 10.0; Win64; x64) AppleWebKit/537.36 (KHTML, like Gecko) Chrome/90.0.4430.85 Safari/537.36"
::1 - - [26/Apr/2021:09:10:42 +0000] "GET /static/js/StreamSaver.js HTTP/1.1" 304 - "http://localhost:8000/" "Mozilla/5.0 (Windows NT 10.0; Win64; x64) AppleWebKit/537.36 (KHTML, like Gecko) Chrome/90.0.4430.85 Safari/537.36"
::1 - - [26/Apr/2021:09:10:43 +0000] "GET /static/img/botAvatar.png HTTP/1.1" 304 - "http://localhost:8000/" "Mozilla/5.0 (Windows NT 10.0; Win64; x64) AppleWebKit/537.36 (KHTML, like Gecko) Chrome/90.0.4430.85 Safari/537.36"
::1 - - [26/Apr/2021:09:10:43 +0000] "GET /static/img/logo.png HTTP/1.1" 304 - "http://localhost:8000/" "Mozilla/5.0 (Windows NT 10.0; Win64; x64) AppleWebKit/537.36 (KHTML, like Gecko) Chrome/90.0.4430.85 Safari/537.36"
::1 - - [26/Apr/2021:09:10:43 +0000] "GET /static/js/Image-PDF-Viewer-EZView/EZView.js HTTP/1.1" 304 - "http://localhost:8000/" "Mozilla/5.0 (Windows NT 10.0; Win64; x64) AppleWebKit/537.36 (KHTML, like Gecko) Chrome/90.0.4430.85 Safari/537.36"
::1 - - [26/Apr/2021:09:10:43 +0000] "GET /static/js/Image-PDF-Viewer-EZView/draggable.js HTTP/1.1" 304 - "http://localhost:8000/" "Mozilla/5.0 (Windows NT 10.0; Win64; x64) AppleWebKit/537.36 (KHTML, like Gecko) Chrome/90.0.4430.85 Safari/537.36"
::1 - - [26/Apr/2021:09:10:43 +0000] "GET /static/css/tabulator_materialize.min.css.map HTTP/1.1" 404 101 "-" "Mozilla/5.0 (Windows NT 10.0; Win64; x64) AppleWebKit/537.36 (KHTML, like Gecko) Chrome/90.0.4430.85 Safari/537.36"
::1 - - [26/Apr/2021:09:10:43 +0000] "GET /static/css/style.css HTTP/1.1" 304 - "http://localhost:8000/static/css/style.css" "Mozilla/5.0 (Windows NT 10.0; Win64; x64) AppleWebKit/537.36 (KHTML, like Gecko) Chrome/90.0.4430.85 Safari/537.36"
::1 - - [26/Apr/2021:09:10:44 +0000] "GET /static/js/hammer.min.js.map HTTP/1.1" 404 84 "-" "Mozilla/5.0 (Windows NT 10.0; Win64; x64) AppleWebKit/537.36 (KHTML, like Gecko) Chrome/90.0.4430.85 Safari/537.36"
::1 - - [26/Apr/2021:09:10:44 +0000] "GET /static/js/md5.min.js.map HTTP/1.1" 404 81 "-" "Mozilla/5.0 (Windows NT 10.0; Win64; x64) AppleWebKit/537.36 (KHTML, like Gecko) Chrome/90.0.4430.85 Safari/537.36"
::1 - - [26/Apr/2021:09:10:44 +0000] "GET /static/img/sara_avatar.png HTTP/1.1" 304 - "http://localhost:8000/" "Mozilla/5.0 (Windows NT 10.0; Win64; x64) AppleWebKit/537.36 (KHTML, like Gecko) Chrome/90.0.4430.85 Safari/537.36"
::ffff:127.0.0.1 - - [26/Apr/2021:09:10:44 +0000] "POST /api/v1/user/verifyUser HTTP/1.1" 200 1662 "-" "axios/0.21.1"
::1 - - [26/Apr/2021:09:10:45 +0000] "POST /user/bot/webhook HTTP/1.1" 200 184 "http://localhost:8000/" "Mozilla/5.0 (Windows NT 10.0; Win64; x64) AppleWebKit/537.36 (KHTML, like Gecko) Chrome/90.0.4430.85 Safari/537.36"
::ffff:127.0.0.1 - - [26/Apr/2021:09:10:47 +0000] "POST /api/v1/user/verifyUser HTTP/1.1" 200 1662 "-" "axios/0.21.1"
::1 - - [26/Apr/2021:09:10:47 +0000] "POST /user/bot/webhook HTTP/1.1" 200 284 "http://localhost:8000/" "Mozilla/5.0 (Windows NT 10.0; Win64; x64) AppleWebKit/537.36 (KHTML, like Gecko) Chrome/90.0.4430.85 Safari/537.36"
::1 - - [26/Apr/2021:09:10:47 +0000] "GET /static/img/userAvatar.jpg HTTP/1.1" 304 - "http://localhost:8000/" "Mozilla/5.0 (Windows NT 10.0; Win64; x64) AppleWebKit/537.36 (KHTML, like Gecko) Chrome/90.0.4430.85 Safari/537.36"
::ffff:127.0.0.1 - - [26/Apr/2021:09:10:49 +0000] "POST /api/v1/user/verifyUser HTTP/1.1" 200 1662 "-" "axios/0.21.1"
::ffff:127.0.0.1 - - [26/Apr/2021:09:10:49 +0000] "POST /api/v1/expense/create_expense_form HTTP/1.1" 200 877 "-" "axios/0.21.1"
::1 - - [26/Apr/2021:09:10:49 +0000] "POST /user/bot/webhook HTTP/1.1" 200 1169 "http://localhost:8000/" "Mozilla/5.0 (Windows NT 10.0; Win64; x64) AppleWebKit/537.36 (KHTML, like Gecko) Chrome/90.0.4430.85 Safari/537.36"
::1 - - [26/Apr/2021:09:11:21 +0000] "GET / HTTP/1.1" 304 - "-" "Mozilla/5.0 (Windows NT 10.0; Win64; x64) AppleWebKit/537.36 (KHTML, like Gecko) Chrome/90.0.4430.85 Safari/537.36"
::1 - - [26/Apr/2021:09:11:21 +0000] "GET /static/css/materialize.min.css HTTP/1.1" 304 - "http://localhost:8000/" "Mozilla/5.0 (Windows NT 10.0; Win64; x64) AppleWebKit/537.36 (KHTML, like Gecko) Chrome/90.0.4430.85 Safari/537.36"
::1 - - [26/Apr/2021:09:11:21 +0000] "GET /static/css/tabulator_materialize.min.css HTTP/1.1" 304 - "http://localhost:8000/" "Mozilla/5.0 (Windows NT 10.0; Win64; x64) AppleWebKit/537.36 (KHTML, like Gecko) Chrome/90.0.4430.85 Safari/537.36"
::1 - - [26/Apr/2021:09:11:21 +0000] "GET /static/css/style.css HTTP/1.1" 200 46463 "http://localhost:8000/" "Mozilla/5.0 (Windows NT 10.0; Win64; x64) AppleWebKit/537.36 (KHTML, like Gecko) Chrome/90.0.4430.85 Safari/537.36"
::1 - - [26/Apr/2021:09:11:21 +0000] "GET /static/js/materialize.min.js HTTP/1.1" 304 - "http://localhost:8000/" "Mozilla/5.0 (Windows NT 10.0; Win64; x64) AppleWebKit/537.36 (KHTML, like Gecko) Chrome/90.0.4430.85 Safari/537.36"
::1 - - [26/Apr/2021:09:11:21 +0000] "GET /static/js/script.js HTTP/1.1" 304 - "http://localhost:8000/" "Mozilla/5.0 (Windows NT 10.0; Win64; x64) AppleWebKit/537.36 (KHTML, like Gecko) Chrome/90.0.4430.85 Safari/537.36"
::1 - - [26/Apr/2021:09:11:21 +0000] "GET /static/js/moment.min.js HTTP/1.1" 304 - "http://localhost:8000/" "Mozilla/5.0 (Windows NT 10.0; Win64; x64) AppleWebKit/537.36 (KHTML, like Gecko) Chrome/90.0.4430.85 Safari/537.36"
::1 - - [26/Apr/2021:09:11:21 +0000] "GET /static/js/chart.min.js HTTP/1.1" 304 - "http://localhost:8000/" "Mozilla/5.0 (Windows NT 10.0; Win64; x64) AppleWebKit/537.36 (KHTML, like Gecko) Chrome/90.0.4430.85 Safari/537.36"
::1 - - [26/Apr/2021:09:11:21 +0000] "GET /static/js/hammer.min.js HTTP/1.1" 304 - "http://localhost:8000/" "Mozilla/5.0 (Windows NT 10.0; Win64; x64) AppleWebKit/537.36 (KHTML, like Gecko) Chrome/90.0.4430.85 Safari/537.36"
::1 - - [26/Apr/2021:09:11:22 +0000] "GET /static/js/chartjs-plugin-zoom.min.js HTTP/1.1" 304 - "http://localhost:8000/" "Mozilla/5.0 (Windows NT 10.0; Win64; x64) AppleWebKit/537.36 (KHTML, like Gecko) Chrome/90.0.4430.85 Safari/537.36"
::1 - - [26/Apr/2021:09:11:22 +0000] "GET /static/js/tabulator.min.js HTTP/1.1" 304 - "http://localhost:8000/" "Mozilla/5.0 (Windows NT 10.0; Win64; x64) AppleWebKit/537.36 (KHTML, like Gecko) Chrome/90.0.4430.85 Safari/537.36"
::1 - - [26/Apr/2021:09:11:22 +0000] "GET /static/js/md5.min.js HTTP/1.1" 304 - "http://localhost:8000/" "Mozilla/5.0 (Windows NT 10.0; Win64; x64) AppleWebKit/537.36 (KHTML, like Gecko) Chrome/90.0.4430.85 Safari/537.36"
::1 - - [26/Apr/2021:09:11:22 +0000] "GET /static/js/StreamSaver.js HTTP/1.1" 304 - "http://localhost:8000/" "Mozilla/5.0 (Windows NT 10.0; Win64; x64) AppleWebKit/537.36 (KHTML, like Gecko) Chrome/90.0.4430.85 Safari/537.36"
::1 - - [26/Apr/2021:09:11:22 +0000] "GET /static/js/Image-PDF-Viewer-EZView/EZView.js HTTP/1.1" 304 - "http://localhost:8000/" "Mozilla/5.0 (Windows NT 10.0; Win64; x64) AppleWebKit/537.36 (KHTML, like Gecko) Chrome/90.0.4430.85 Safari/537.36"
::1 - - [26/Apr/2021:09:11:22 +0000] "GET /static/img/logo.png HTTP/1.1" 304 - "http://localhost:8000/" "Mozilla/5.0 (Windows NT 10.0; Win64; x64) AppleWebKit/537.36 (KHTML, like Gecko) Chrome/90.0.4430.85 Safari/537.36"
::1 - - [26/Apr/2021:09:11:22 +0000] "GET /static/img/botAvatar.png HTTP/1.1" 304 - "http://localhost:8000/" "Mozilla/5.0 (Windows NT 10.0; Win64; x64) AppleWebKit/537.36 (KHTML, like Gecko) Chrome/90.0.4430.85 Safari/537.36"
::1 - - [26/Apr/2021:09:11:22 +0000] "GET /static/js/Image-PDF-Viewer-EZView/draggable.js HTTP/1.1" 304 - "http://localhost:8000/" "Mozilla/5.0 (Windows NT 10.0; Win64; x64) AppleWebKit/537.36 (KHTML, like Gecko) Chrome/90.0.4430.85 Safari/537.36"
::1 - - [26/Apr/2021:09:11:22 +0000] "GET /static/css/style.css HTTP/1.1" 304 - "http://localhost:8000/static/css/style.css" "Mozilla/5.0 (Windows NT 10.0; Win64; x64) AppleWebKit/537.36 (KHTML, like Gecko) Chrome/90.0.4430.85 Safari/537.36"
