::1 - - [29/Dec/2020:18:37:40 +0000] "GET /static/js/hammer.min.js HTTP/1.1" 304 - "http://localhost:8000/" "Mozilla/5.0 (Linux; Android 6.0; Nexus 5 Build/MRA58N) AppleWebKit/537.36 (KHTML, like Gecko) Chrome/87.0.4280.88 Mobile Safari/537.36 Edg/87.0.664.66"
::1 - - [29/Dec/2020:18:37:40 +0000] "GET /static/js/chartjs-plugin-zoom.min.js HTTP/1.1" 304 - "http://localhost:8000/" "Mozilla/5.0 (Linux; Android 6.0; Nexus 5 Build/MRA58N) AppleWebKit/537.36 (KHTML, like Gecko) Chrome/87.0.4280.88 Mobile Safari/537.36 Edg/87.0.664.66"
::1 - - [29/Dec/2020:18:37:40 +0000] "GET /static/js/tabulator.min.js HTTP/1.1" 304 - "http://localhost:8000/" "Mozilla/5.0 (Linux; Android 6.0; Nexus 5 Build/MRA58N) AppleWebKit/537.36 (KHTML, like Gecko) Chrome/87.0.4280.88 Mobile Safari/537.36 Edg/87.0.664.66"
::1 - - [29/Dec/2020:18:37:40 +0000] "GET /static/js/md5.min.js HTTP/1.1" 304 - "http://localhost:8000/" "Mozilla/5.0 (Linux; Android 6.0; Nexus 5 Build/MRA58N) AppleWebKit/537.36 (KHTML, like Gecko) Chrome/87.0.4280.88 Mobile Safari/537.36 Edg/87.0.664.66"
::1 - - [29/Dec/2020:18:37:40 +0000] "GET /static/img/logo.png HTTP/1.1" 304 - "http://localhost:8000/" "Mozilla/5.0 (Linux; Android 6.0; Nexus 5 Build/MRA58N) AppleWebKit/537.36 (KHTML, like Gecko) Chrome/87.0.4280.88 Mobile Safari/537.36 Edg/87.0.664.66"
::1 - - [29/Dec/2020:18:37:40 +0000] "GET /static/img/botAvatar.png HTTP/1.1" 304 - "http://localhost:8000/" "Mozilla/5.0 (Linux; Android 6.0; Nexus 5 Build/MRA58N) AppleWebKit/537.36 (KHTML, like Gecko) Chrome/87.0.4280.88 Mobile Safari/537.36 Edg/87.0.664.66"
::1 - - [29/Dec/2020:18:37:41 +0000] "GET /static/css/style.css HTTP/1.1" 304 - "http://localhost:8000/static/css/style.css" "Mozilla/5.0 (Linux; Android 6.0; Nexus 5 Build/MRA58N) AppleWebKit/537.36 (KHTML, like Gecko) Chrome/87.0.4280.88 Mobile Safari/537.36 Edg/87.0.664.66"
::1 - - [29/Dec/2020:18:37:42 +0000] "GET /static/css/tabulator_materialize.min.css.map HTTP/1.1" 404 101 "-" "Mozilla/5.0 (Windows NT 10.0; Win64; x64) AppleWebKit/537.36 (KHTML, like Gecko) Chrome/87.0.4280.88 Safari/537.36 Edg/87.0.664.66"
::ffff:127.0.0.1 - - [29/Dec/2020:18:37:43 +0000] "POST /api/v1/user/verifyUser HTTP/1.1" 200 91 "-" "axios/0.20.0"
::1 - - [29/Dec/2020:18:37:43 +0000] "GET /static/img/sara_avatar.png HTTP/1.1" 304 - "http://localhost:8000/" "Mozilla/5.0 (Linux; Android 6.0; Nexus 5 Build/MRA58N) AppleWebKit/537.36 (KHTML, like Gecko) Chrome/87.0.4280.88 Mobile Safari/537.36 Edg/87.0.664.66"
::1 - - [29/Dec/2020:18:37:44 +0000] "POST /user/bot/webhook HTTP/1.1" 200 233 "http://localhost:8000/" "Mozilla/5.0 (Linux; Android 6.0; Nexus 5 Build/MRA58N) AppleWebKit/537.36 (KHTML, like Gecko) Chrome/87.0.4280.88 Mobile Safari/537.36 Edg/87.0.664.66"
::1 - - [29/Dec/2020:18:37:44 +0000] "GET /static/js/hammer.min.js.map HTTP/1.1" 404 84 "-" "Mozilla/5.0 (Windows NT 10.0; Win64; x64) AppleWebKit/537.36 (KHTML, like Gecko) Chrome/87.0.4280.88 Safari/537.36 Edg/87.0.664.66"
::1 - - [29/Dec/2020:18:37:44 +0000] "GET /static/js/md5.min.js.map HTTP/1.1" 404 81 "-" "Mozilla/5.0 (Windows NT 10.0; Win64; x64) AppleWebKit/537.36 (KHTML, like Gecko) Chrome/87.0.4280.88 Safari/537.36 Edg/87.0.664.66"
::1 - - [29/Dec/2020:18:49:22 +0000] "GET / HTTP/1.1" 304 - "-" "Mozilla/5.0 (Windows NT 10.0; Win64; x64) AppleWebKit/537.36 (KHTML, like Gecko) Chrome/87.0.4280.88 Safari/537.36 Edg/87.0.664.66"
::1 - - [29/Dec/2020:18:49:26 +0000] "GET /static/css/materialize.min.css HTTP/1.1" 304 - "http://localhost:8000/" "Mozilla/5.0 (Windows NT 10.0; Win64; x64) AppleWebKit/537.36 (KHTML, like Gecko) Chrome/87.0.4280.88 Safari/537.36 Edg/87.0.664.66"
::1 - - [29/Dec/2020:18:49:26 +0000] "GET /static/css/tabulator_materialize.min.css HTTP/1.1" 304 - "http://localhost:8000/" "Mozilla/5.0 (Windows NT 10.0; Win64; x64) AppleWebKit/537.36 (KHTML, like Gecko) Chrome/87.0.4280.88 Safari/537.36 Edg/87.0.664.66"
::1 - - [29/Dec/2020:18:49:26 +0000] "GET /static/css/style.css HTTP/1.1" 304 - "http://localhost:8000/" "Mozilla/5.0 (Windows NT 10.0; Win64; x64) AppleWebKit/537.36 (KHTML, like Gecko) Chrome/87.0.4280.88 Safari/537.36 Edg/87.0.664.66"
::1 - - [29/Dec/2020:18:49:26 +0000] "GET /static/js/materialize.min.js HTTP/1.1" 304 - "http://localhost:8000/" "Mozilla/5.0 (Windows NT 10.0; Win64; x64) AppleWebKit/537.36 (KHTML, like Gecko) Chrome/87.0.4280.88 Safari/537.36 Edg/87.0.664.66"
::1 - - [29/Dec/2020:18:49:26 +0000] "GET /static/js/script.js HTTP/1.1" 304 - "http://localhost:8000/" "Mozilla/5.0 (Windows NT 10.0; Win64; x64) AppleWebKit/537.36 (KHTML, like Gecko) Chrome/87.0.4280.88 Safari/537.36 Edg/87.0.664.66"
::1 - - [29/Dec/2020:18:49:26 +0000] "GET /static/js/moment.min.js HTTP/1.1" 304 - "http://localhost:8000/" "Mozilla/5.0 (Windows NT 10.0; Win64; x64) AppleWebKit/537.36 (KHTML, like Gecko) Chrome/87.0.4280.88 Safari/537.36 Edg/87.0.664.66"
::1 - - [29/Dec/2020:18:49:29 +0000] "GET /static/js/chart.min.js HTTP/1.1" 304 - "http://localhost:8000/" "Mozilla/5.0 (Windows NT 10.0; Win64; x64) AppleWebKit/537.36 (KHTML, like Gecko) Chrome/87.0.4280.88 Safari/537.36 Edg/87.0.664.66"
::1 - - [29/Dec/2020:18:49:29 +0000] "GET /static/js/hammer.min.js HTTP/1.1" 304 - "http://localhost:8000/" "Mozilla/5.0 (Windows NT 10.0; Win64; x64) AppleWebKit/537.36 (KHTML, like Gecko) Chrome/87.0.4280.88 Safari/537.36 Edg/87.0.664.66"
::1 - - [29/Dec/2020:18:49:29 +0000] "GET /static/js/chartjs-plugin-zoom.min.js HTTP/1.1" 304 - "http://localhost:8000/" "Mozilla/5.0 (Windows NT 10.0; Win64; x64) AppleWebKit/537.36 (KHTML, like Gecko) Chrome/87.0.4280.88 Safari/537.36 Edg/87.0.664.66"
::1 - - [29/Dec/2020:18:49:29 +0000] "GET /static/js/tabulator.min.js HTTP/1.1" 304 - "http://localhost:8000/" "Mozilla/5.0 (Windows NT 10.0; Win64; x64) AppleWebKit/537.36 (KHTML, like Gecko) Chrome/87.0.4280.88 Safari/537.36 Edg/87.0.664.66"
::1 - - [29/Dec/2020:18:49:29 +0000] "GET /static/js/md5.min.js HTTP/1.1" 304 - "http://localhost:8000/" "Mozilla/5.0 (Windows NT 10.0; Win64; x64) AppleWebKit/537.36 (KHTML, like Gecko) Chrome/87.0.4280.88 Safari/537.36 Edg/87.0.664.66"
::1 - - [29/Dec/2020:18:49:29 +0000] "GET /static/img/logo.png HTTP/1.1" 304 - "http://localhost:8000/" "Mozilla/5.0 (Windows NT 10.0; Win64; x64) AppleWebKit/537.36 (KHTML, like Gecko) Chrome/87.0.4280.88 Safari/537.36 Edg/87.0.664.66"
::1 - - [29/Dec/2020:18:49:29 +0000] "GET /static/img/botAvatar.png HTTP/1.1" 304 - "http://localhost:8000/" "Mozilla/5.0 (Windows NT 10.0; Win64; x64) AppleWebKit/537.36 (KHTML, like Gecko) Chrome/87.0.4280.88 Safari/537.36 Edg/87.0.664.66"
::1 - - [29/Dec/2020:18:49:34 +0000] "GET /static/css/style.css HTTP/1.1" 304 - "http://localhost:8000/static/css/style.css" "Mozilla/5.0 (Windows NT 10.0; Win64; x64) AppleWebKit/537.36 (KHTML, like Gecko) Chrome/87.0.4280.88 Safari/537.36 Edg/87.0.664.66"
::ffff:127.0.0.1 - - [29/Dec/2020:18:49:42 +0000] "POST /api/v1/user/verifyUser HTTP/1.1" 200 91 "-" "axios/0.20.0"
::1 - - [29/Dec/2020:18:49:42 +0000] "POST /user/bot/webhook HTTP/1.1" 200 233 "http://localhost:8000/" "Mozilla/5.0 (Windows NT 10.0; Win64; x64) AppleWebKit/537.36 (KHTML, like Gecko) Chrome/87.0.4280.88 Safari/537.36 Edg/87.0.664.66"
::1 - - [29/Dec/2020:18:49:42 +0000] "GET /static/img/sara_avatar.png HTTP/1.1" 304 - "http://localhost:8000/" "Mozilla/5.0 (Windows NT 10.0; Win64; x64) AppleWebKit/537.36 (KHTML, like Gecko) Chrome/87.0.4280.88 Safari/537.36 Edg/87.0.664.66"
::1 - - [29/Dec/2020:18:49:56 +0000] "GET /static/css/materialize.min.css HTTP/1.1" 304 - "http://localhost:8000/" "Mozilla/5.0 (Windows NT 10.0; Win64; x64) AppleWebKit/537.36 (KHTML, like Gecko) Chrome/87.0.4280.88 Safari/537.36 Edg/87.0.664.66"
::1 - - [29/Dec/2020:18:49:56 +0000] "GET /static/css/tabulator_materialize.min.css HTTP/1.1" 304 - "http://localhost:8000/" "Mozilla/5.0 (Windows NT 10.0; Win64; x64) AppleWebKit/537.36 (KHTML, like Gecko) Chrome/87.0.4280.88 Safari/537.36 Edg/87.0.664.66"
::1 - - [29/Dec/2020:18:49:56 +0000] "GET /static/css/style.css HTTP/1.1" 304 - "http://localhost:8000/" "Mozilla/5.0 (Windows NT 10.0; Win64; x64) AppleWebKit/537.36 (KHTML, like Gecko) Chrome/87.0.4280.88 Safari/537.36 Edg/87.0.664.66"
::1 - - [29/Dec/2020:18:49:57 +0000] "GET /static/js/hammer.min.js.map HTTP/1.1" 404 84 "-" "Mozilla/5.0 (Windows NT 10.0; Win64; x64) AppleWebKit/537.36 (KHTML, like Gecko) Chrome/87.0.4280.88 Safari/537.36 Edg/87.0.664.66"
::1 - - [29/Dec/2020:18:49:57 +0000] "GET /static/js/md5.min.js.map HTTP/1.1" 404 81 "-" "Mozilla/5.0 (Windows NT 10.0; Win64; x64) AppleWebKit/537.36 (KHTML, like Gecko) Chrome/87.0.4280.88 Safari/537.36 Edg/87.0.664.66"
::1 - - [29/Dec/2020:18:49:57 +0000] "GET /static/css/tabulator_materialize.min.css.map HTTP/1.1" 404 101 "-" "Mozilla/5.0 (Windows NT 10.0; Win64; x64) AppleWebKit/537.36 (KHTML, like Gecko) Chrome/87.0.4280.88 Safari/537.36 Edg/87.0.664.66"
::1 - - [29/Dec/2020:18:52:07 +0000] "GET /static/img/mbot.png HTTP/1.1" 200 41739 "http://localhost:8000/" "Mozilla/5.0 (Linux; Android 6.0; Nexus 5 Build/MRA58N) AppleWebKit/537.36 (KHTML, like Gecko) Chrome/87.0.4280.88 Mobile Safari/537.36 Edg/87.0.664.66"
::1 - - [30/Dec/2020:07:36:11 +0000] "GET / HTTP/1.1" 304 - "-" "Mozilla/5.0 (Windows NT 10.0; Win64; x64) AppleWebKit/537.36 (KHTML, like Gecko) Chrome/87.0.4280.88 Safari/537.36 Edg/87.0.664.66"
::1 - - [30/Dec/2020:07:36:11 +0000] "GET /static/css/tabulator_materialize.min.css HTTP/1.1" 304 - "http://localhost:8000/" "Mozilla/5.0 (Windows NT 10.0; Win64; x64) AppleWebKit/537.36 (KHTML, like Gecko) Chrome/87.0.4280.88 Safari/537.36 Edg/87.0.664.66"
::1 - - [30/Dec/2020:07:36:11 +0000] "GET /static/css/style.css HTTP/1.1" 304 - "http://localhost:8000/" "Mozilla/5.0 (Windows NT 10.0; Win64; x64) AppleWebKit/537.36 (KHTML, like Gecko) Chrome/87.0.4280.88 Safari/537.36 Edg/87.0.664.66"
::1 - - [30/Dec/2020:07:36:11 +0000] "GET /static/js/moment.min.js HTTP/1.1" 304 - "http://localhost:8000/" "Mozilla/5.0 (Windows NT 10.0; Win64; x64) AppleWebKit/537.36 (KHTML, like Gecko) Chrome/87.0.4280.88 Safari/537.36 Edg/87.0.664.66"
::1 - - [30/Dec/2020:07:36:11 +0000] "GET /static/css/materialize.min.css HTTP/1.1" 304 - "http://localhost:8000/" "Mozilla/5.0 (Windows NT 10.0; Win64; x64) AppleWebKit/537.36 (KHTML, like Gecko) Chrome/87.0.4280.88 Safari/537.36 Edg/87.0.664.66"
::1 - - [30/Dec/2020:07:36:11 +0000] "GET /static/js/script.js HTTP/1.1" 304 - "http://localhost:8000/" "Mozilla/5.0 (Windows NT 10.0; Win64; x64) AppleWebKit/537.36 (KHTML, like Gecko) Chrome/87.0.4280.88 Safari/537.36 Edg/87.0.664.66"
::1 - - [30/Dec/2020:07:36:11 +0000] "GET /static/js/materialize.min.js HTTP/1.1" 304 - "http://localhost:8000/" "Mozilla/5.0 (Windows NT 10.0; Win64; x64) AppleWebKit/537.36 (KHTML, like Gecko) Chrome/87.0.4280.88 Safari/537.36 Edg/87.0.664.66"
::1 - - [30/Dec/2020:07:36:12 +0000] "GET /static/js/chart.min.js HTTP/1.1" 304 - "http://localhost:8000/" "Mozilla/5.0 (Windows NT 10.0; Win64; x64) AppleWebKit/537.36 (KHTML, like Gecko) Chrome/87.0.4280.88 Safari/537.36 Edg/87.0.664.66"
::1 - - [30/Dec/2020:07:36:12 +0000] "GET /static/js/hammer.min.js HTTP/1.1" 304 - "http://localhost:8000/" "Mozilla/5.0 (Windows NT 10.0; Win64; x64) AppleWebKit/537.36 (KHTML, like Gecko) Chrome/87.0.4280.88 Safari/537.36 Edg/87.0.664.66"
::1 - - [30/Dec/2020:07:36:12 +0000] "GET /static/js/chartjs-plugin-zoom.min.js HTTP/1.1" 304 - "http://localhost:8000/" "Mozilla/5.0 (Windows NT 10.0; Win64; x64) AppleWebKit/537.36 (KHTML, like Gecko) Chrome/87.0.4280.88 Safari/537.36 Edg/87.0.664.66"
::1 - - [30/Dec/2020:07:36:12 +0000] "GET /static/js/md5.min.js HTTP/1.1" 304 - "http://localhost:8000/" "Mozilla/5.0 (Windows NT 10.0; Win64; x64) AppleWebKit/537.36 (KHTML, like Gecko) Chrome/87.0.4280.88 Safari/537.36 Edg/87.0.664.66"
::1 - - [30/Dec/2020:07:36:12 +0000] "GET /static/img/logo.png HTTP/1.1" 304 - "http://localhost:8000/" "Mozilla/5.0 (Windows NT 10.0; Win64; x64) AppleWebKit/537.36 (KHTML, like Gecko) Chrome/87.0.4280.88 Safari/537.36 Edg/87.0.664.66"
::1 - - [30/Dec/2020:07:36:12 +0000] "GET /static/js/tabulator.min.js HTTP/1.1" 304 - "http://localhost:8000/" "Mozilla/5.0 (Windows NT 10.0; Win64; x64) AppleWebKit/537.36 (KHTML, like Gecko) Chrome/87.0.4280.88 Safari/537.36 Edg/87.0.664.66"
::1 - - [30/Dec/2020:07:36:12 +0000] "GET /static/css/style.css HTTP/1.1" 304 - "http://localhost:8000/static/css/style.css" "Mozilla/5.0 (Windows NT 10.0; Win64; x64) AppleWebKit/537.36 (KHTML, like Gecko) Chrome/87.0.4280.88 Safari/537.36 Edg/87.0.664.66"
::1 - - [30/Dec/2020:07:36:12 +0000] "GET /static/img/botAvatar.png HTTP/1.1" 200 49464 "http://localhost:8000/" "Mozilla/5.0 (Windows NT 10.0; Win64; x64) AppleWebKit/537.36 (KHTML, like Gecko) Chrome/87.0.4280.88 Safari/537.36 Edg/87.0.664.66"
::ffff:127.0.0.1 - - [30/Dec/2020:07:36:14 +0000] "POST /api/v1/user/verifyUser HTTP/1.1" 200 91 "-" "axios/0.20.0"
::1 - - [30/Dec/2020:07:36:14 +0000] "GET /favicon.ico HTTP/1.1" 404 68 "http://localhost:8000/" "Mozilla/5.0 (Windows NT 10.0; Win64; x64) AppleWebKit/537.36 (KHTML, like Gecko) Chrome/87.0.4280.88 Safari/537.36 Edg/87.0.664.66"
::1 - - [30/Dec/2020:07:36:14 +0000] "POST /user/bot/webhook HTTP/1.1" 200 233 "http://localhost:8000/" "Mozilla/5.0 (Windows NT 10.0; Win64; x64) AppleWebKit/537.36 (KHTML, like Gecko) Chrome/87.0.4280.88 Safari/537.36 Edg/87.0.664.66"
::1 - - [30/Dec/2020:07:36:14 +0000] "GET /static/img/sara_avatar.png HTTP/1.1" 200 213283 "http://localhost:8000/" "Mozilla/5.0 (Windows NT 10.0; Win64; x64) AppleWebKit/537.36 (KHTML, like Gecko) Chrome/87.0.4280.88 Safari/537.36 Edg/87.0.664.66"
::1 - - [30/Dec/2020:07:36:21 +0000] "GET / HTTP/1.1" 304 - "-" "Mozilla/5.0 (Windows NT 10.0; Win64; x64) AppleWebKit/537.36 (KHTML, like Gecko) Chrome/87.0.4280.88 Safari/537.36 Edg/87.0.664.66"
::1 - - [30/Dec/2020:07:36:21 +0000] "GET /static/css/materialize.min.css HTTP/1.1" 304 - "http://localhost:8000/" "Mozilla/5.0 (Windows NT 10.0; Win64; x64) AppleWebKit/537.36 (KHTML, like Gecko) Chrome/87.0.4280.88 Safari/537.36 Edg/87.0.664.66"
::1 - - [30/Dec/2020:07:36:21 +0000] "GET /static/css/tabulator_materialize.min.css HTTP/1.1" 304 - "http://localhost:8000/" "Mozilla/5.0 (Windows NT 10.0; Win64; x64) AppleWebKit/537.36 (KHTML, like Gecko) Chrome/87.0.4280.88 Safari/537.36 Edg/87.0.664.66"
::1 - - [30/Dec/2020:07:36:21 +0000] "GET /static/css/style.css HTTP/1.1" 304 - "http://localhost:8000/" "Mozilla/5.0 (Windows NT 10.0; Win64; x64) AppleWebKit/537.36 (KHTML, like Gecko) Chrome/87.0.4280.88 Safari/537.36 Edg/87.0.664.66"
::1 - - [30/Dec/2020:07:36:21 +0000] "GET /static/js/materialize.min.js HTTP/1.1" 304 - "http://localhost:8000/" "Mozilla/5.0 (Windows NT 10.0; Win64; x64) AppleWebKit/537.36 (KHTML, like Gecko) Chrome/87.0.4280.88 Safari/537.36 Edg/87.0.664.66"
::1 - - [30/Dec/2020:07:36:21 +0000] "GET /static/js/script.js HTTP/1.1" 304 - "http://localhost:8000/" "Mozilla/5.0 (Windows NT 10.0; Win64; x64) AppleWebKit/537.36 (KHTML, like Gecko) Chrome/87.0.4280.88 Safari/537.36 Edg/87.0.664.66"
::1 - - [30/Dec/2020:07:36:21 +0000] "GET /static/js/moment.min.js HTTP/1.1" 304 - "http://localhost:8000/" "Mozilla/5.0 (Windows NT 10.0; Win64; x64) AppleWebKit/537.36 (KHTML, like Gecko) Chrome/87.0.4280.88 Safari/537.36 Edg/87.0.664.66"
::1 - - [30/Dec/2020:07:36:21 +0000] "GET /static/js/chart.min.js HTTP/1.1" 304 - "http://localhost:8000/" "Mozilla/5.0 (Windows NT 10.0; Win64; x64) AppleWebKit/537.36 (KHTML, like Gecko) Chrome/87.0.4280.88 Safari/537.36 Edg/87.0.664.66"
::1 - - [30/Dec/2020:07:36:21 +0000] "GET /static/js/hammer.min.js HTTP/1.1" 304 - "http://localhost:8000/" "Mozilla/5.0 (Windows NT 10.0; Win64; x64) AppleWebKit/537.36 (KHTML, like Gecko) Chrome/87.0.4280.88 Safari/537.36 Edg/87.0.664.66"
::1 - - [30/Dec/2020:07:36:21 +0000] "GET /static/js/chartjs-plugin-zoom.min.js HTTP/1.1" 304 - "http://localhost:8000/" "Mozilla/5.0 (Windows NT 10.0; Win64; x64) AppleWebKit/537.36 (KHTML, like Gecko) Chrome/87.0.4280.88 Safari/537.36 Edg/87.0.664.66"
::1 - - [30/Dec/2020:07:36:21 +0000] "GET /static/js/tabulator.min.js HTTP/1.1" 304 - "http://localhost:8000/" "Mozilla/5.0 (Windows NT 10.0; Win64; x64) AppleWebKit/537.36 (KHTML, like Gecko) Chrome/87.0.4280.88 Safari/537.36 Edg/87.0.664.66"
::1 - - [30/Dec/2020:07:36:21 +0000] "GET /static/js/md5.min.js HTTP/1.1" 304 - "http://localhost:8000/" "Mozilla/5.0 (Windows NT 10.0; Win64; x64) AppleWebKit/537.36 (KHTML, like Gecko) Chrome/87.0.4280.88 Safari/537.36 Edg/87.0.664.66"
::1 - - [30/Dec/2020:07:36:21 +0000] "GET /static/img/logo.png HTTP/1.1" 304 - "http://localhost:8000/" "Mozilla/5.0 (Windows NT 10.0; Win64; x64) AppleWebKit/537.36 (KHTML, like Gecko) Chrome/87.0.4280.88 Safari/537.36 Edg/87.0.664.66"
::1 - - [30/Dec/2020:07:36:21 +0000] "GET /static/img/botAvatar.png HTTP/1.1" 304 - "http://localhost:8000/" "Mozilla/5.0 (Windows NT 10.0; Win64; x64) AppleWebKit/537.36 (KHTML, like Gecko) Chrome/87.0.4280.88 Safari/537.36 Edg/87.0.664.66"
::1 - - [30/Dec/2020:07:36:21 +0000] "GET /static/css/style.css HTTP/1.1" 304 - "http://localhost:8000/static/css/style.css" "Mozilla/5.0 (Windows NT 10.0; Win64; x64) AppleWebKit/537.36 (KHTML, like Gecko) Chrome/87.0.4280.88 Safari/537.36 Edg/87.0.664.66"
::ffff:127.0.0.1 - - [30/Dec/2020:07:36:22 +0000] "POST /api/v1/user/verifyUser HTTP/1.1" 200 91 "-" "axios/0.20.0"
::1 - - [30/Dec/2020:07:36:22 +0000] "POST /user/bot/webhook HTTP/1.1" 200 233 "http://localhost:8000/" "Mozilla/5.0 (Windows NT 10.0; Win64; x64) AppleWebKit/537.36 (KHTML, like Gecko) Chrome/87.0.4280.88 Safari/537.36 Edg/87.0.664.66"
::1 - - [30/Dec/2020:07:36:22 +0000] "GET /static/img/sara_avatar.png HTTP/1.1" 304 - "http://localhost:8000/" "Mozilla/5.0 (Windows NT 10.0; Win64; x64) AppleWebKit/537.36 (KHTML, like Gecko) Chrome/87.0.4280.88 Safari/537.36 Edg/87.0.664.66"
::1 - - [30/Dec/2020:07:36:26 +0000] "GET /static/css/materialize.min.css HTTP/1.1" 304 - "http://localhost:8000/" "Mozilla/5.0 (Windows NT 10.0; Win64; x64) AppleWebKit/537.36 (KHTML, like Gecko) Chrome/87.0.4280.88 Safari/537.36 Edg/87.0.664.66"
::1 - - [30/Dec/2020:07:36:26 +0000] "GET /static/css/tabulator_materialize.min.css HTTP/1.1" 304 - "http://localhost:8000/" "Mozilla/5.0 (Windows NT 10.0; Win64; x64) AppleWebKit/537.36 (KHTML, like Gecko) Chrome/87.0.4280.88 Safari/537.36 Edg/87.0.664.66"
::1 - - [30/Dec/2020:07:36:26 +0000] "GET /static/css/style.css HTTP/1.1" 304 - "http://localhost:8000/" "Mozilla/5.0 (Windows NT 10.0; Win64; x64) AppleWebKit/537.36 (KHTML, like Gecko) Chrome/87.0.4280.88 Safari/537.36 Edg/87.0.664.66"
::1 - - [30/Dec/2020:07:36:26 +0000] "GET /static/js/hammer.min.js.map HTTP/1.1" 404 84 "-" "Mozilla/5.0 (Windows NT 10.0; Win64; x64) AppleWebKit/537.36 (KHTML, like Gecko) Chrome/87.0.4280.88 Safari/537.36 Edg/87.0.664.66"
::1 - - [30/Dec/2020:07:36:26 +0000] "GET /static/js/md5.min.js.map HTTP/1.1" 404 81 "-" "Mozilla/5.0 (Windows NT 10.0; Win64; x64) AppleWebKit/537.36 (KHTML, like Gecko) Chrome/87.0.4280.88 Safari/537.36 Edg/87.0.664.66"
::1 - - [30/Dec/2020:07:36:26 +0000] "GET /static/css/tabulator_materialize.min.css.map HTTP/1.1" 404 101 "-" "Mozilla/5.0 (Windows NT 10.0; Win64; x64) AppleWebKit/537.36 (KHTML, like Gecko) Chrome/87.0.4280.88 Safari/537.36 Edg/87.0.664.66"
::1 - - [30/Dec/2020:07:49:22 +0000] "GET / HTTP/1.1" 304 - "-" "Mozilla/5.0 (Windows NT 10.0; Win64; x64) AppleWebKit/537.36 (KHTML, like Gecko) Chrome/87.0.4280.88 Safari/537.36 Edg/87.0.664.66"
::1 - - [30/Dec/2020:07:49:22 +0000] "GET /static/css/materialize.min.css HTTP/1.1" 304 - "http://localhost:8000/" "Mozilla/5.0 (Windows NT 10.0; Win64; x64) AppleWebKit/537.36 (KHTML, like Gecko) Chrome/87.0.4280.88 Safari/537.36 Edg/87.0.664.66"
::1 - - [30/Dec/2020:07:49:22 +0000] "GET /static/css/tabulator_materialize.min.css HTTP/1.1" 304 - "http://localhost:8000/" "Mozilla/5.0 (Windows NT 10.0; Win64; x64) AppleWebKit/537.36 (KHTML, like Gecko) Chrome/87.0.4280.88 Safari/537.36 Edg/87.0.664.66"
::1 - - [30/Dec/2020:07:49:22 +0000] "GET /static/js/materialize.min.js HTTP/1.1" 304 - "http://localhost:8000/" "Mozilla/5.0 (Windows NT 10.0; Win64; x64) AppleWebKit/537.36 (KHTML, like Gecko) Chrome/87.0.4280.88 Safari/537.36 Edg/87.0.664.66"
::1 - - [30/Dec/2020:07:49:22 +0000] "GET /static/js/script.js HTTP/1.1" 304 - "http://localhost:8000/" "Mozilla/5.0 (Windows NT 10.0; Win64; x64) AppleWebKit/537.36 (KHTML, like Gecko) Chrome/87.0.4280.88 Safari/537.36 Edg/87.0.664.66"
::1 - - [30/Dec/2020:07:49:22 +0000] "GET /static/css/style.css HTTP/1.1" 200 33198 "http://localhost:8000/" "Mozilla/5.0 (Windows NT 10.0; Win64; x64) AppleWebKit/537.36 (KHTML, like Gecko) Chrome/87.0.4280.88 Safari/537.36 Edg/87.0.664.66"
::1 - - [30/Dec/2020:07:49:22 +0000] "GET /static/js/moment.min.js HTTP/1.1" 304 - "http://localhost:8000/" "Mozilla/5.0 (Windows NT 10.0; Win64; x64) AppleWebKit/537.36 (KHTML, like Gecko) Chrome/87.0.4280.88 Safari/537.36 Edg/87.0.664.66"
::1 - - [30/Dec/2020:07:49:22 +0000] "GET /static/js/chart.min.js HTTP/1.1" 304 - "http://localhost:8000/" "Mozilla/5.0 (Windows NT 10.0; Win64; x64) AppleWebKit/537.36 (KHTML, like Gecko) Chrome/87.0.4280.88 Safari/537.36 Edg/87.0.664.66"
::1 - - [30/Dec/2020:07:49:22 +0000] "GET /static/js/hammer.min.js HTTP/1.1" 304 - "http://localhost:8000/" "Mozilla/5.0 (Windows NT 10.0; Win64; x64) AppleWebKit/537.36 (KHTML, like Gecko) Chrome/87.0.4280.88 Safari/537.36 Edg/87.0.664.66"
::1 - - [30/Dec/2020:07:49:22 +0000] "GET /static/js/chartjs-plugin-zoom.min.js HTTP/1.1" 304 - "http://localhost:8000/" "Mozilla/5.0 (Windows NT 10.0; Win64; x64) AppleWebKit/537.36 (KHTML, like Gecko) Chrome/87.0.4280.88 Safari/537.36 Edg/87.0.664.66"
::1 - - [30/Dec/2020:07:49:22 +0000] "GET /static/js/tabulator.min.js HTTP/1.1" 304 - "http://localhost:8000/" "Mozilla/5.0 (Windows NT 10.0; Win64; x64) AppleWebKit/537.36 (KHTML, like Gecko) Chrome/87.0.4280.88 Safari/537.36 Edg/87.0.664.66"
::1 - - [30/Dec/2020:07:49:22 +0000] "GET /static/js/md5.min.js HTTP/1.1" 304 - "http://localhost:8000/" "Mozilla/5.0 (Windows NT 10.0; Win64; x64) AppleWebKit/537.36 (KHTML, like Gecko) Chrome/87.0.4280.88 Safari/537.36 Edg/87.0.664.66"
::1 - - [30/Dec/2020:07:49:22 +0000] "GET /static/img/logo.png HTTP/1.1" 304 - "http://localhost:8000/" "Mozilla/5.0 (Windows NT 10.0; Win64; x64) AppleWebKit/537.36 (KHTML, like Gecko) Chrome/87.0.4280.88 Safari/537.36 Edg/87.0.664.66"
::1 - - [30/Dec/2020:07:49:22 +0000] "GET /static/img/botAvatar.png HTTP/1.1" 304 - "http://localhost:8000/" "Mozilla/5.0 (Windows NT 10.0; Win64; x64) AppleWebKit/537.36 (KHTML, like Gecko) Chrome/87.0.4280.88 Safari/537.36 Edg/87.0.664.66"
::1 - - [30/Dec/2020:07:49:22 +0000] "GET /static/css/style.css HTTP/1.1" 304 - "http://localhost:8000/static/css/style.css" "Mozilla/5.0 (Windows NT 10.0; Win64; x64) AppleWebKit/537.36 (KHTML, like Gecko) Chrome/87.0.4280.88 Safari/537.36 Edg/87.0.664.66"
::1 - - [30/Dec/2020:07:49:22 +0000] "GET /static/css/tabulator_materialize.min.css.map HTTP/1.1" 404 101 "-" "Mozilla/5.0 (Windows NT 10.0; Win64; x64) AppleWebKit/537.36 (KHTML, like Gecko) Chrome/87.0.4280.88 Safari/537.36 Edg/87.0.664.66"
::1 - - [30/Dec/2020:07:49:23 +0000] "GET /static/js/hammer.min.js.map HTTP/1.1" 404 84 "-" "Mozilla/5.0 (Windows NT 10.0; Win64; x64) AppleWebKit/537.36 (KHTML, like Gecko) Chrome/87.0.4280.88 Safari/537.36 Edg/87.0.664.66"
::1 - - [30/Dec/2020:07:49:23 +0000] "GET /static/js/md5.min.js.map HTTP/1.1" 404 81 "-" "Mozilla/5.0 (Windows NT 10.0; Win64; x64) AppleWebKit/537.36 (KHTML, like Gecko) Chrome/87.0.4280.88 Safari/537.36 Edg/87.0.664.66"
::1 - - [30/Dec/2020:07:49:23 +0000] "GET /static/img/sara_avatar.png HTTP/1.1" 304 - "http://localhost:8000/" "Mozilla/5.0 (Windows NT 10.0; Win64; x64) AppleWebKit/537.36 (KHTML, like Gecko) Chrome/87.0.4280.88 Safari/537.36 Edg/87.0.664.66"
::ffff:127.0.0.1 - - [30/Dec/2020:07:49:23 +0000] "POST /api/v1/user/verifyUser HTTP/1.1" 200 91 "-" "axios/0.20.0"
::1 - - [30/Dec/2020:07:49:23 +0000] "POST /user/bot/webhook HTTP/1.1" 200 233 "http://localhost:8000/" "Mozilla/5.0 (Windows NT 10.0; Win64; x64) AppleWebKit/537.36 (KHTML, like Gecko) Chrome/87.0.4280.88 Safari/537.36 Edg/87.0.664.66"
::ffff:127.0.0.1 - - [30/Dec/2020:07:51:14 +0000] "POST /api/v1/user/verifyUser HTTP/1.1" 200 91 "-" "axios/0.20.0"
::1 - - [30/Dec/2020:07:51:14 +0000] "POST /user/bot/webhook HTTP/1.1" 200 539 "http://localhost:8000/" "Mozilla/5.0 (Windows NT 10.0; Win64; x64) AppleWebKit/537.36 (KHTML, like Gecko) Chrome/87.0.4280.88 Safari/537.36 Edg/87.0.664.66"
::1 - - [30/Dec/2020:07:51:14 +0000] "GET /static/img/userAvatar.jpg HTTP/1.1" 304 - "http://localhost:8000/" "Mozilla/5.0 (Windows NT 10.0; Win64; x64) AppleWebKit/537.36 (KHTML, like Gecko) Chrome/87.0.4280.88 Safari/537.36 Edg/87.0.664.66"
::1 - - [30/Dec/2020:07:51:51 +0000] "GET / HTTP/1.1" 304 - "-" "Mozilla/5.0 (Windows NT 10.0; Win64; x64) AppleWebKit/537.36 (KHTML, like Gecko) Chrome/87.0.4280.88 Safari/537.36 Edg/87.0.664.66"
::1 - - [30/Dec/2020:07:51:51 +0000] "GET /static/css/materialize.min.css HTTP/1.1" 304 - "http://localhost:8000/" "Mozilla/5.0 (Windows NT 10.0; Win64; x64) AppleWebKit/537.36 (KHTML, like Gecko) Chrome/87.0.4280.88 Safari/537.36 Edg/87.0.664.66"
::1 - - [30/Dec/2020:07:51:51 +0000] "GET /static/css/tabulator_materialize.min.css HTTP/1.1" 304 - "http://localhost:8000/" "Mozilla/5.0 (Windows NT 10.0; Win64; x64) AppleWebKit/537.36 (KHTML, like Gecko) Chrome/87.0.4280.88 Safari/537.36 Edg/87.0.664.66"
::1 - - [30/Dec/2020:07:51:51 +0000] "GET /static/css/style.css HTTP/1.1" 200 33237 "http://localhost:8000/" "Mozilla/5.0 (Windows NT 10.0; Win64; x64) AppleWebKit/537.36 (KHTML, like Gecko) Chrome/87.0.4280.88 Safari/537.36 Edg/87.0.664.66"
::1 - - [30/Dec/2020:07:51:51 +0000] "GET /static/js/materialize.min.js HTTP/1.1" 304 - "http://localhost:8000/" "Mozilla/5.0 (Windows NT 10.0; Win64; x64) AppleWebKit/537.36 (KHTML, like Gecko) Chrome/87.0.4280.88 Safari/537.36 Edg/87.0.664.66"
::1 - - [30/Dec/2020:07:51:51 +0000] "GET /static/js/script.js HTTP/1.1" 304 - "http://localhost:8000/" "Mozilla/5.0 (Windows NT 10.0; Win64; x64) AppleWebKit/537.36 (KHTML, like Gecko) Chrome/87.0.4280.88 Safari/537.36 Edg/87.0.664.66"
::1 - - [30/Dec/2020:07:51:51 +0000] "GET /static/js/moment.min.js HTTP/1.1" 304 - "http://localhost:8000/" "Mozilla/5.0 (Windows NT 10.0; Win64; x64) AppleWebKit/537.36 (KHTML, like Gecko) Chrome/87.0.4280.88 Safari/537.36 Edg/87.0.664.66"
::1 - - [30/Dec/2020:07:51:52 +0000] "GET /static/js/chart.min.js HTTP/1.1" 304 - "http://localhost:8000/" "Mozilla/5.0 (Windows NT 10.0; Win64; x64) AppleWebKit/537.36 (KHTML, like Gecko) Chrome/87.0.4280.88 Safari/537.36 Edg/87.0.664.66"
::1 - - [30/Dec/2020:07:51:52 +0000] "GET /static/js/hammer.min.js HTTP/1.1" 304 - "http://localhost:8000/" "Mozilla/5.0 (Windows NT 10.0; Win64; x64) AppleWebKit/537.36 (KHTML, like Gecko) Chrome/87.0.4280.88 Safari/537.36 Edg/87.0.664.66"
::1 - - [30/Dec/2020:07:51:52 +0000] "GET /static/js/chartjs-plugin-zoom.min.js HTTP/1.1" 304 - "http://localhost:8000/" "Mozilla/5.0 (Windows NT 10.0; Win64; x64) AppleWebKit/537.36 (KHTML, like Gecko) Chrome/87.0.4280.88 Safari/537.36 Edg/87.0.664.66"
::1 - - [30/Dec/2020:07:51:52 +0000] "GET /static/img/botAvatar.png HTTP/1.1" 304 - "http://localhost:8000/" "Mozilla/5.0 (Windows NT 10.0; Win64; x64) AppleWebKit/537.36 (KHTML, like Gecko) Chrome/87.0.4280.88 Safari/537.36 Edg/87.0.664.66"
::1 - - [30/Dec/2020:07:51:52 +0000] "GET /static/img/logo.png HTTP/1.1" 304 - "http://localhost:8000/" "Mozilla/5.0 (Windows NT 10.0; Win64; x64) AppleWebKit/537.36 (KHTML, like Gecko) Chrome/87.0.4280.88 Safari/537.36 Edg/87.0.664.66"
::1 - - [30/Dec/2020:07:51:52 +0000] "GET /static/js/tabulator.min.js HTTP/1.1" 304 - "http://localhost:8000/" "Mozilla/5.0 (Windows NT 10.0; Win64; x64) AppleWebKit/537.36 (KHTML, like Gecko) Chrome/87.0.4280.88 Safari/537.36 Edg/87.0.664.66"
::1 - - [30/Dec/2020:07:51:52 +0000] "GET /static/js/md5.min.js HTTP/1.1" 304 - "http://localhost:8000/" "Mozilla/5.0 (Windows NT 10.0; Win64; x64) AppleWebKit/537.36 (KHTML, like Gecko) Chrome/87.0.4280.88 Safari/537.36 Edg/87.0.664.66"
::1 - - [30/Dec/2020:07:51:52 +0000] "GET /static/css/tabulator_materialize.min.css.map HTTP/1.1" 404 101 "-" "Mozilla/5.0 (Windows NT 10.0; Win64; x64) AppleWebKit/537.36 (KHTML, like Gecko) Chrome/87.0.4280.88 Safari/537.36 Edg/87.0.664.66"
::1 - - [30/Dec/2020:07:51:52 +0000] "GET /static/css/style.css HTTP/1.1" 304 - "http://localhost:8000/static/css/style.css" "Mozilla/5.0 (Windows NT 10.0; Win64; x64) AppleWebKit/537.36 (KHTML, like Gecko) Chrome/87.0.4280.88 Safari/537.36 Edg/87.0.664.66"
::1 - - [30/Dec/2020:07:51:53 +0000] "GET /static/js/hammer.min.js.map HTTP/1.1" 404 84 "-" "Mozilla/5.0 (Windows NT 10.0; Win64; x64) AppleWebKit/537.36 (KHTML, like Gecko) Chrome/87.0.4280.88 Safari/537.36 Edg/87.0.664.66"
::1 - - [30/Dec/2020:07:51:53 +0000] "GET /static/js/md5.min.js.map HTTP/1.1" 404 81 "-" "Mozilla/5.0 (Windows NT 10.0; Win64; x64) AppleWebKit/537.36 (KHTML, like Gecko) Chrome/87.0.4280.88 Safari/537.36 Edg/87.0.664.66"
::1 - - [30/Dec/2020:07:51:53 +0000] "GET /static/img/sara_avatar.png HTTP/1.1" 304 - "http://localhost:8000/" "Mozilla/5.0 (Windows NT 10.0; Win64; x64) AppleWebKit/537.36 (KHTML, like Gecko) Chrome/87.0.4280.88 Safari/537.36 Edg/87.0.664.66"
::ffff:127.0.0.1 - - [30/Dec/2020:07:51:53 +0000] "POST /api/v1/user/verifyUser HTTP/1.1" 200 91 "-" "axios/0.20.0"
::1 - - [30/Dec/2020:07:51:53 +0000] "POST /user/bot/webhook HTTP/1.1" 200 233 "http://localhost:8000/" "Mozilla/5.0 (Windows NT 10.0; Win64; x64) AppleWebKit/537.36 (KHTML, like Gecko) Chrome/87.0.4280.88 Safari/537.36 Edg/87.0.664.66"
::1 - - [30/Dec/2020:07:51:57 +0000] "GET /static/img/userAvatar.jpg HTTP/1.1" 304 - "http://localhost:8000/" "Mozilla/5.0 (Windows NT 10.0; Win64; x64) AppleWebKit/537.36 (KHTML, like Gecko) Chrome/87.0.4280.88 Safari/537.36 Edg/87.0.664.66"
::ffff:127.0.0.1 - - [30/Dec/2020:07:51:57 +0000] "POST /api/v1/user/verifyUser HTTP/1.1" 200 91 "-" "axios/0.20.0"
::1 - - [30/Dec/2020:07:51:57 +0000] "POST /user/bot/webhook HTTP/1.1" 200 539 "http://localhost:8000/" "Mozilla/5.0 (Windows NT 10.0; Win64; x64) AppleWebKit/537.36 (KHTML, like Gecko) Chrome/87.0.4280.88 Safari/537.36 Edg/87.0.664.66"
::ffff:127.0.0.1 - - [30/Dec/2020:07:52:06 +0000] "POST /api/v1/user/verifyUser HTTP/1.1" 200 91 "-" "axios/0.20.0"
::1 - - [30/Dec/2020:07:52:06 +0000] "POST /user/bot/webhook HTTP/1.1" 200 422 "http://localhost:8000/" "Mozilla/5.0 (Windows NT 10.0; Win64; x64) AppleWebKit/537.36 (KHTML, like Gecko) Chrome/87.0.4280.88 Safari/537.36 Edg/87.0.664.66"
::ffff:127.0.0.1 - - [30/Dec/2020:07:52:09 +0000] "POST /api/v1/user/verifyUser HTTP/1.1" 200 91 "-" "axios/0.20.0"
::ffff:127.0.0.1 - - [30/Dec/2020:07:52:09 +0000] "POST /api/v1/sales/consolidated HTTP/1.1" 200 354 "-" "axios/0.20.0"
::1 - - [30/Dec/2020:07:52:09 +0000] "POST /user/bot/webhook HTTP/1.1" 200 935 "http://localhost:8000/" "Mozilla/5.0 (Windows NT 10.0; Win64; x64) AppleWebKit/537.36 (KHTML, like Gecko) Chrome/87.0.4280.88 Safari/537.36 Edg/87.0.664.66"
::1 - - [30/Dec/2020:08:01:12 +0000] "GET / HTTP/1.1" 304 - "-" "Mozilla/5.0 (Windows NT 10.0; Win64; x64) AppleWebKit/537.36 (KHTML, like Gecko) Chrome/87.0.4280.88 Safari/537.36 Edg/87.0.664.66"
::1 - - [30/Dec/2020:08:01:12 +0000] "GET /static/css/materialize.min.css HTTP/1.1" 304 - "http://localhost:8000/" "Mozilla/5.0 (Windows NT 10.0; Win64; x64) AppleWebKit/537.36 (KHTML, like Gecko) Chrome/87.0.4280.88 Safari/537.36 Edg/87.0.664.66"
::1 - - [30/Dec/2020:08:01:12 +0000] "GET /static/css/tabulator_materialize.min.css HTTP/1.1" 304 - "http://localhost:8000/" "Mozilla/5.0 (Windows NT 10.0; Win64; x64) AppleWebKit/537.36 (KHTML, like Gecko) Chrome/87.0.4280.88 Safari/537.36 Edg/87.0.664.66"
::1 - - [30/Dec/2020:08:01:12 +0000] "GET /static/css/style.css HTTP/1.1" 200 33445 "http://localhost:8000/" "Mozilla/5.0 (Windows NT 10.0; Win64; x64) AppleWebKit/537.36 (KHTML, like Gecko) Chrome/87.0.4280.88 Safari/537.36 Edg/87.0.664.66"
::1 - - [30/Dec/2020:08:01:12 +0000] "GET /static/js/materialize.min.js HTTP/1.1" 304 - "http://localhost:8000/" "Mozilla/5.0 (Windows NT 10.0; Win64; x64) AppleWebKit/537.36 (KHTML, like Gecko) Chrome/87.0.4280.88 Safari/537.36 Edg/87.0.664.66"
::1 - - [30/Dec/2020:08:01:12 +0000] "GET /static/js/script.js HTTP/1.1" 304 - "http://localhost:8000/" "Mozilla/5.0 (Windows NT 10.0; Win64; x64) AppleWebKit/537.36 (KHTML, like Gecko) Chrome/87.0.4280.88 Safari/537.36 Edg/87.0.664.66"
::1 - - [30/Dec/2020:08:01:12 +0000] "GET /static/js/moment.min.js HTTP/1.1" 304 - "http://localhost:8000/" "Mozilla/5.0 (Windows NT 10.0; Win64; x64) AppleWebKit/537.36 (KHTML, like Gecko) Chrome/87.0.4280.88 Safari/537.36 Edg/87.0.664.66"
::1 - - [30/Dec/2020:08:01:12 +0000] "GET /static/js/chart.min.js HTTP/1.1" 304 - "http://localhost:8000/" "Mozilla/5.0 (Windows NT 10.0; Win64; x64) AppleWebKit/537.36 (KHTML, like Gecko) Chrome/87.0.4280.88 Safari/537.36 Edg/87.0.664.66"
::1 - - [30/Dec/2020:08:01:12 +0000] "GET /static/js/hammer.min.js HTTP/1.1" 304 - "http://localhost:8000/" "Mozilla/5.0 (Windows NT 10.0; Win64; x64) AppleWebKit/537.36 (KHTML, like Gecko) Chrome/87.0.4280.88 Safari/537.36 Edg/87.0.664.66"
::1 - - [30/Dec/2020:08:01:12 +0000] "GET /static/js/chartjs-plugin-zoom.min.js HTTP/1.1" 304 - "http://localhost:8000/" "Mozilla/5.0 (Windows NT 10.0; Win64; x64) AppleWebKit/537.36 (KHTML, like Gecko) Chrome/87.0.4280.88 Safari/537.36 Edg/87.0.664.66"
::1 - - [30/Dec/2020:08:01:12 +0000] "GET /static/js/tabulator.min.js HTTP/1.1" 304 - "http://localhost:8000/" "Mozilla/5.0 (Windows NT 10.0; Win64; x64) AppleWebKit/537.36 (KHTML, like Gecko) Chrome/87.0.4280.88 Safari/537.36 Edg/87.0.664.66"
::1 - - [30/Dec/2020:08:01:12 +0000] "GET /static/js/md5.min.js HTTP/1.1" 304 - "http://localhost:8000/" "Mozilla/5.0 (Windows NT 10.0; Win64; x64) AppleWebKit/537.36 (KHTML, like Gecko) Chrome/87.0.4280.88 Safari/537.36 Edg/87.0.664.66"
::1 - - [30/Dec/2020:08:01:12 +0000] "GET /static/img/logo.png HTTP/1.1" 304 - "http://localhost:8000/" "Mozilla/5.0 (Windows NT 10.0; Win64; x64) AppleWebKit/537.36 (KHTML, like Gecko) Chrome/87.0.4280.88 Safari/537.36 Edg/87.0.664.66"
::1 - - [30/Dec/2020:08:01:12 +0000] "GET /static/img/botAvatar.png HTTP/1.1" 304 - "http://localhost:8000/" "Mozilla/5.0 (Windows NT 10.0; Win64; x64) AppleWebKit/537.36 (KHTML, like Gecko) Chrome/87.0.4280.88 Safari/537.36 Edg/87.0.664.66"
::1 - - [30/Dec/2020:08:01:12 +0000] "GET /static/css/style.css HTTP/1.1" 304 - "http://localhost:8000/static/css/style.css" "Mozilla/5.0 (Windows NT 10.0; Win64; x64) AppleWebKit/537.36 (KHTML, like Gecko) Chrome/87.0.4280.88 Safari/537.36 Edg/87.0.664.66"
::1 - - [30/Dec/2020:08:01:13 +0000] "GET /static/css/tabulator_materialize.min.css.map HTTP/1.1" 404 101 "-" "Mozilla/5.0 (Windows NT 10.0; Win64; x64) AppleWebKit/537.36 (KHTML, like Gecko) Chrome/87.0.4280.88 Safari/537.36 Edg/87.0.664.66"
::1 - - [30/Dec/2020:08:01:13 +0000] "GET /static/js/hammer.min.js.map HTTP/1.1" 404 84 "-" "Mozilla/5.0 (Windows NT 10.0; Win64; x64) AppleWebKit/537.36 (KHTML, like Gecko) Chrome/87.0.4280.88 Safari/537.36 Edg/87.0.664.66"
::1 - - [30/Dec/2020:08:01:13 +0000] "GET /static/js/md5.min.js.map HTTP/1.1" 404 81 "-" "Mozilla/5.0 (Windows NT 10.0; Win64; x64) AppleWebKit/537.36 (KHTML, like Gecko) Chrome/87.0.4280.88 Safari/537.36 Edg/87.0.664.66"
::1 - - [30/Dec/2020:08:01:13 +0000] "GET /static/img/sara_avatar.png HTTP/1.1" 304 - "http://localhost:8000/" "Mozilla/5.0 (Windows NT 10.0; Win64; x64) AppleWebKit/537.36 (KHTML, like Gecko) Chrome/87.0.4280.88 Safari/537.36 Edg/87.0.664.66"
::ffff:127.0.0.1 - - [30/Dec/2020:08:01:13 +0000] "POST /api/v1/user/verifyUser HTTP/1.1" 200 91 "-" "axios/0.20.0"
::1 - - [30/Dec/2020:08:01:13 +0000] "POST /user/bot/webhook HTTP/1.1" 200 233 "http://localhost:8000/" "Mozilla/5.0 (Windows NT 10.0; Win64; x64) AppleWebKit/537.36 (KHTML, like Gecko) Chrome/87.0.4280.88 Safari/537.36 Edg/87.0.664.66"
::1 - - [30/Dec/2020:08:01:18 +0000] "GET /static/img/userAvatar.jpg HTTP/1.1" 304 - "http://localhost:8000/" "Mozilla/5.0 (Windows NT 10.0; Win64; x64) AppleWebKit/537.36 (KHTML, like Gecko) Chrome/87.0.4280.88 Safari/537.36 Edg/87.0.664.66"
::ffff:127.0.0.1 - - [30/Dec/2020:08:01:18 +0000] "POST /api/v1/user/verifyUser HTTP/1.1" 200 91 "-" "axios/0.20.0"
::1 - - [30/Dec/2020:08:01:18 +0000] "POST /user/bot/webhook HTTP/1.1" 200 539 "http://localhost:8000/" "Mozilla/5.0 (Windows NT 10.0; Win64; x64) AppleWebKit/537.36 (KHTML, like Gecko) Chrome/87.0.4280.88 Safari/537.36 Edg/87.0.664.66"
::ffff:127.0.0.1 - - [30/Dec/2020:08:01:21 +0000] "POST /api/v1/user/verifyUser HTTP/1.1" 200 91 "-" "axios/0.20.0"
::1 - - [30/Dec/2020:08:01:21 +0000] "POST /user/bot/webhook HTTP/1.1" 200 446 "http://localhost:8000/" "Mozilla/5.0 (Windows NT 10.0; Win64; x64) AppleWebKit/537.36 (KHTML, like Gecko) Chrome/87.0.4280.88 Safari/537.36 Edg/87.0.664.66"
::ffff:127.0.0.1 - - [30/Dec/2020:08:01:25 +0000] "POST /api/v1/user/verifyUser HTTP/1.1" 200 91 "-" "axios/0.20.0"
::ffff:127.0.0.1 - - [30/Dec/2020:08:01:25 +0000] "POST /api/v1/sales/aggregator_revenue HTTP/1.1" 200 163 "-" "axios/0.20.0"
::1 - - [30/Dec/2020:08:01:25 +0000] "POST /user/bot/webhook HTTP/1.1" 200 1229 "http://localhost:8000/" "Mozilla/5.0 (Windows NT 10.0; Win64; x64) AppleWebKit/537.36 (KHTML, like Gecko) Chrome/87.0.4280.88 Safari/537.36 Edg/87.0.664.66"
::1 - - [30/Dec/2020:08:03:50 +0000] "GET / HTTP/1.1" 200 6143 "-" "Mozilla/5.0 (X11; Linux x86_64) AppleWebKit/537.36 (KHTML, like Gecko) Chrome/87.0.4280.101 Safari/537.36"
::1 - - [30/Dec/2020:08:03:51 +0000] "GET /static/css/materialize.min.css HTTP/1.1" 200 141841 "https://d7e8cf89d300.ngrok.io/" "Mozilla/5.0 (X11; Linux x86_64) AppleWebKit/537.36 (KHTML, like Gecko) Chrome/87.0.4280.101 Safari/537.36"
::1 - - [30/Dec/2020:08:03:51 +0000] "GET /static/css/tabulator_materialize.min.css HTTP/1.1" 200 23058 "https://d7e8cf89d300.ngrok.io/" "Mozilla/5.0 (X11; Linux x86_64) AppleWebKit/537.36 (KHTML, like Gecko) Chrome/87.0.4280.101 Safari/537.36"
::1 - - [30/Dec/2020:08:03:51 +0000] "GET /static/js/materialize.min.js HTTP/1.1" 200 181114 "https://d7e8cf89d300.ngrok.io/" "Mozilla/5.0 (X11; Linux x86_64) AppleWebKit/537.36 (KHTML, like Gecko) Chrome/87.0.4280.101 Safari/537.36"
::1 - - [30/Dec/2020:08:03:51 +0000] "GET /static/css/style.css HTTP/1.1" 200 33445 "https://d7e8cf89d300.ngrok.io/" "Mozilla/5.0 (X11; Linux x86_64) AppleWebKit/537.36 (KHTML, like Gecko) Chrome/87.0.4280.101 Safari/537.36"
::1 - - [30/Dec/2020:08:03:51 +0000] "GET /static/js/hammer.min.js HTTP/1.1" 200 20765 "https://d7e8cf89d300.ngrok.io/" "Mozilla/5.0 (X11; Linux x86_64) AppleWebKit/537.36 (KHTML, like Gecko) Chrome/87.0.4280.101 Safari/537.36"
::1 - - [30/Dec/2020:08:03:51 +0000] "GET /static/js/chartjs-plugin-zoom.min.js HTTP/1.1" 200 9552 "https://d7e8cf89d300.ngrok.io/" "Mozilla/5.0 (X11; Linux x86_64) AppleWebKit/537.36 (KHTML, like Gecko) Chrome/87.0.4280.101 Safari/537.36"
::1 - - [30/Dec/2020:08:03:51 +0000] "GET /static/js/md5.min.js HTTP/1.1" 200 3771 "https://d7e8cf89d300.ngrok.io/" "Mozilla/5.0 (X11; Linux x86_64) AppleWebKit/537.36 (KHTML, like Gecko) Chrome/87.0.4280.101 Safari/537.36"
::1 - - [30/Dec/2020:08:03:51 +0000] "GET /static/js/script.js HTTP/1.1" 200 78616 "https://d7e8cf89d300.ngrok.io/" "Mozilla/5.0 (X11; Linux x86_64) AppleWebKit/537.36 (KHTML, like Gecko) Chrome/87.0.4280.101 Safari/537.36"
::1 - - [30/Dec/2020:08:03:51 +0000] "GET /static/js/moment.min.js HTTP/1.1" 200 53324 "https://d7e8cf89d300.ngrok.io/" "Mozilla/5.0 (X11; Linux x86_64) AppleWebKit/537.36 (KHTML, like Gecko) Chrome/87.0.4280.101 Safari/537.36"
::1 - - [30/Dec/2020:08:03:51 +0000] "GET /static/js/chart.min.js HTTP/1.1" 200 210029 "https://d7e8cf89d300.ngrok.io/" "Mozilla/5.0 (X11; Linux x86_64) AppleWebKit/537.36 (KHTML, like Gecko) Chrome/87.0.4280.101 Safari/537.36"
::1 - - [30/Dec/2020:08:03:51 +0000] "GET /static/js/tabulator.min.js HTTP/1.1" 200 228105 "https://d7e8cf89d300.ngrok.io/" "Mozilla/5.0 (X11; Linux x86_64) AppleWebKit/537.36 (KHTML, like Gecko) Chrome/87.0.4280.101 Safari/537.36"
::1 - - [30/Dec/2020:08:03:53 +0000] "GET /static/img/botAvatar.png HTTP/1.1" 200 49464 "https://d7e8cf89d300.ngrok.io/" "Mozilla/5.0 (X11; Linux x86_64) AppleWebKit/537.36 (KHTML, like Gecko) Chrome/87.0.4280.101 Safari/537.36"
::1 - - [30/Dec/2020:08:03:53 +0000] "GET /static/img/logo.png HTTP/1.1" 200 49464 "https://d7e8cf89d300.ngrok.io/" "Mozilla/5.0 (X11; Linux x86_64) AppleWebKit/537.36 (KHTML, like Gecko) Chrome/87.0.4280.101 Safari/537.36"
::1 - - [30/Dec/2020:08:03:53 +0000] "GET /static/css/style.css HTTP/1.1" 304 - "https://d7e8cf89d300.ngrok.io/static/css/style.css" "Mozilla/5.0 (X11; Linux x86_64) AppleWebKit/537.36 (KHTML, like Gecko) Chrome/87.0.4280.101 Safari/537.36"
::1 - - [30/Dec/2020:08:03:57 +0000] "POST /user/bot/webhook HTTP/1.1" 200 71 "https://d7e8cf89d300.ngrok.io/" "Mozilla/5.0 (X11; Linux x86_64) AppleWebKit/537.36 (KHTML, like Gecko) Chrome/87.0.4280.101 Safari/537.36"
::1 - - [30/Dec/2020:08:03:57 +0000] "GET /static/img/sara_avatar.png HTTP/1.1" 200 213283 "https://d7e8cf89d300.ngrok.io/" "Mozilla/5.0 (X11; Linux x86_64) AppleWebKit/537.36 (KHTML, like Gecko) Chrome/87.0.4280.101 Safari/537.36"
::1 - - [30/Dec/2020:08:03:57 +0000] "GET /favicon.ico HTTP/1.1" 404 68 "https://d7e8cf89d300.ngrok.io/" "Mozilla/5.0 (X11; Linux x86_64) AppleWebKit/537.36 (KHTML, like Gecko) Chrome/87.0.4280.101 Safari/537.36"
::1 - - [30/Dec/2020:08:04:10 +0000] "GET / HTTP/1.1" 304 - "-" "Mozilla/5.0 (Linux; Android 7.1.1; Moto E (4)) AppleWebKit/537.36 (KHTML, like Gecko) Chrome/87.0.4280.101 Mobile Safari/537.36"
::1 - - [30/Dec/2020:08:04:11 +0000] "GET /static/css/materialize.min.css HTTP/1.1" 304 - "https://d7e8cf89d300.ngrok.io/" "Mozilla/5.0 (Linux; Android 7.1.1; Moto E (4)) AppleWebKit/537.36 (KHTML, like Gecko) Chrome/87.0.4280.101 Mobile Safari/537.36"
::1 - - [30/Dec/2020:08:04:11 +0000] "GET /static/css/tabulator_materialize.min.css HTTP/1.1" 304 - "https://d7e8cf89d300.ngrok.io/" "Mozilla/5.0 (Linux; Android 7.1.1; Moto E (4)) AppleWebKit/537.36 (KHTML, like Gecko) Chrome/87.0.4280.101 Mobile Safari/537.36"
::1 - - [30/Dec/2020:08:04:11 +0000] "GET /static/css/style.css HTTP/1.1" 304 - "https://d7e8cf89d300.ngrok.io/" "Mozilla/5.0 (Linux; Android 7.1.1; Moto E (4)) AppleWebKit/537.36 (KHTML, like Gecko) Chrome/87.0.4280.101 Mobile Safari/537.36"
::1 - - [30/Dec/2020:08:04:11 +0000] "GET /static/js/chart.min.js HTTP/1.1" 304 - "https://d7e8cf89d300.ngrok.io/" "Mozilla/5.0 (Linux; Android 7.1.1; Moto E (4)) AppleWebKit/537.36 (KHTML, like Gecko) Chrome/87.0.4280.101 Mobile Safari/537.36"
::1 - - [30/Dec/2020:08:04:11 +0000] "GET /static/js/materialize.min.js HTTP/1.1" 304 - "https://d7e8cf89d300.ngrok.io/" "Mozilla/5.0 (Linux; Android 7.1.1; Moto E (4)) AppleWebKit/537.36 (KHTML, like Gecko) Chrome/87.0.4280.101 Mobile Safari/537.36"
::1 - - [30/Dec/2020:08:04:11 +0000] "GET /static/js/script.js HTTP/1.1" 304 - "https://d7e8cf89d300.ngrok.io/" "Mozilla/5.0 (Linux; Android 7.1.1; Moto E (4)) AppleWebKit/537.36 (KHTML, like Gecko) Chrome/87.0.4280.101 Mobile Safari/537.36"
::1 - - [30/Dec/2020:08:04:11 +0000] "GET /static/js/hammer.min.js HTTP/1.1" 304 - "https://d7e8cf89d300.ngrok.io/" "Mozilla/5.0 (Linux; Android 7.1.1; Moto E (4)) AppleWebKit/537.36 (KHTML, like Gecko) Chrome/87.0.4280.101 Mobile Safari/537.36"
::1 - - [30/Dec/2020:08:04:11 +0000] "GET /static/js/chartjs-plugin-zoom.min.js HTTP/1.1" 304 - "https://d7e8cf89d300.ngrok.io/" "Mozilla/5.0 (Linux; Android 7.1.1; Moto E (4)) AppleWebKit/537.36 (KHTML, like Gecko) Chrome/87.0.4280.101 Mobile Safari/537.36"
::1 - - [30/Dec/2020:08:04:11 +0000] "GET /static/img/botAvatar.png HTTP/1.1" 304 - "https://d7e8cf89d300.ngrok.io/" "Mozilla/5.0 (Linux; Android 7.1.1; Moto E (4)) AppleWebKit/537.36 (KHTML, like Gecko) Chrome/87.0.4280.101 Mobile Safari/537.36"
::1 - - [30/Dec/2020:08:04:11 +0000] "GET /static/js/moment.min.js HTTP/1.1" 304 - "https://d7e8cf89d300.ngrok.io/" "Mozilla/5.0 (Linux; Android 7.1.1; Moto E (4)) AppleWebKit/537.36 (KHTML, like Gecko) Chrome/87.0.4280.101 Mobile Safari/537.36"
::1 - - [30/Dec/2020:08:04:11 +0000] "GET /static/img/logo.png HTTP/1.1" 304 - "https://d7e8cf89d300.ngrok.io/" "Mozilla/5.0 (Linux; Android 7.1.1; Moto E (4)) AppleWebKit/537.36 (KHTML, like Gecko) Chrome/87.0.4280.101 Mobile Safari/537.36"
::1 - - [30/Dec/2020:08:04:11 +0000] "GET /static/js/md5.min.js HTTP/1.1" 304 - "https://d7e8cf89d300.ngrok.io/" "Mozilla/5.0 (Linux; Android 7.1.1; Moto E (4)) AppleWebKit/537.36 (KHTML, like Gecko) Chrome/87.0.4280.101 Mobile Safari/537.36"
::1 - - [30/Dec/2020:08:04:11 +0000] "GET /static/js/tabulator.min.js HTTP/1.1" 304 - "https://d7e8cf89d300.ngrok.io/" "Mozilla/5.0 (Linux; Android 7.1.1; Moto E (4)) AppleWebKit/537.36 (KHTML, like Gecko) Chrome/87.0.4280.101 Mobile Safari/537.36"
::1 - - [30/Dec/2020:08:04:12 +0000] "GET /static/css/style.css HTTP/1.1" 304 - "https://d7e8cf89d300.ngrok.io/static/css/style.css" "Mozilla/5.0 (Linux; Android 7.1.1; Moto E (4)) AppleWebKit/537.36 (KHTML, like Gecko) Chrome/87.0.4280.101 Mobile Safari/537.36"
::1 - - [30/Dec/2020:08:04:12 +0000] "POST /user/bot/webhook HTTP/1.1" 200 71 "https://d7e8cf89d300.ngrok.io/" "Mozilla/5.0 (Linux; Android 7.1.1; Moto E (4)) AppleWebKit/537.36 (KHTML, like Gecko) Chrome/87.0.4280.101 Mobile Safari/537.36"
::1 - - [30/Dec/2020:08:04:12 +0000] "GET /static/img/sara_avatar.png HTTP/1.1" 304 - "https://d7e8cf89d300.ngrok.io/" "Mozilla/5.0 (Linux; Android 7.1.1; Moto E (4)) AppleWebKit/537.36 (KHTML, like Gecko) Chrome/87.0.4280.101 Mobile Safari/537.36"
::ffff:127.0.0.1 - - [30/Dec/2020:08:04:27 +0000] "POST /api/v1/user/login HTTP/1.1" 200 91 "-" "axios/0.20.0"
::1 - - [30/Dec/2020:08:04:27 +0000] "POST /user/login HTTP/1.1" 200 256 "https://d7e8cf89d300.ngrok.io/" "Mozilla/5.0 (Linux; Android 7.1.1; Moto E (4)) AppleWebKit/537.36 (KHTML, like Gecko) Chrome/87.0.4280.101 Mobile Safari/537.36"
::ffff:127.0.0.1 - - [30/Dec/2020:08:04:28 +0000] "POST /api/v1/user/verifyUser HTTP/1.1" 200 91 "-" "axios/0.20.0"
::1 - - [30/Dec/2020:08:04:28 +0000] "POST /user/bot/webhook HTTP/1.1" 200 233 "https://d7e8cf89d300.ngrok.io/" "Mozilla/5.0 (Linux; Android 7.1.1; Moto E (4)) AppleWebKit/537.36 (KHTML, like Gecko) Chrome/87.0.4280.101 Mobile Safari/537.36"
::1 - - [30/Dec/2020:08:04:28 +0000] "GET / HTTP/1.1" 200 6143 "https://www.google.com/" "Mozilla/5.0 (Linux; Android 9; Redmi Note 5 Pro) AppleWebKit/537.36 (KHTML, like Gecko) Chrome/85.0.4183.81 Mobile Safari/537.36"
::1 - - [30/Dec/2020:08:04:29 +0000] "GET /static/img/sara_avatar.png HTTP/1.1" 304 - "https://d7e8cf89d300.ngrok.io/" "Mozilla/5.0 (Linux; Android 7.1.1; Moto E (4)) AppleWebKit/537.36 (KHTML, like Gecko) Chrome/87.0.4280.101 Mobile Safari/537.36"
::ffff:127.0.0.1 - - [30/Dec/2020:08:04:31 +0000] "POST /api/v1/user/verifyUser HTTP/1.1" 200 91 "-" "axios/0.20.0"
::1 - - [30/Dec/2020:08:04:31 +0000] "POST /user/bot/webhook HTTP/1.1" 200 539 "https://d7e8cf89d300.ngrok.io/" "Mozilla/5.0 (Linux; Android 7.1.1; Moto E (4)) AppleWebKit/537.36 (KHTML, like Gecko) Chrome/87.0.4280.101 Mobile Safari/537.36"
::1 - - [30/Dec/2020:08:04:31 +0000] "GET /static/js/chart.min.js HTTP/1.1" 200 210029 "https://d7e8cf89d300.ngrok.io/" "Mozilla/5.0 (Linux; Android 9; Redmi Note 5 Pro) AppleWebKit/537.36 (KHTML, like Gecko) Chrome/85.0.4183.81 Mobile Safari/537.36"
::1 - - [30/Dec/2020:08:04:31 +0000] "GET /static/img/userAvatar.jpg HTTP/1.1" 200 24293 "https://d7e8cf89d300.ngrok.io/" "Mozilla/5.0 (Linux; Android 7.1.1; Moto E (4)) AppleWebKit/537.36 (KHTML, like Gecko) Chrome/87.0.4280.101 Mobile Safari/537.36"
::1 - - [30/Dec/2020:08:04:31 +0000] "GET /static/js/tabulator.min.js HTTP/1.1" 200 228105 "https://d7e8cf89d300.ngrok.io/" "Mozilla/5.0 (Linux; Android 9; Redmi Note 5 Pro) AppleWebKit/537.36 (KHTML, like Gecko) Chrome/85.0.4183.81 Mobile Safari/537.36"
::1 - - [30/Dec/2020:08:04:31 +0000] "GET /static/js/md5.min.js HTTP/1.1" 200 3771 "https://d7e8cf89d300.ngrok.io/" "Mozilla/5.0 (Linux; Android 9; Redmi Note 5 Pro) AppleWebKit/537.36 (KHTML, like Gecko) Chrome/85.0.4183.81 Mobile Safari/537.36"
::1 - - [30/Dec/2020:08:04:31 +0000] "GET /static/js/chartjs-plugin-zoom.min.js HTTP/1.1" 200 9552 "https://d7e8cf89d300.ngrok.io/" "Mozilla/5.0 (Linux; Android 9; Redmi Note 5 Pro) AppleWebKit/537.36 (KHTML, like Gecko) Chrome/85.0.4183.81 Mobile Safari/537.36"
::1 - - [30/Dec/2020:08:04:31 +0000] "GET /static/img/logo.png HTTP/1.1" 200 49464 "https://d7e8cf89d300.ngrok.io/" "Mozilla/5.0 (Linux; Android 9; Redmi Note 5 Pro) AppleWebKit/537.36 (KHTML, like Gecko) Chrome/85.0.4183.81 Mobile Safari/537.36"
::1 - - [30/Dec/2020:08:04:31 +0000] "GET /static/css/tabulator_materialize.min.css HTTP/1.1" 200 23058 "https://d7e8cf89d300.ngrok.io/" "Mozilla/5.0 (Linux; Android 9; Redmi Note 5 Pro) AppleWebKit/537.36 (KHTML, like Gecko) Chrome/85.0.4183.81 Mobile Safari/537.36"
::1 - - [30/Dec/2020:08:04:31 +0000] "GET /static/js/materialize.min.js HTTP/1.1" 200 181114 "https://d7e8cf89d300.ngrok.io/" "Mozilla/5.0 (Linux; Android 9; Redmi Note 5 Pro) AppleWebKit/537.36 (KHTML, like Gecko) Chrome/85.0.4183.81 Mobile Safari/537.36"
::1 - - [30/Dec/2020:08:04:31 +0000] "GET /static/img/botAvatar.png HTTP/1.1" 200 49464 "https://d7e8cf89d300.ngrok.io/" "Mozilla/5.0 (Linux; Android 9; Redmi Note 5 Pro) AppleWebKit/537.36 (KHTML, like Gecko) Chrome/85.0.4183.81 Mobile Safari/537.36"
::1 - - [30/Dec/2020:08:04:31 +0000] "GET /static/css/style.css HTTP/1.1" 200 33445 "https://d7e8cf89d300.ngrok.io/" "Mozilla/5.0 (Linux; Android 9; Redmi Note 5 Pro) AppleWebKit/537.36 (KHTML, like Gecko) Chrome/85.0.4183.81 Mobile Safari/537.36"
::1 - - [30/Dec/2020:08:04:31 +0000] "GET /static/js/script.js HTTP/1.1" 200 78616 "https://d7e8cf89d300.ngrok.io/" "Mozilla/5.0 (Linux; Android 9; Redmi Note 5 Pro) AppleWebKit/537.36 (KHTML, like Gecko) Chrome/85.0.4183.81 Mobile Safari/537.36"
