::ffff:127.0.0.1 - - [02/Mar/2021:13:02:55 +0000] "GET /static/img/userAvatar.jpg HTTP/1.1" 304 - "http://localhost:8000/" "Mozilla/5.0 (Linux; U; Android 4.3; en-us; SM-N900T Build/JSS15J) AppleWebKit/534.30 (KHTML, like Gecko) Version/4.0 Mobile Safari/534.30"
::ffff:127.0.0.1 - - [02/Mar/2021:13:02:55 +0000] "POST /api/v1/user/verifyUser HTTP/1.1" 200 1662 "-" "axios/0.21.1"
::ffff:127.0.0.1 - - [02/Mar/2021:13:02:56 +0000] "POST /user/bot/webhook HTTP/1.1" 200 284 "http://localhost:8000/" "Mozilla/5.0 (Linux; U; Android 4.3; en-us; SM-N900T Build/JSS15J) AppleWebKit/534.30 (KHTML, like Gecko) Version/4.0 Mobile Safari/534.30"
::ffff:127.0.0.1 - - [02/Mar/2021:13:02:59 +0000] "POST /api/v1/user/verifyUser HTTP/1.1" 200 1662 "-" "axios/0.21.1"
::ffff:127.0.0.1 - - [02/Mar/2021:13:03:00 +0000] "POST /api/v1/expense/create_expense_form HTTP/1.1" 200 307 "-" "axios/0.21.1"
::ffff:127.0.0.1 - - [02/Mar/2021:13:03:00 +0000] "POST /user/bot/webhook HTTP/1.1" 200 524 "http://localhost:8000/" "Mozilla/5.0 (Linux; U; Android 4.3; en-us; SM-N900T Build/JSS15J) AppleWebKit/534.30 (KHTML, like Gecko) Version/4.0 Mobile Safari/534.30"
::ffff:127.0.0.1 - - [02/Mar/2021:13:06:45 +0000] "GET /static/css/style.css HTTP/1.1" 304 - "http://localhost:8000/static/css/style.css" "Mozilla/5.0 (Linux; U; Android 4.3; en-us; SM-N900T Build/JSS15J) AppleWebKit/534.30 (KHTML, like Gecko) Version/4.0 Mobile Safari/534.30"
::ffff:127.0.0.1 - - [02/Mar/2021:13:06:46 +0000] "GET /static/css/style.css HTTP/1.1" 304 - "http://localhost:8000/static/css/style.css" "Mozilla/5.0 (Linux; U; Android 4.3; en-us; SM-N900T Build/JSS15J) AppleWebKit/534.30 (KHTML, like Gecko) Version/4.0 Mobile Safari/534.30"
::ffff:127.0.0.1 - - [02/Mar/2021:13:06:47 +0000] "GET /static/css/style.css HTTP/1.1" 304 - "http://localhost:8000/static/css/style.css" "Mozilla/5.0 (Linux; U; Android 4.3; en-us; SM-N900T Build/JSS15J) AppleWebKit/534.30 (KHTML, like Gecko) Version/4.0 Mobile Safari/534.30"
::ffff:127.0.0.1 - - [02/Mar/2021:13:06:48 +0000] "GET /static/css/style.css HTTP/1.1" 304 - "http://localhost:8000/static/css/style.css" "Mozilla/5.0 (Linux; U; Android 4.3; en-us; SM-N900T Build/JSS15J) AppleWebKit/534.30 (KHTML, like Gecko) Version/4.0 Mobile Safari/534.30"
::ffff:127.0.0.1 - - [02/Mar/2021:13:06:49 +0000] "GET /static/css/style.css HTTP/1.1" 304 - "http://localhost:8000/static/css/style.css" "Mozilla/5.0 (Linux; U; Android 4.3; en-us; SM-N900T Build/JSS15J) AppleWebKit/534.30 (KHTML, like Gecko) Version/4.0 Mobile Safari/534.30"
::ffff:127.0.0.1 - - [02/Mar/2021:13:06:51 +0000] "GET /static/css/style.css HTTP/1.1" 304 - "http://localhost:8000/static/css/style.css" "Mozilla/5.0 (Linux; U; Android 4.3; en-us; SM-N900T Build/JSS15J) AppleWebKit/534.30 (KHTML, like Gecko) Version/4.0 Mobile Safari/534.30"
::ffff:127.0.0.1 - - [02/Mar/2021:13:06:54 +0000] "GET /static/css/style.css HTTP/1.1" 304 - "http://localhost:8000/static/css/style.css" "Mozilla/5.0 (Linux; U; Android 4.3; en-us; SM-N900T Build/JSS15J) AppleWebKit/534.30 (KHTML, like Gecko) Version/4.0 Mobile Safari/534.30"
::ffff:127.0.0.1 - - [02/Mar/2021:13:06:54 +0000] "GET /static/css/style.css HTTP/1.1" 304 - "http://localhost:8000/static/css/style.css" "Mozilla/5.0 (Linux; U; Android 4.3; en-us; SM-N900T Build/JSS15J) AppleWebKit/534.30 (KHTML, like Gecko) Version/4.0 Mobile Safari/534.30"
::ffff:127.0.0.1 - - [02/Mar/2021:13:10:29 +0000] "GET /static/css/style.css HTTP/1.1" 304 - "http://localhost:8000/static/css/style.css" "Mozilla/5.0 (Linux; U; Android 4.3; en-us; SM-N900T Build/JSS15J) AppleWebKit/534.30 (KHTML, like Gecko) Version/4.0 Mobile Safari/534.30"
::ffff:127.0.0.1 - - [02/Mar/2021:13:10:31 +0000] "GET /static/css/style.css HTTP/1.1" 304 - "http://localhost:8000/static/css/style.css" "Mozilla/5.0 (Linux; U; Android 4.3; en-us; SM-N900T Build/JSS15J) AppleWebKit/534.30 (KHTML, like Gecko) Version/4.0 Mobile Safari/534.30"
::ffff:127.0.0.1 - - [02/Mar/2021:13:10:32 +0000] "GET /static/css/style.css HTTP/1.1" 304 - "http://localhost:8000/static/css/style.css" "Mozilla/5.0 (Linux; U; Android 4.3; en-us; SM-N900T Build/JSS15J) AppleWebKit/534.30 (KHTML, like Gecko) Version/4.0 Mobile Safari/534.30"
::ffff:127.0.0.1 - - [02/Mar/2021:13:20:39 +0000] "GET / HTTP/1.1" 304 - "-" "Mozilla/5.0 (Linux; U; Android 4.3; en-us; SM-N900T Build/JSS15J) AppleWebKit/534.30 (KHTML, like Gecko) Version/4.0 Mobile Safari/534.30"
::ffff:127.0.0.1 - - [02/Mar/2021:13:20:39 +0000] "GET /static/css/materialize.min.css HTTP/1.1" 304 - "http://localhost:8000/" "Mozilla/5.0 (Linux; U; Android 4.3; en-us; SM-N900T Build/JSS15J) AppleWebKit/534.30 (KHTML, like Gecko) Version/4.0 Mobile Safari/534.30"
::ffff:127.0.0.1 - - [02/Mar/2021:13:20:40 +0000] "GET /static/css/tabulator_materialize.min.css HTTP/1.1" 304 - "http://localhost:8000/" "Mozilla/5.0 (Linux; U; Android 4.3; en-us; SM-N900T Build/JSS15J) AppleWebKit/534.30 (KHTML, like Gecko) Version/4.0 Mobile Safari/534.30"
::ffff:127.0.0.1 - - [02/Mar/2021:13:20:40 +0000] "GET /static/css/style.css HTTP/1.1" 304 - "http://localhost:8000/" "Mozilla/5.0 (Linux; U; Android 4.3; en-us; SM-N900T Build/JSS15J) AppleWebKit/534.30 (KHTML, like Gecko) Version/4.0 Mobile Safari/534.30"
::ffff:127.0.0.1 - - [02/Mar/2021:13:20:40 +0000] "GET /static/js/materialize.min.js HTTP/1.1" 304 - "http://localhost:8000/" "Mozilla/5.0 (Linux; U; Android 4.3; en-us; SM-N900T Build/JSS15J) AppleWebKit/534.30 (KHTML, like Gecko) Version/4.0 Mobile Safari/534.30"
::ffff:127.0.0.1 - - [02/Mar/2021:13:20:40 +0000] "GET /static/js/moment.min.js HTTP/1.1" 304 - "http://localhost:8000/" "Mozilla/5.0 (Linux; U; Android 4.3; en-us; SM-N900T Build/JSS15J) AppleWebKit/534.30 (KHTML, like Gecko) Version/4.0 Mobile Safari/534.30"
::ffff:127.0.0.1 - - [02/Mar/2021:13:20:40 +0000] "GET /static/js/chart.min.js HTTP/1.1" 304 - "http://localhost:8000/" "Mozilla/5.0 (Linux; U; Android 4.3; en-us; SM-N900T Build/JSS15J) AppleWebKit/534.30 (KHTML, like Gecko) Version/4.0 Mobile Safari/534.30"
::ffff:127.0.0.1 - - [02/Mar/2021:13:20:40 +0000] "GET /static/js/hammer.min.js HTTP/1.1" 304 - "http://localhost:8000/" "Mozilla/5.0 (Linux; U; Android 4.3; en-us; SM-N900T Build/JSS15J) AppleWebKit/534.30 (KHTML, like Gecko) Version/4.0 Mobile Safari/534.30"
::ffff:127.0.0.1 - - [02/Mar/2021:13:20:40 +0000] "GET /static/js/chartjs-plugin-zoom.min.js HTTP/1.1" 304 - "http://localhost:8000/" "Mozilla/5.0 (Linux; U; Android 4.3; en-us; SM-N900T Build/JSS15J) AppleWebKit/534.30 (KHTML, like Gecko) Version/4.0 Mobile Safari/534.30"
::ffff:127.0.0.1 - - [02/Mar/2021:13:20:40 +0000] "GET /static/js/tabulator.min.js HTTP/1.1" 304 - "http://localhost:8000/" "Mozilla/5.0 (Linux; U; Android 4.3; en-us; SM-N900T Build/JSS15J) AppleWebKit/534.30 (KHTML, like Gecko) Version/4.0 Mobile Safari/534.30"
::ffff:127.0.0.1 - - [02/Mar/2021:13:20:40 +0000] "GET /static/js/md5.min.js HTTP/1.1" 304 - "http://localhost:8000/" "Mozilla/5.0 (Linux; U; Android 4.3; en-us; SM-N900T Build/JSS15J) AppleWebKit/534.30 (KHTML, like Gecko) Version/4.0 Mobile Safari/534.30"
::ffff:127.0.0.1 - - [02/Mar/2021:13:20:40 +0000] "GET /static/js/script.js HTTP/1.1" 200 112920 "http://localhost:8000/" "Mozilla/5.0 (Linux; U; Android 4.3; en-us; SM-N900T Build/JSS15J) AppleWebKit/534.30 (KHTML, like Gecko) Version/4.0 Mobile Safari/534.30"
::ffff:127.0.0.1 - - [02/Mar/2021:13:20:40 +0000] "GET /static/img/botAvatar.png HTTP/1.1" 200 20378 "http://localhost:8000/" "Mozilla/5.0 (Linux; U; Android 4.3; en-us; SM-N900T Build/JSS15J) AppleWebKit/534.30 (KHTML, like Gecko) Version/4.0 Mobile Safari/534.30"
::ffff:127.0.0.1 - - [02/Mar/2021:13:20:40 +0000] "GET /static/img/logo.png HTTP/1.1" 200 49464 "http://localhost:8000/" "Mozilla/5.0 (Linux; U; Android 4.3; en-us; SM-N900T Build/JSS15J) AppleWebKit/534.30 (KHTML, like Gecko) Version/4.0 Mobile Safari/534.30"
::ffff:127.0.0.1 - - [02/Mar/2021:13:20:42 +0000] "GET /static/css/style.css HTTP/1.1" 304 - "http://localhost:8000/static/css/style.css" "Mozilla/5.0 (Linux; U; Android 4.3; en-us; SM-N900T Build/JSS15J) AppleWebKit/534.30 (KHTML, like Gecko) Version/4.0 Mobile Safari/534.30"
::ffff:127.0.0.1 - - [02/Mar/2021:13:20:44 +0000] "GET /favicon.ico HTTP/1.1" - - "http://localhost:8000/" "Mozilla/5.0 (Linux; U; Android 4.3; en-us; SM-N900T Build/JSS15J) AppleWebKit/534.30 (KHTML, like Gecko) Version/4.0 Mobile Safari/534.30"
::ffff:127.0.0.1 - - [02/Mar/2021:13:21:26 +0000] "GET /static/img/sara_avatar.png HTTP/1.1" 304 - "http://localhost:8000/" "Mozilla/5.0 (Linux; U; Android 4.3; en-us; SM-N900T Build/JSS15J) AppleWebKit/534.30 (KHTML, like Gecko) Version/4.0 Mobile Safari/534.30"
::ffff:127.0.0.1 - - [02/Mar/2021:13:21:26 +0000] "POST /api/v1/user/verifyUser HTTP/1.1" 200 1662 "-" "axios/0.21.1"
::ffff:127.0.0.1 - - [02/Mar/2021:13:21:27 +0000] "POST /user/bot/webhook HTTP/1.1" 200 184 "http://localhost:8000/" "Mozilla/5.0 (Linux; U; Android 4.3; en-us; SM-N900T Build/JSS15J) AppleWebKit/534.30 (KHTML, like Gecko) Version/4.0 Mobile Safari/534.30"
::ffff:127.0.0.1 - - [02/Mar/2021:13:21:57 +0000] "GET /static/js/hammer.min.js.map HTTP/1.1" 404 84 "-" "Mozilla/5.0 (Windows NT 10.0; Win64; x64; rv:86.0) Gecko/20100101 Firefox/86.0"
::ffff:127.0.0.1 - - [02/Mar/2021:13:21:57 +0000] "GET /static/js/md5.min.js.map HTTP/1.1" 404 81 "-" "Mozilla/5.0 (Windows NT 10.0; Win64; x64; rv:86.0) Gecko/20100101 Firefox/86.0"
::1 - - [02/Mar/2021:13:27:49 +0000] "GET / HTTP/1.1" 200 7361 "-" "WhatsApp/2.21.3.19 A"
::1 - - [02/Mar/2021:13:33:23 +0000] "GET / HTTP/1.1" 200 7361 "-" "Mozilla/5.0 (Linux; Android 7.1.1; Moto E (4)) AppleWebKit/537.36 (KHTML, like Gecko) Chrome/88.0.4324.181 Mobile Safari/537.36"
::1 - - [02/Mar/2021:13:33:24 +0000] "GET /static/css/materialize.min.css HTTP/1.1" 200 141841 "https://8221bc45cd50.ngrok.io/" "Mozilla/5.0 (Linux; Android 7.1.1; Moto E (4)) AppleWebKit/537.36 (KHTML, like Gecko) Chrome/88.0.4324.181 Mobile Safari/537.36"
::1 - - [02/Mar/2021:13:33:24 +0000] "GET /static/css/tabulator_materialize.min.css HTTP/1.1" 200 23058 "https://8221bc45cd50.ngrok.io/" "Mozilla/5.0 (Linux; Android 7.1.1; Moto E (4)) AppleWebKit/537.36 (KHTML, like Gecko) Chrome/88.0.4324.181 Mobile Safari/537.36"
::1 - - [02/Mar/2021:13:33:24 +0000] "GET /static/css/style.css HTTP/1.1" 200 43273 "https://8221bc45cd50.ngrok.io/" "Mozilla/5.0 (Linux; Android 7.1.1; Moto E (4)) AppleWebKit/537.36 (KHTML, like Gecko) Chrome/88.0.4324.181 Mobile Safari/537.36"
::1 - - [02/Mar/2021:13:33:24 +0000] "GET /static/js/moment.min.js HTTP/1.1" 200 53324 "https://8221bc45cd50.ngrok.io/" "Mozilla/5.0 (Linux; Android 7.1.1; Moto E (4)) AppleWebKit/537.36 (KHTML, like Gecko) Chrome/88.0.4324.181 Mobile Safari/537.36"
::1 - - [02/Mar/2021:13:33:24 +0000] "GET /static/js/chartjs-plugin-zoom.min.js HTTP/1.1" 200 9552 "https://8221bc45cd50.ngrok.io/" "Mozilla/5.0 (Linux; Android 7.1.1; Moto E (4)) AppleWebKit/537.36 (KHTML, like Gecko) Chrome/88.0.4324.181 Mobile Safari/537.36"
::1 - - [02/Mar/2021:13:33:24 +0000] "GET /static/js/script.js HTTP/1.1" 200 112920 "https://8221bc45cd50.ngrok.io/" "Mozilla/5.0 (Linux; Android 7.1.1; Moto E (4)) AppleWebKit/537.36 (KHTML, like Gecko) Chrome/88.0.4324.181 Mobile Safari/537.36"
::1 - - [02/Mar/2021:13:33:24 +0000] "GET /static/js/hammer.min.js HTTP/1.1" 200 20765 "https://8221bc45cd50.ngrok.io/" "Mozilla/5.0 (Linux; Android 7.1.1; Moto E (4)) AppleWebKit/537.36 (KHTML, like Gecko) Chrome/88.0.4324.181 Mobile Safari/537.36"
::1 - - [02/Mar/2021:13:33:24 +0000] "GET /static/js/materialize.min.js HTTP/1.1" 200 181114 "https://8221bc45cd50.ngrok.io/" "Mozilla/5.0 (Linux; Android 7.1.1; Moto E (4)) AppleWebKit/537.36 (KHTML, like Gecko) Chrome/88.0.4324.181 Mobile Safari/537.36"
::1 - - [02/Mar/2021:13:33:24 +0000] "GET /static/js/md5.min.js HTTP/1.1" 200 3771 "https://8221bc45cd50.ngrok.io/" "Mozilla/5.0 (Linux; Android 7.1.1; Moto E (4)) AppleWebKit/537.36 (KHTML, like Gecko) Chrome/88.0.4324.181 Mobile Safari/537.36"
::1 - - [02/Mar/2021:13:33:24 +0000] "GET /static/js/chart.min.js HTTP/1.1" 200 210029 "https://8221bc45cd50.ngrok.io/" "Mozilla/5.0 (Linux; Android 7.1.1; Moto E (4)) AppleWebKit/537.36 (KHTML, like Gecko) Chrome/88.0.4324.181 Mobile Safari/537.36"
::1 - - [02/Mar/2021:13:33:24 +0000] "GET /static/js/tabulator.min.js HTTP/1.1" 200 228105 "https://8221bc45cd50.ngrok.io/" "Mozilla/5.0 (Linux; Android 7.1.1; Moto E (4)) AppleWebKit/537.36 (KHTML, like Gecko) Chrome/88.0.4324.181 Mobile Safari/537.36"
::1 - - [02/Mar/2021:13:33:26 +0000] "GET /static/img/logo.png HTTP/1.1" 200 49464 "https://8221bc45cd50.ngrok.io/" "Mozilla/5.0 (Linux; Android 7.1.1; Moto E (4)) AppleWebKit/537.36 (KHTML, like Gecko) Chrome/88.0.4324.181 Mobile Safari/537.36"
::1 - - [02/Mar/2021:13:33:26 +0000] "GET /static/img/botAvatar.png HTTP/1.1" 200 20378 "https://8221bc45cd50.ngrok.io/" "Mozilla/5.0 (Linux; Android 7.1.1; Moto E (4)) AppleWebKit/537.36 (KHTML, like Gecko) Chrome/88.0.4324.181 Mobile Safari/537.36"
::1 - - [02/Mar/2021:13:33:26 +0000] "GET /static/css/style.css HTTP/1.1" 304 - "https://8221bc45cd50.ngrok.io/static/css/style.css" "Mozilla/5.0 (Linux; Android 7.1.1; Moto E (4)) AppleWebKit/537.36 (KHTML, like Gecko) Chrome/88.0.4324.181 Mobile Safari/537.36"
::1 - - [02/Mar/2021:13:33:28 +0000] "POST /user/bot/webhook HTTP/1.1" 200 71 "https://8221bc45cd50.ngrok.io/" "Mozilla/5.0 (Linux; Android 7.1.1; Moto E (4)) AppleWebKit/537.36 (KHTML, like Gecko) Chrome/88.0.4324.181 Mobile Safari/537.36"
::1 - - [02/Mar/2021:13:33:28 +0000] "GET /static/img/sara_avatar.png HTTP/1.1" 200 213283 "https://8221bc45cd50.ngrok.io/" "Mozilla/5.0 (Linux; Android 7.1.1; Moto E (4)) AppleWebKit/537.36 (KHTML, like Gecko) Chrome/88.0.4324.181 Mobile Safari/537.36"
::1 - - [02/Mar/2021:13:33:29 +0000] "GET /favicon.ico HTTP/1.1" 404 68 "https://8221bc45cd50.ngrok.io/" "Mozilla/5.0 (Linux; Android 7.1.1; Moto E (4)) AppleWebKit/537.36 (KHTML, like Gecko) Chrome/88.0.4324.181 Mobile Safari/537.36"
::1 - - [02/Mar/2021:13:34:36 +0000] "GET /static/css/materialize.min.css HTTP/1.1" 304 - "https://8221bc45cd50.ngrok.io/" "Mozilla/5.0 (Linux; Android 7.1.1; Moto E (4)) AppleWebKit/537.36 (KHTML, like Gecko) Chrome/88.0.4324.181 Mobile Safari/537.36"
::1 - - [02/Mar/2021:13:34:36 +0000] "GET /static/css/tabulator_materialize.min.css HTTP/1.1" 304 - "https://8221bc45cd50.ngrok.io/" "Mozilla/5.0 (Linux; Android 7.1.1; Moto E (4)) AppleWebKit/537.36 (KHTML, like Gecko) Chrome/88.0.4324.181 Mobile Safari/537.36"
::1 - - [02/Mar/2021:13:34:36 +0000] "GET /static/js/materialize.min.js HTTP/1.1" 304 - "https://8221bc45cd50.ngrok.io/" "Mozilla/5.0 (Linux; Android 7.1.1; Moto E (4)) AppleWebKit/537.36 (KHTML, like Gecko) Chrome/88.0.4324.181 Mobile Safari/537.36"
::1 - - [02/Mar/2021:13:34:36 +0000] "GET /static/css/style.css HTTP/1.1" 304 - "https://8221bc45cd50.ngrok.io/" "Mozilla/5.0 (Linux; Android 7.1.1; Moto E (4)) AppleWebKit/537.36 (KHTML, like Gecko) Chrome/88.0.4324.181 Mobile Safari/537.36"
::1 - - [02/Mar/2021:13:34:36 +0000] "GET /static/js/md5.min.js HTTP/1.1" 304 - "https://8221bc45cd50.ngrok.io/" "Mozilla/5.0 (Linux; Android 7.1.1; Moto E (4)) AppleWebKit/537.36 (KHTML, like Gecko) Chrome/88.0.4324.181 Mobile Safari/537.36"
::1 - - [02/Mar/2021:13:34:36 +0000] "GET /static/js/chartjs-plugin-zoom.min.js HTTP/1.1" 304 - "https://8221bc45cd50.ngrok.io/" "Mozilla/5.0 (Linux; Android 7.1.1; Moto E (4)) AppleWebKit/537.36 (KHTML, like Gecko) Chrome/88.0.4324.181 Mobile Safari/537.36"
::1 - - [02/Mar/2021:13:34:36 +0000] "GET /static/js/script.js HTTP/1.1" 304 - "https://8221bc45cd50.ngrok.io/" "Mozilla/5.0 (Linux; Android 7.1.1; Moto E (4)) AppleWebKit/537.36 (KHTML, like Gecko) Chrome/88.0.4324.181 Mobile Safari/537.36"
::1 - - [02/Mar/2021:13:34:36 +0000] "GET /static/js/moment.min.js HTTP/1.1" 304 - "https://8221bc45cd50.ngrok.io/" "Mozilla/5.0 (Linux; Android 7.1.1; Moto E (4)) AppleWebKit/537.36 (KHTML, like Gecko) Chrome/88.0.4324.181 Mobile Safari/537.36"
::1 - - [02/Mar/2021:13:34:36 +0000] "GET /static/js/chart.min.js HTTP/1.1" 304 - "https://8221bc45cd50.ngrok.io/" "Mozilla/5.0 (Linux; Android 7.1.1; Moto E (4)) AppleWebKit/537.36 (KHTML, like Gecko) Chrome/88.0.4324.181 Mobile Safari/537.36"
::1 - - [02/Mar/2021:13:34:36 +0000] "GET /static/js/tabulator.min.js HTTP/1.1" 304 - "https://8221bc45cd50.ngrok.io/" "Mozilla/5.0 (Linux; Android 7.1.1; Moto E (4)) AppleWebKit/537.36 (KHTML, like Gecko) Chrome/88.0.4324.181 Mobile Safari/537.36"
::1 - - [02/Mar/2021:13:34:36 +0000] "GET /static/js/hammer.min.js HTTP/1.1" 304 - "https://8221bc45cd50.ngrok.io/" "Mozilla/5.0 (Linux; Android 7.1.1; Moto E (4)) AppleWebKit/537.36 (KHTML, like Gecko) Chrome/88.0.4324.181 Mobile Safari/537.36"
::1 - - [02/Mar/2021:13:34:37 +0000] "GET /static/img/logo.png HTTP/1.1" 304 - "https://8221bc45cd50.ngrok.io/" "Mozilla/5.0 (Linux; Android 7.1.1; Moto E (4)) AppleWebKit/537.36 (KHTML, like Gecko) Chrome/88.0.4324.181 Mobile Safari/537.36"
::1 - - [02/Mar/2021:13:34:37 +0000] "GET /static/img/botAvatar.png HTTP/1.1" 304 - "https://8221bc45cd50.ngrok.io/" "Mozilla/5.0 (Linux; Android 7.1.1; Moto E (4)) AppleWebKit/537.36 (KHTML, like Gecko) Chrome/88.0.4324.181 Mobile Safari/537.36"
::1 - - [02/Mar/2021:13:34:37 +0000] "GET /static/css/style.css HTTP/1.1" 304 - "https://8221bc45cd50.ngrok.io/static/css/style.css" "Mozilla/5.0 (Linux; Android 7.1.1; Moto E (4)) AppleWebKit/537.36 (KHTML, like Gecko) Chrome/88.0.4324.181 Mobile Safari/537.36"
::1 - - [02/Mar/2021:13:34:37 +0000] "POST /user/bot/webhook HTTP/1.1" 200 71 "https://8221bc45cd50.ngrok.io/" "Mozilla/5.0 (Linux; Android 7.1.1; Moto E (4)) AppleWebKit/537.36 (KHTML, like Gecko) Chrome/88.0.4324.181 Mobile Safari/537.36"
::1 - - [02/Mar/2021:13:34:37 +0000] "GET /static/img/sara_avatar.png HTTP/1.1" 304 - "https://8221bc45cd50.ngrok.io/" "Mozilla/5.0 (Linux; Android 7.1.1; Moto E (4)) AppleWebKit/537.36 (KHTML, like Gecko) Chrome/88.0.4324.181 Mobile Safari/537.36"
::1 - - [02/Mar/2021:13:34:38 +0000] "GET /favicon.ico HTTP/1.1" 404 68 "https://8221bc45cd50.ngrok.io/" "Mozilla/5.0 (Linux; Android 7.1.1; Moto E (4)) AppleWebKit/537.36 (KHTML, like Gecko) Chrome/88.0.4324.181 Mobile Safari/537.36"
::ffff:127.0.0.1 - - [02/Mar/2021:13:35:45 +0000] "GET / HTTP/1.1" 304 - "-" "Mozilla/5.0 (Linux; U; Android 4.3; en-us; SM-N900T Build/JSS15J) AppleWebKit/534.30 (KHTML, like Gecko) Version/4.0 Mobile Safari/534.30"
::ffff:127.0.0.1 - - [02/Mar/2021:13:35:47 +0000] "GET /static/css/materialize.min.css HTTP/1.1" 304 - "http://localhost:8000/" "Mozilla/5.0 (Linux; U; Android 4.3; en-us; SM-N900T Build/JSS15J) AppleWebKit/534.30 (KHTML, like Gecko) Version/4.0 Mobile Safari/534.30"
::ffff:127.0.0.1 - - [02/Mar/2021:13:35:47 +0000] "GET /static/css/style.css HTTP/1.1" 304 - "http://localhost:8000/" "Mozilla/5.0 (Linux; U; Android 4.3; en-us; SM-N900T Build/JSS15J) AppleWebKit/534.30 (KHTML, like Gecko) Version/4.0 Mobile Safari/534.30"
::ffff:127.0.0.1 - - [02/Mar/2021:13:35:47 +0000] "GET /static/css/tabulator_materialize.min.css HTTP/1.1" 304 - "http://localhost:8000/" "Mozilla/5.0 (Linux; U; Android 4.3; en-us; SM-N900T Build/JSS15J) AppleWebKit/534.30 (KHTML, like Gecko) Version/4.0 Mobile Safari/534.30"
::ffff:127.0.0.1 - - [02/Mar/2021:13:35:47 +0000] "GET /static/js/materialize.min.js HTTP/1.1" 304 - "http://localhost:8000/" "Mozilla/5.0 (Linux; U; Android 4.3; en-us; SM-N900T Build/JSS15J) AppleWebKit/534.30 (KHTML, like Gecko) Version/4.0 Mobile Safari/534.30"
::ffff:127.0.0.1 - - [02/Mar/2021:13:35:47 +0000] "GET /static/js/moment.min.js HTTP/1.1" 304 - "http://localhost:8000/" "Mozilla/5.0 (Linux; U; Android 4.3; en-us; SM-N900T Build/JSS15J) AppleWebKit/534.30 (KHTML, like Gecko) Version/4.0 Mobile Safari/534.30"
::ffff:127.0.0.1 - - [02/Mar/2021:13:35:47 +0000] "GET /static/js/chart.min.js HTTP/1.1" 304 - "http://localhost:8000/" "Mozilla/5.0 (Linux; U; Android 4.3; en-us; SM-N900T Build/JSS15J) AppleWebKit/534.30 (KHTML, like Gecko) Version/4.0 Mobile Safari/534.30"
::ffff:127.0.0.1 - - [02/Mar/2021:13:35:47 +0000] "GET /static/js/hammer.min.js HTTP/1.1" 304 - "http://localhost:8000/" "Mozilla/5.0 (Linux; U; Android 4.3; en-us; SM-N900T Build/JSS15J) AppleWebKit/534.30 (KHTML, like Gecko) Version/4.0 Mobile Safari/534.30"
::ffff:127.0.0.1 - - [02/Mar/2021:13:35:47 +0000] "GET /static/js/chartjs-plugin-zoom.min.js HTTP/1.1" 304 - "http://localhost:8000/" "Mozilla/5.0 (Linux; U; Android 4.3; en-us; SM-N900T Build/JSS15J) AppleWebKit/534.30 (KHTML, like Gecko) Version/4.0 Mobile Safari/534.30"
::ffff:127.0.0.1 - - [02/Mar/2021:13:35:47 +0000] "GET /static/js/tabulator.min.js HTTP/1.1" 304 - "http://localhost:8000/" "Mozilla/5.0 (Linux; U; Android 4.3; en-us; SM-N900T Build/JSS15J) AppleWebKit/534.30 (KHTML, like Gecko) Version/4.0 Mobile Safari/534.30"
::ffff:127.0.0.1 - - [02/Mar/2021:13:35:47 +0000] "GET /static/js/script.js HTTP/1.1" 200 112949 "http://localhost:8000/" "Mozilla/5.0 (Linux; U; Android 4.3; en-us; SM-N900T Build/JSS15J) AppleWebKit/534.30 (KHTML, like Gecko) Version/4.0 Mobile Safari/534.30"
::ffff:127.0.0.1 - - [02/Mar/2021:13:35:47 +0000] "GET /static/js/md5.min.js HTTP/1.1" 304 - "http://localhost:8000/" "Mozilla/5.0 (Linux; U; Android 4.3; en-us; SM-N900T Build/JSS15J) AppleWebKit/534.30 (KHTML, like Gecko) Version/4.0 Mobile Safari/534.30"
::ffff:127.0.0.1 - - [02/Mar/2021:13:35:57 +0000] "GET /static/css/style.css HTTP/1.1" 304 - "http://localhost:8000/static/css/style.css" "Mozilla/5.0 (Linux; U; Android 4.3; en-us; SM-N900T Build/JSS15J) AppleWebKit/534.30 (KHTML, like Gecko) Version/4.0 Mobile Safari/534.30"
::ffff:127.0.0.1 - - [02/Mar/2021:13:36:02 +0000] "GET /static/js/hammer.min.js.map HTTP/1.1" 404 84 "-" "Mozilla/5.0 (Windows NT 10.0; Win64; x64; rv:86.0) Gecko/20100101 Firefox/86.0"
::ffff:127.0.0.1 - - [02/Mar/2021:13:36:02 +0000] "GET /static/js/md5.min.js.map HTTP/1.1" 404 81 "-" "Mozilla/5.0 (Windows NT 10.0; Win64; x64; rv:86.0) Gecko/20100101 Firefox/86.0"
::ffff:127.0.0.1 - - [02/Mar/2021:13:36:03 +0000] "GET /static/img/botAvatar.png HTTP/1.1" 304 - "http://localhost:8000/" "Mozilla/5.0 (Linux; U; Android 4.3; en-us; SM-N900T Build/JSS15J) AppleWebKit/534.30 (KHTML, like Gecko) Version/4.0 Mobile Safari/534.30"
::ffff:127.0.0.1 - - [02/Mar/2021:13:36:06 +0000] "GET /static/img/sara_avatar.png HTTP/1.1" 304 - "http://localhost:8000/" "Mozilla/5.0 (Linux; U; Android 4.3; en-us; SM-N900T Build/JSS15J) AppleWebKit/534.30 (KHTML, like Gecko) Version/4.0 Mobile Safari/534.30"
::ffff:127.0.0.1 - - [02/Mar/2021:13:36:07 +0000] "POST /api/v1/user/verifyUser HTTP/1.1" 200 1662 "-" "axios/0.21.1"
::ffff:127.0.0.1 - - [02/Mar/2021:13:36:07 +0000] "POST /user/bot/webhook HTTP/1.1" 200 184 "http://localhost:8000/" "Mozilla/5.0 (Linux; U; Android 4.3; en-us; SM-N900T Build/JSS15J) AppleWebKit/534.30 (KHTML, like Gecko) Version/4.0 Mobile Safari/534.30"
::ffff:127.0.0.1 - - [02/Mar/2021:13:36:16 +0000] "GET / HTTP/1.1" 304 - "-" "Mozilla/5.0 (Linux; U; Android 4.3; en-us; SM-N900T Build/JSS15J) AppleWebKit/534.30 (KHTML, like Gecko) Version/4.0 Mobile Safari/534.30"
::ffff:127.0.0.1 - - [02/Mar/2021:13:36:17 +0000] "GET /static/css/materialize.min.css HTTP/1.1" 304 - "http://localhost:8000/" "Mozilla/5.0 (Linux; U; Android 4.3; en-us; SM-N900T Build/JSS15J) AppleWebKit/534.30 (KHTML, like Gecko) Version/4.0 Mobile Safari/534.30"
::ffff:127.0.0.1 - - [02/Mar/2021:13:36:17 +0000] "GET /static/css/tabulator_materialize.min.css HTTP/1.1" 304 - "http://localhost:8000/" "Mozilla/5.0 (Linux; U; Android 4.3; en-us; SM-N900T Build/JSS15J) AppleWebKit/534.30 (KHTML, like Gecko) Version/4.0 Mobile Safari/534.30"
::ffff:127.0.0.1 - - [02/Mar/2021:13:36:17 +0000] "GET /static/css/style.css HTTP/1.1" 304 - "http://localhost:8000/" "Mozilla/5.0 (Linux; U; Android 4.3; en-us; SM-N900T Build/JSS15J) AppleWebKit/534.30 (KHTML, like Gecko) Version/4.0 Mobile Safari/534.30"
::ffff:127.0.0.1 - - [02/Mar/2021:13:36:17 +0000] "GET /static/js/materialize.min.js HTTP/1.1" 304 - "http://localhost:8000/" "Mozilla/5.0 (Linux; U; Android 4.3; en-us; SM-N900T Build/JSS15J) AppleWebKit/534.30 (KHTML, like Gecko) Version/4.0 Mobile Safari/534.30"
::ffff:127.0.0.1 - - [02/Mar/2021:13:36:17 +0000] "GET /static/js/script.js HTTP/1.1" 304 - "http://localhost:8000/" "Mozilla/5.0 (Linux; U; Android 4.3; en-us; SM-N900T Build/JSS15J) AppleWebKit/534.30 (KHTML, like Gecko) Version/4.0 Mobile Safari/534.30"
::ffff:127.0.0.1 - - [02/Mar/2021:13:36:17 +0000] "GET /static/js/moment.min.js HTTP/1.1" 304 - "http://localhost:8000/" "Mozilla/5.0 (Linux; U; Android 4.3; en-us; SM-N900T Build/JSS15J) AppleWebKit/534.30 (KHTML, like Gecko) Version/4.0 Mobile Safari/534.30"
::ffff:127.0.0.1 - - [02/Mar/2021:13:36:17 +0000] "GET /static/img/logo.png HTTP/1.1" 304 - "http://localhost:8000/" "Mozilla/5.0 (Linux; U; Android 4.3; en-us; SM-N900T Build/JSS15J) AppleWebKit/534.30 (KHTML, like Gecko) Version/4.0 Mobile Safari/534.30"
::ffff:127.0.0.1 - - [02/Mar/2021:13:36:17 +0000] "GET /static/js/chart.min.js HTTP/1.1" 304 - "http://localhost:8000/" "Mozilla/5.0 (Linux; U; Android 4.3; en-us; SM-N900T Build/JSS15J) AppleWebKit/534.30 (KHTML, like Gecko) Version/4.0 Mobile Safari/534.30"
::ffff:127.0.0.1 - - [02/Mar/2021:13:36:17 +0000] "GET /static/js/hammer.min.js HTTP/1.1" 304 - "http://localhost:8000/" "Mozilla/5.0 (Linux; U; Android 4.3; en-us; SM-N900T Build/JSS15J) AppleWebKit/534.30 (KHTML, like Gecko) Version/4.0 Mobile Safari/534.30"
::ffff:127.0.0.1 - - [02/Mar/2021:13:36:17 +0000] "GET /static/js/chartjs-plugin-zoom.min.js HTTP/1.1" 304 - "http://localhost:8000/" "Mozilla/5.0 (Linux; U; Android 4.3; en-us; SM-N900T Build/JSS15J) AppleWebKit/534.30 (KHTML, like Gecko) Version/4.0 Mobile Safari/534.30"
::ffff:127.0.0.1 - - [02/Mar/2021:13:36:17 +0000] "GET /static/js/tabulator.min.js HTTP/1.1" 304 - "http://localhost:8000/" "Mozilla/5.0 (Linux; U; Android 4.3; en-us; SM-N900T Build/JSS15J) AppleWebKit/534.30 (KHTML, like Gecko) Version/4.0 Mobile Safari/534.30"
::ffff:127.0.0.1 - - [02/Mar/2021:13:36:17 +0000] "GET /static/js/md5.min.js HTTP/1.1" 304 - "http://localhost:8000/" "Mozilla/5.0 (Linux; U; Android 4.3; en-us; SM-N900T Build/JSS15J) AppleWebKit/534.30 (KHTML, like Gecko) Version/4.0 Mobile Safari/534.30"
::ffff:127.0.0.1 - - [02/Mar/2021:13:36:17 +0000] "GET /static/img/botAvatar.png HTTP/1.1" 304 - "http://localhost:8000/" "Mozilla/5.0 (Linux; U; Android 4.3; en-us; SM-N900T Build/JSS15J) AppleWebKit/534.30 (KHTML, like Gecko) Version/4.0 Mobile Safari/534.30"
::ffff:127.0.0.1 - - [02/Mar/2021:13:36:17 +0000] "GET /static/css/style.css HTTP/1.1" 304 - "http://localhost:8000/static/css/style.css" "Mozilla/5.0 (Linux; U; Android 4.3; en-us; SM-N900T Build/JSS15J) AppleWebKit/534.30 (KHTML, like Gecko) Version/4.0 Mobile Safari/534.30"
::ffff:127.0.0.1 - - [02/Mar/2021:13:36:18 +0000] "GET /static/js/hammer.min.js.map HTTP/1.1" 404 84 "-" "Mozilla/5.0 (Windows NT 10.0; Win64; x64; rv:86.0) Gecko/20100101 Firefox/86.0"
::ffff:127.0.0.1 - - [02/Mar/2021:13:36:18 +0000] "GET /static/js/md5.min.js.map HTTP/1.1" 404 81 "-" "Mozilla/5.0 (Windows NT 10.0; Win64; x64; rv:86.0) Gecko/20100101 Firefox/86.0"
::ffff:127.0.0.1 - - [02/Mar/2021:13:36:20 +0000] "GET /static/img/sara_avatar.png HTTP/1.1" 304 - "http://localhost:8000/" "Mozilla/5.0 (Linux; U; Android 4.3; en-us; SM-N900T Build/JSS15J) AppleWebKit/534.30 (KHTML, like Gecko) Version/4.0 Mobile Safari/534.30"
::ffff:127.0.0.1 - - [02/Mar/2021:13:36:20 +0000] "POST /api/v1/user/verifyUser HTTP/1.1" 200 1662 "-" "axios/0.21.1"
::ffff:127.0.0.1 - - [02/Mar/2021:13:36:20 +0000] "POST /user/bot/webhook HTTP/1.1" 200 184 "http://localhost:8000/" "Mozilla/5.0 (Linux; U; Android 4.3; en-us; SM-N900T Build/JSS15J) AppleWebKit/534.30 (KHTML, like Gecko) Version/4.0 Mobile Safari/534.30"
::1 - - [02/Mar/2021:13:43:02 +0000] "GET / HTTP/1.1" 200 7361 "-" "WhatsApp/2.21.3.19 A"
::1 - - [02/Mar/2021:14:26:47 +0000] "GET / HTTP/1.1" 304 - "-" "Mozilla/5.0 (Windows NT 10.0; Win64; x64) AppleWebKit/537.36 (KHTML, like Gecko) Chrome/88.0.4324.150 Safari/537.36 OPR/74.0.3911.160"
::1 - - [02/Mar/2021:14:26:50 +0000] "GET /static/css/tabulator_materialize.min.css HTTP/1.1" 304 - "http://localhost:8000/" "Mozilla/5.0 (Windows NT 10.0; Win64; x64) AppleWebKit/537.36 (KHTML, like Gecko) Chrome/88.0.4324.150 Safari/537.36 OPR/74.0.3911.160"
::1 - - [02/Mar/2021:14:26:50 +0000] "GET /static/css/style.css HTTP/1.1" 200 43273 "http://localhost:8000/" "Mozilla/5.0 (Windows NT 10.0; Win64; x64) AppleWebKit/537.36 (KHTML, like Gecko) Chrome/88.0.4324.150 Safari/537.36 OPR/74.0.3911.160"
::1 - - [02/Mar/2021:14:26:50 +0000] "GET /static/css/materialize.min.css HTTP/1.1" 304 - "http://localhost:8000/" "Mozilla/5.0 (Windows NT 10.0; Win64; x64) AppleWebKit/537.36 (KHTML, like Gecko) Chrome/88.0.4324.150 Safari/537.36 OPR/74.0.3911.160"
::1 - - [02/Mar/2021:14:26:50 +0000] "GET /static/js/materialize.min.js HTTP/1.1" 304 - "http://localhost:8000/" "Mozilla/5.0 (Windows NT 10.0; Win64; x64) AppleWebKit/537.36 (KHTML, like Gecko) Chrome/88.0.4324.150 Safari/537.36 OPR/74.0.3911.160"
::1 - - [02/Mar/2021:14:26:50 +0000] "GET /static/img/botAvatar.png HTTP/1.1" 304 - "http://localhost:8000/" "Mozilla/5.0 (Windows NT 10.0; Win64; x64) AppleWebKit/537.36 (KHTML, like Gecko) Chrome/88.0.4324.150 Safari/537.36 OPR/74.0.3911.160"
::1 - - [02/Mar/2021:14:26:50 +0000] "GET /static/img/logo.png HTTP/1.1" 304 - "http://localhost:8000/" "Mozilla/5.0 (Windows NT 10.0; Win64; x64) AppleWebKit/537.36 (KHTML, like Gecko) Chrome/88.0.4324.150 Safari/537.36 OPR/74.0.3911.160"
::1 - - [02/Mar/2021:14:26:52 +0000] "GET /static/js/script.js HTTP/1.1" 200 112967 "http://localhost:8000/" "Mozilla/5.0 (Windows NT 10.0; Win64; x64) AppleWebKit/537.36 (KHTML, like Gecko) Chrome/88.0.4324.150 Safari/537.36 OPR/74.0.3911.160"
::1 - - [02/Mar/2021:14:26:52 +0000] "GET /static/js/moment.min.js HTTP/1.1" 304 - "http://localhost:8000/" "Mozilla/5.0 (Windows NT 10.0; Win64; x64) AppleWebKit/537.36 (KHTML, like Gecko) Chrome/88.0.4324.150 Safari/537.36 OPR/74.0.3911.160"
::1 - - [02/Mar/2021:14:26:52 +0000] "GET /static/js/tabulator.min.js HTTP/1.1" 304 - "http://localhost:8000/" "Mozilla/5.0 (Windows NT 10.0; Win64; x64) AppleWebKit/537.36 (KHTML, like Gecko) Chrome/88.0.4324.150 Safari/537.36 OPR/74.0.3911.160"
::1 - - [02/Mar/2021:14:26:52 +0000] "GET /static/js/chartjs-plugin-zoom.min.js HTTP/1.1" 304 - "http://localhost:8000/" "Mozilla/5.0 (Windows NT 10.0; Win64; x64) AppleWebKit/537.36 (KHTML, like Gecko) Chrome/88.0.4324.150 Safari/537.36 OPR/74.0.3911.160"
::1 - - [02/Mar/2021:14:26:52 +0000] "GET /static/js/hammer.min.js HTTP/1.1" 304 - "http://localhost:8000/" "Mozilla/5.0 (Windows NT 10.0; Win64; x64) AppleWebKit/537.36 (KHTML, like Gecko) Chrome/88.0.4324.150 Safari/537.36 OPR/74.0.3911.160"
::1 - - [02/Mar/2021:14:26:52 +0000] "GET /static/js/chart.min.js HTTP/1.1" 304 - "http://localhost:8000/" "Mozilla/5.0 (Windows NT 10.0; Win64; x64) AppleWebKit/537.36 (KHTML, like Gecko) Chrome/88.0.4324.150 Safari/537.36 OPR/74.0.3911.160"
::1 - - [02/Mar/2021:14:26:56 +0000] "GET /static/js/md5.min.js HTTP/1.1" 304 - "http://localhost:8000/" "Mozilla/5.0 (Windows NT 10.0; Win64; x64) AppleWebKit/537.36 (KHTML, like Gecko) Chrome/88.0.4324.150 Safari/537.36 OPR/74.0.3911.160"
::1 - - [02/Mar/2021:14:27:03 +0000] "GET /static/css/style.css HTTP/1.1" 304 - "http://localhost:8000/static/css/style.css" "Mozilla/5.0 (Windows NT 10.0; Win64; x64) AppleWebKit/537.36 (KHTML, like Gecko) Chrome/88.0.4324.150 Safari/537.36 OPR/74.0.3911.160"
::1 - - [02/Mar/2021:14:27:06 +0000] "GET /static/img/sara_avatar.png HTTP/1.1" 304 - "http://localhost:8000/" "Mozilla/5.0 (Windows NT 10.0; Win64; x64) AppleWebKit/537.36 (KHTML, like Gecko) Chrome/88.0.4324.150 Safari/537.36 OPR/74.0.3911.160"
::1 - - [02/Mar/2021:14:27:06 +0000] "GET /favicon.ico HTTP/1.1" 404 68 "http://localhost:8000/" "Mozilla/5.0 (Windows NT 10.0; Win64; x64) AppleWebKit/537.36 (KHTML, like Gecko) Chrome/88.0.4324.150 Safari/537.36 OPR/74.0.3911.160"
::ffff:127.0.0.1 - - [02/Mar/2021:14:27:07 +0000] "POST /api/v1/user/verifyUser HTTP/1.1" 400 76 "-" "axios/0.21.1"
::1 - - [02/Mar/2021:14:27:07 +0000] "POST /user/bot/webhook HTTP/1.1" 200 82 "http://localhost:8000/" "Mozilla/5.0 (Windows NT 10.0; Win64; x64) AppleWebKit/537.36 (KHTML, like Gecko) Chrome/88.0.4324.150 Safari/537.36 OPR/74.0.3911.160"
::ffff:127.0.0.1 - - [02/Mar/2021:14:27:46 +0000] "POST /api/v1/user/login HTTP/1.1" 400 39 "-" "axios/0.21.1"
::1 - - [02/Mar/2021:14:27:46 +0000] "POST /user/login HTTP/1.1" 400 55 "http://localhost:8000/" "Mozilla/5.0 (Windows NT 10.0; Win64; x64) AppleWebKit/537.36 (KHTML, like Gecko) Chrome/88.0.4324.150 Safari/537.36 OPR/74.0.3911.160"
::ffff:127.0.0.1 - - [02/Mar/2021:14:27:58 +0000] "POST /api/v1/user/login HTTP/1.1" 200 91 "-" "axios/0.21.1"
::1 - - [02/Mar/2021:14:27:58 +0000] "POST /user/login HTTP/1.1" 200 256 "http://localhost:8000/" "Mozilla/5.0 (Windows NT 10.0; Win64; x64) AppleWebKit/537.36 (KHTML, like Gecko) Chrome/88.0.4324.150 Safari/537.36 OPR/74.0.3911.160"
::ffff:127.0.0.1 - - [02/Mar/2021:14:27:58 +0000] "POST /api/v1/user/verifyUser HTTP/1.1" 200 1662 "-" "axios/0.21.1"
::1 - - [02/Mar/2021:14:27:59 +0000] "POST /user/bot/webhook HTTP/1.1" 200 184 "http://localhost:8000/" "Mozilla/5.0 (Windows NT 10.0; Win64; x64) AppleWebKit/537.36 (KHTML, like Gecko) Chrome/88.0.4324.150 Safari/537.36 OPR/74.0.3911.160"
::1 - - [02/Mar/2021:14:27:59 +0000] "GET /static/img/sara_avatar.png HTTP/1.1" 304 - "http://localhost:8000/" "Mozilla/5.0 (Windows NT 10.0; Win64; x64) AppleWebKit/537.36 (KHTML, like Gecko) Chrome/88.0.4324.150 Safari/537.36 OPR/74.0.3911.160"
::ffff:127.0.0.1 - - [02/Mar/2021:14:28:02 +0000] "POST /api/v1/user/verifyUser HTTP/1.1" 200 1662 "-" "axios/0.21.1"
::1 - - [02/Mar/2021:14:28:02 +0000] "POST /user/bot/webhook HTTP/1.1" 200 284 "http://localhost:8000/" "Mozilla/5.0 (Windows NT 10.0; Win64; x64) AppleWebKit/537.36 (KHTML, like Gecko) Chrome/88.0.4324.150 Safari/537.36 OPR/74.0.3911.160"
::1 - - [02/Mar/2021:14:28:02 +0000] "GET /static/img/userAvatar.jpg HTTP/1.1" 304 - "http://localhost:8000/" "Mozilla/5.0 (Windows NT 10.0; Win64; x64) AppleWebKit/537.36 (KHTML, like Gecko) Chrome/88.0.4324.150 Safari/537.36 OPR/74.0.3911.160"
::ffff:127.0.0.1 - - [02/Mar/2021:14:28:05 +0000] "POST /api/v1/user/verifyUser HTTP/1.1" 200 1662 "-" "axios/0.21.1"
::ffff:127.0.0.1 - - [02/Mar/2021:14:28:05 +0000] "POST /api/v1/expense/create_expense_form HTTP/1.1" 200 307 "-" "axios/0.21.1"
::1 - - [02/Mar/2021:14:28:05 +0000] "POST /user/bot/webhook HTTP/1.1" 200 524 "http://localhost:8000/" "Mozilla/5.0 (Windows NT 10.0; Win64; x64) AppleWebKit/537.36 (KHTML, like Gecko) Chrome/88.0.4324.150 Safari/537.36 OPR/74.0.3911.160"
::1 - - [02/Mar/2021:14:28:31 +0000] "GET /static/css/materialize.min.css HTTP/1.1" 304 - "http://localhost:8000/" "Mozilla/5.0 (Windows NT 10.0; Win64; x64) AppleWebKit/537.36 (KHTML, like Gecko) Chrome/88.0.4324.150 Safari/537.36 OPR/74.0.3911.160"
::1 - - [02/Mar/2021:14:28:31 +0000] "GET /static/css/tabulator_materialize.min.css HTTP/1.1" 304 - "http://localhost:8000/" "Mozilla/5.0 (Windows NT 10.0; Win64; x64) AppleWebKit/537.36 (KHTML, like Gecko) Chrome/88.0.4324.150 Safari/537.36 OPR/74.0.3911.160"
::1 - - [02/Mar/2021:14:28:31 +0000] "GET /static/css/style.css HTTP/1.1" 304 - "http://localhost:8000/" "Mozilla/5.0 (Windows NT 10.0; Win64; x64) AppleWebKit/537.36 (KHTML, like Gecko) Chrome/88.0.4324.150 Safari/537.36 OPR/74.0.3911.160"
::1 - - [02/Mar/2021:14:28:31 +0000] "GET /static/js/hammer.min.js.map HTTP/1.1" 404 84 "-" "Mozilla/5.0 (Windows NT 10.0; Win64; x64) AppleWebKit/537.36 (KHTML, like Gecko) Chrome/88.0.4324.150 Safari/537.36 OPR/74.0.3911.160"
::1 - - [02/Mar/2021:14:28:31 +0000] "GET /static/js/md5.min.js.map HTTP/1.1" 404 81 "-" "Mozilla/5.0 (Windows NT 10.0; Win64; x64) AppleWebKit/537.36 (KHTML, like Gecko) Chrome/88.0.4324.150 Safari/537.36 OPR/74.0.3911.160"
::1 - - [02/Mar/2021:14:28:31 +0000] "GET /static/css/tabulator_materialize.min.css.map HTTP/1.1" 404 101 "-" "Mozilla/5.0 (Windows NT 10.0; Win64; x64) AppleWebKit/537.36 (KHTML, like Gecko) Chrome/88.0.4324.150 Safari/537.36 OPR/74.0.3911.160"
::1 - - [02/Mar/2021:14:31:18 +0000] "GET / HTTP/1.1" 304 - "-" "Mozilla/5.0 (Windows NT 10.0; Win64; x64) AppleWebKit/537.36 (KHTML, like Gecko) Chrome/88.0.4324.150 Safari/537.36 OPR/74.0.3911.160"
::1 - - [02/Mar/2021:14:31:19 +0000] "GET /static/css/materialize.min.css HTTP/1.1" 304 - "http://localhost:8000/" "Mozilla/5.0 (Windows NT 10.0; Win64; x64) AppleWebKit/537.36 (KHTML, like Gecko) Chrome/88.0.4324.150 Safari/537.36 OPR/74.0.3911.160"
::1 - - [02/Mar/2021:14:31:19 +0000] "GET /static/css/tabulator_materialize.min.css HTTP/1.1" 304 - "http://localhost:8000/" "Mozilla/5.0 (Windows NT 10.0; Win64; x64) AppleWebKit/537.36 (KHTML, like Gecko) Chrome/88.0.4324.150 Safari/537.36 OPR/74.0.3911.160"
::1 - - [02/Mar/2021:14:31:21 +0000] "GET /static/css/style.css HTTP/1.1" 200 43319 "http://localhost:8000/" "Mozilla/5.0 (Windows NT 10.0; Win64; x64) AppleWebKit/537.36 (KHTML, like Gecko) Chrome/88.0.4324.150 Safari/537.36 OPR/74.0.3911.160"
::1 - - [02/Mar/2021:14:31:21 +0000] "GET /static/js/materialize.min.js HTTP/1.1" 304 - "http://localhost:8000/" "Mozilla/5.0 (Windows NT 10.0; Win64; x64) AppleWebKit/537.36 (KHTML, like Gecko) Chrome/88.0.4324.150 Safari/537.36 OPR/74.0.3911.160"
::1 - - [02/Mar/2021:14:31:21 +0000] "GET /static/js/script.js HTTP/1.1" 304 - "http://localhost:8000/" "Mozilla/5.0 (Windows NT 10.0; Win64; x64) AppleWebKit/537.36 (KHTML, like Gecko) Chrome/88.0.4324.150 Safari/537.36 OPR/74.0.3911.160"
::1 - - [02/Mar/2021:14:31:22 +0000] "GET /static/js/moment.min.js HTTP/1.1" 304 - "http://localhost:8000/" "Mozilla/5.0 (Windows NT 10.0; Win64; x64) AppleWebKit/537.36 (KHTML, like Gecko) Chrome/88.0.4324.150 Safari/537.36 OPR/74.0.3911.160"
::1 - - [02/Mar/2021:14:31:22 +0000] "GET /static/js/chart.min.js HTTP/1.1" 304 - "http://localhost:8000/" "Mozilla/5.0 (Windows NT 10.0; Win64; x64) AppleWebKit/537.36 (KHTML, like Gecko) Chrome/88.0.4324.150 Safari/537.36 OPR/74.0.3911.160"
::1 - - [02/Mar/2021:14:31:22 +0000] "GET /static/js/hammer.min.js HTTP/1.1" 304 - "http://localhost:8000/" "Mozilla/5.0 (Windows NT 10.0; Win64; x64) AppleWebKit/537.36 (KHTML, like Gecko) Chrome/88.0.4324.150 Safari/537.36 OPR/74.0.3911.160"
::1 - - [02/Mar/2021:14:31:22 +0000] "GET /static/js/chartjs-plugin-zoom.min.js HTTP/1.1" 304 - "http://localhost:8000/" "Mozilla/5.0 (Windows NT 10.0; Win64; x64) AppleWebKit/537.36 (KHTML, like Gecko) Chrome/88.0.4324.150 Safari/537.36 OPR/74.0.3911.160"
::1 - - [02/Mar/2021:14:31:23 +0000] "GET /static/js/tabulator.min.js HTTP/1.1" 304 - "http://localhost:8000/" "Mozilla/5.0 (Windows NT 10.0; Win64; x64) AppleWebKit/537.36 (KHTML, like Gecko) Chrome/88.0.4324.150 Safari/537.36 OPR/74.0.3911.160"
::1 - - [02/Mar/2021:14:31:23 +0000] "GET /static/js/md5.min.js HTTP/1.1" 304 - "http://localhost:8000/" "Mozilla/5.0 (Windows NT 10.0; Win64; x64) AppleWebKit/537.36 (KHTML, like Gecko) Chrome/88.0.4324.150 Safari/537.36 OPR/74.0.3911.160"
::1 - - [02/Mar/2021:14:31:24 +0000] "GET /static/img/logo.png HTTP/1.1" 304 - "http://localhost:8000/" "Mozilla/5.0 (Windows NT 10.0; Win64; x64) AppleWebKit/537.36 (KHTML, like Gecko) Chrome/88.0.4324.150 Safari/537.36 OPR/74.0.3911.160"
::1 - - [02/Mar/2021:14:31:24 +0000] "GET /static/img/botAvatar.png HTTP/1.1" 304 - "http://localhost:8000/" "Mozilla/5.0 (Windows NT 10.0; Win64; x64) AppleWebKit/537.36 (KHTML, like Gecko) Chrome/88.0.4324.150 Safari/537.36 OPR/74.0.3911.160"
::1 - - [02/Mar/2021:14:31:27 +0000] "GET /static/css/style.css HTTP/1.1" 304 - "http://localhost:8000/static/css/style.css" "Mozilla/5.0 (Windows NT 10.0; Win64; x64) AppleWebKit/537.36 (KHTML, like Gecko) Chrome/88.0.4324.150 Safari/537.36 OPR/74.0.3911.160"
::1 - - [02/Mar/2021:14:31:28 +0000] "GET /static/css/tabulator_materialize.min.css.map HTTP/1.1" 404 101 "-" "Mozilla/5.0 (Windows NT 10.0; Win64; x64) AppleWebKit/537.36 (KHTML, like Gecko) Chrome/88.0.4324.150 Safari/537.36 OPR/74.0.3911.160"
::1 - - [02/Mar/2021:14:31:34 +0000] "GET /static/js/hammer.min.js.map HTTP/1.1" 404 84 "-" "Mozilla/5.0 (Windows NT 10.0; Win64; x64) AppleWebKit/537.36 (KHTML, like Gecko) Chrome/88.0.4324.150 Safari/537.36 OPR/74.0.3911.160"
::1 - - [02/Mar/2021:14:31:37 +0000] "GET /static/js/md5.min.js.map HTTP/1.1" 404 81 "-" "Mozilla/5.0 (Windows NT 10.0; Win64; x64) AppleWebKit/537.36 (KHTML, like Gecko) Chrome/88.0.4324.150 Safari/537.36 OPR/74.0.3911.160"
::1 - - [02/Mar/2021:14:31:37 +0000] "GET /static/img/sara_avatar.png HTTP/1.1" 304 - "http://localhost:8000/" "Mozilla/5.0 (Windows NT 10.0; Win64; x64) AppleWebKit/537.36 (KHTML, like Gecko) Chrome/88.0.4324.150 Safari/537.36 OPR/74.0.3911.160"
::ffff:127.0.0.1 - - [02/Mar/2021:14:31:39 +0000] "POST /api/v1/user/verifyUser HTTP/1.1" 200 1662 "-" "axios/0.21.1"
::1 - - [02/Mar/2021:14:31:41 +0000] "POST /user/bot/webhook HTTP/1.1" 200 184 "http://localhost:8000/" "Mozilla/5.0 (Windows NT 10.0; Win64; x64) AppleWebKit/537.36 (KHTML, like Gecko) Chrome/88.0.4324.150 Safari/537.36 OPR/74.0.3911.160"
::1 - - [02/Mar/2021:14:32:07 +0000] "GET /static/img/userAvatar.jpg HTTP/1.1" 304 - "http://localhost:8000/" "Mozilla/5.0 (Windows NT 10.0; Win64; x64) AppleWebKit/537.36 (KHTML, like Gecko) Chrome/88.0.4324.150 Safari/537.36 OPR/74.0.3911.160"
::ffff:127.0.0.1 - - [02/Mar/2021:14:32:07 +0000] "POST /api/v1/user/verifyUser HTTP/1.1" 200 1662 "-" "axios/0.21.1"
::1 - - [02/Mar/2021:14:32:07 +0000] "POST /user/bot/webhook HTTP/1.1" 200 284 "http://localhost:8000/" "Mozilla/5.0 (Windows NT 10.0; Win64; x64) AppleWebKit/537.36 (KHTML, like Gecko) Chrome/88.0.4324.150 Safari/537.36 OPR/74.0.3911.160"
::ffff:127.0.0.1 - - [02/Mar/2021:14:32:11 +0000] "POST /api/v1/user/verifyUser HTTP/1.1" 200 1662 "-" "axios/0.21.1"
::ffff:127.0.0.1 - - [02/Mar/2021:14:32:11 +0000] "POST /api/v1/expense/create_expense_form HTTP/1.1" 200 307 "-" "axios/0.21.1"
::1 - - [02/Mar/2021:14:32:11 +0000] "POST /user/bot/webhook HTTP/1.1" 200 524 "http://localhost:8000/" "Mozilla/5.0 (Windows NT 10.0; Win64; x64) AppleWebKit/537.36 (KHTML, like Gecko) Chrome/88.0.4324.150 Safari/537.36 OPR/74.0.3911.160"
::1 - - [02/Mar/2021:14:36:08 +0000] "GET / HTTP/1.1" 304 - "-" "Mozilla/5.0 (Windows NT 10.0; Win64; x64) AppleWebKit/537.36 (KHTML, like Gecko) Chrome/88.0.4324.150 Safari/537.36 OPR/74.0.3911.160"
::1 - - [02/Mar/2021:14:36:09 +0000] "GET /static/css/materialize.min.css HTTP/1.1" 304 - "http://localhost:8000/" "Mozilla/5.0 (Windows NT 10.0; Win64; x64) AppleWebKit/537.36 (KHTML, like Gecko) Chrome/88.0.4324.150 Safari/537.36 OPR/74.0.3911.160"
::1 - - [02/Mar/2021:14:36:09 +0000] "GET /static/css/tabulator_materialize.min.css HTTP/1.1" 304 - "http://localhost:8000/" "Mozilla/5.0 (Windows NT 10.0; Win64; x64) AppleWebKit/537.36 (KHTML, like Gecko) Chrome/88.0.4324.150 Safari/537.36 OPR/74.0.3911.160"
::1 - - [02/Mar/2021:14:36:09 +0000] "GET /static/css/style.css HTTP/1.1" 200 43520 "http://localhost:8000/" "Mozilla/5.0 (Windows NT 10.0; Win64; x64) AppleWebKit/537.36 (KHTML, like Gecko) Chrome/88.0.4324.150 Safari/537.36 OPR/74.0.3911.160"
::1 - - [02/Mar/2021:14:36:10 +0000] "GET /static/js/materialize.min.js HTTP/1.1" 304 - "http://localhost:8000/" "Mozilla/5.0 (Windows NT 10.0; Win64; x64) AppleWebKit/537.36 (KHTML, like Gecko) Chrome/88.0.4324.150 Safari/537.36 OPR/74.0.3911.160"
::1 - - [02/Mar/2021:14:36:10 +0000] "GET /static/js/script.js HTTP/1.1" 304 - "http://localhost:8000/" "Mozilla/5.0 (Windows NT 10.0; Win64; x64) AppleWebKit/537.36 (KHTML, like Gecko) Chrome/88.0.4324.150 Safari/537.36 OPR/74.0.3911.160"
::1 - - [02/Mar/2021:14:36:10 +0000] "GET /static/js/moment.min.js HTTP/1.1" 304 - "http://localhost:8000/" "Mozilla/5.0 (Windows NT 10.0; Win64; x64) AppleWebKit/537.36 (KHTML, like Gecko) Chrome/88.0.4324.150 Safari/537.36 OPR/74.0.3911.160"
::1 - - [02/Mar/2021:14:36:10 +0000] "GET /static/js/chart.min.js HTTP/1.1" 304 - "http://localhost:8000/" "Mozilla/5.0 (Windows NT 10.0; Win64; x64) AppleWebKit/537.36 (KHTML, like Gecko) Chrome/88.0.4324.150 Safari/537.36 OPR/74.0.3911.160"
::1 - - [02/Mar/2021:14:36:10 +0000] "GET /static/js/hammer.min.js HTTP/1.1" 304 - "http://localhost:8000/" "Mozilla/5.0 (Windows NT 10.0; Win64; x64) AppleWebKit/537.36 (KHTML, like Gecko) Chrome/88.0.4324.150 Safari/537.36 OPR/74.0.3911.160"
::1 - - [02/Mar/2021:14:36:10 +0000] "GET /static/js/chartjs-plugin-zoom.min.js HTTP/1.1" 304 - "http://localhost:8000/" "Mozilla/5.0 (Windows NT 10.0; Win64; x64) AppleWebKit/537.36 (KHTML, like Gecko) Chrome/88.0.4324.150 Safari/537.36 OPR/74.0.3911.160"
::1 - - [02/Mar/2021:14:36:10 +0000] "GET /static/js/tabulator.min.js HTTP/1.1" 304 - "http://localhost:8000/" "Mozilla/5.0 (Windows NT 10.0; Win64; x64) AppleWebKit/537.36 (KHTML, like Gecko) Chrome/88.0.4324.150 Safari/537.36 OPR/74.0.3911.160"
::1 - - [02/Mar/2021:14:36:10 +0000] "GET /static/js/md5.min.js HTTP/1.1" 304 - "http://localhost:8000/" "Mozilla/5.0 (Windows NT 10.0; Win64; x64) AppleWebKit/537.36 (KHTML, like Gecko) Chrome/88.0.4324.150 Safari/537.36 OPR/74.0.3911.160"
::1 - - [02/Mar/2021:14:36:10 +0000] "GET /static/img/logo.png HTTP/1.1" 304 - "http://localhost:8000/" "Mozilla/5.0 (Windows NT 10.0; Win64; x64) AppleWebKit/537.36 (KHTML, like Gecko) Chrome/88.0.4324.150 Safari/537.36 OPR/74.0.3911.160"
::1 - - [02/Mar/2021:14:36:11 +0000] "GET /static/img/botAvatar.png HTTP/1.1" 304 - "http://localhost:8000/" "Mozilla/5.0 (Windows NT 10.0; Win64; x64) AppleWebKit/537.36 (KHTML, like Gecko) Chrome/88.0.4324.150 Safari/537.36 OPR/74.0.3911.160"
::1 - - [02/Mar/2021:14:36:15 +0000] "GET /static/css/style.css HTTP/1.1" 304 - "http://localhost:8000/static/css/style.css" "Mozilla/5.0 (Windows NT 10.0; Win64; x64) AppleWebKit/537.36 (KHTML, like Gecko) Chrome/88.0.4324.150 Safari/537.36 OPR/74.0.3911.160"
::1 - - [02/Mar/2021:14:36:20 +0000] "GET /static/css/tabulator_materialize.min.css.map HTTP/1.1" 404 101 "-" "Mozilla/5.0 (Windows NT 10.0; Win64; x64) AppleWebKit/537.36 (KHTML, like Gecko) Chrome/88.0.4324.150 Safari/537.36 OPR/74.0.3911.160"
::1 - - [02/Mar/2021:14:36:26 +0000] "GET /static/js/hammer.min.js.map HTTP/1.1" 404 84 "-" "Mozilla/5.0 (Windows NT 10.0; Win64; x64) AppleWebKit/537.36 (KHTML, like Gecko) Chrome/88.0.4324.150 Safari/537.36 OPR/74.0.3911.160"
::1 - - [02/Mar/2021:14:36:26 +0000] "GET /static/js/md5.min.js.map HTTP/1.1" 404 81 "-" "Mozilla/5.0 (Windows NT 10.0; Win64; x64) AppleWebKit/537.36 (KHTML, like Gecko) Chrome/88.0.4324.150 Safari/537.36 OPR/74.0.3911.160"
::1 - - [02/Mar/2021:14:36:28 +0000] "GET /static/img/sara_avatar.png HTTP/1.1" 304 - "http://localhost:8000/" "Mozilla/5.0 (Windows NT 10.0; Win64; x64) AppleWebKit/537.36 (KHTML, like Gecko) Chrome/88.0.4324.150 Safari/537.36 OPR/74.0.3911.160"
::ffff:127.0.0.1 - - [02/Mar/2021:14:36:28 +0000] "POST /api/v1/user/verifyUser HTTP/1.1" 200 1662 "-" "axios/0.21.1"
::1 - - [02/Mar/2021:14:36:30 +0000] "POST /user/bot/webhook HTTP/1.1" 200 184 "http://localhost:8000/" "Mozilla/5.0 (Windows NT 10.0; Win64; x64) AppleWebKit/537.36 (KHTML, like Gecko) Chrome/88.0.4324.150 Safari/537.36 OPR/74.0.3911.160"
::1 - - [02/Mar/2021:14:36:42 +0000] "GET /static/img/userAvatar.jpg HTTP/1.1" 304 - "http://localhost:8000/" "Mozilla/5.0 (Windows NT 10.0; Win64; x64) AppleWebKit/537.36 (KHTML, like Gecko) Chrome/88.0.4324.150 Safari/537.36 OPR/74.0.3911.160"
::ffff:127.0.0.1 - - [02/Mar/2021:14:36:43 +0000] "POST /api/v1/user/verifyUser HTTP/1.1" 200 1662 "-" "axios/0.21.1"
::1 - - [02/Mar/2021:14:36:43 +0000] "POST /user/bot/webhook HTTP/1.1" 200 284 "http://localhost:8000/" "Mozilla/5.0 (Windows NT 10.0; Win64; x64) AppleWebKit/537.36 (KHTML, like Gecko) Chrome/88.0.4324.150 Safari/537.36 OPR/74.0.3911.160"
::ffff:127.0.0.1 - - [02/Mar/2021:14:36:45 +0000] "POST /api/v1/user/verifyUser HTTP/1.1" 200 1662 "-" "axios/0.21.1"
::ffff:127.0.0.1 - - [02/Mar/2021:14:36:45 +0000] "POST /api/v1/expense/create_expense_form HTTP/1.1" 200 307 "-" "axios/0.21.1"
::1 - - [02/Mar/2021:14:36:45 +0000] "POST /user/bot/webhook HTTP/1.1" 200 524 "http://localhost:8000/" "Mozilla/5.0 (Windows NT 10.0; Win64; x64) AppleWebKit/537.36 (KHTML, like Gecko) Chrome/88.0.4324.150 Safari/537.36 OPR/74.0.3911.160"
::1 - - [02/Mar/2021:14:38:48 +0000] "GET / HTTP/1.1" 304 - "-" "Mozilla/5.0 (Windows NT 10.0; Win64; x64) AppleWebKit/537.36 (KHTML, like Gecko) Chrome/88.0.4324.150 Safari/537.36 OPR/74.0.3911.160"
::1 - - [02/Mar/2021:14:38:50 +0000] "GET /static/css/materialize.min.css HTTP/1.1" 304 - "http://localhost:8000/" "Mozilla/5.0 (Windows NT 10.0; Win64; x64) AppleWebKit/537.36 (KHTML, like Gecko) Chrome/88.0.4324.150 Safari/537.36 OPR/74.0.3911.160"
::1 - - [02/Mar/2021:14:38:50 +0000] "GET /static/css/tabulator_materialize.min.css HTTP/1.1" 304 - "http://localhost:8000/" "Mozilla/5.0 (Windows NT 10.0; Win64; x64) AppleWebKit/537.36 (KHTML, like Gecko) Chrome/88.0.4324.150 Safari/537.36 OPR/74.0.3911.160"
::1 - - [02/Mar/2021:14:38:50 +0000] "GET /static/css/style.css HTTP/1.1" 200 43541 "http://localhost:8000/" "Mozilla/5.0 (Windows NT 10.0; Win64; x64) AppleWebKit/537.36 (KHTML, like Gecko) Chrome/88.0.4324.150 Safari/537.36 OPR/74.0.3911.160"
::1 - - [02/Mar/2021:14:38:56 +0000] "GET /static/js/materialize.min.js HTTP/1.1" 304 - "http://localhost:8000/" "Mozilla/5.0 (Windows NT 10.0; Win64; x64) AppleWebKit/537.36 (KHTML, like Gecko) Chrome/88.0.4324.150 Safari/537.36 OPR/74.0.3911.160"
::1 - - [02/Mar/2021:14:38:57 +0000] "GET /static/js/script.js HTTP/1.1" 304 - "http://localhost:8000/" "Mozilla/5.0 (Windows NT 10.0; Win64; x64) AppleWebKit/537.36 (KHTML, like Gecko) Chrome/88.0.4324.150 Safari/537.36 OPR/74.0.3911.160"
