::1 - - [01/Jan/2021:07:34:11 +0000] "GET / HTTP/1.1" 200 6143 "-" "Mozilla/5.0 (Windows NT 10.0; Win64; x64) AppleWebKit/537.36 (KHTML, like Gecko) Chrome/87.0.4280.88 Safari/537.36 Edg/87.0.664.66"
::1 - - [01/Jan/2021:07:34:12 +0000] "GET /static/css/tabulator_materialize.min.css HTTP/1.1" 200 23058 "http://localhost:8000/" "Mozilla/5.0 (Windows NT 10.0; Win64; x64) AppleWebKit/537.36 (KHTML, like Gecko) Chrome/87.0.4280.88 Safari/537.36 Edg/87.0.664.66"
::1 - - [01/Jan/2021:07:34:12 +0000] "GET /static/css/style.css HTTP/1.1" 200 33708 "http://localhost:8000/" "Mozilla/5.0 (Windows NT 10.0; Win64; x64) AppleWebKit/537.36 (KHTML, like Gecko) Chrome/87.0.4280.88 Safari/537.36 Edg/87.0.664.66"
::1 - - [01/Jan/2021:07:34:12 +0000] "GET /static/js/script.js HTTP/1.1" 200 79320 "http://localhost:8000/" "Mozilla/5.0 (Windows NT 10.0; Win64; x64) AppleWebKit/537.36 (KHTML, like Gecko) Chrome/87.0.4280.88 Safari/537.36 Edg/87.0.664.66"
::1 - - [01/Jan/2021:07:34:12 +0000] "GET /static/js/moment.min.js HTTP/1.1" 200 53324 "http://localhost:8000/" "Mozilla/5.0 (Windows NT 10.0; Win64; x64) AppleWebKit/537.36 (KHTML, like Gecko) Chrome/87.0.4280.88 Safari/537.36 Edg/87.0.664.66"
::1 - - [01/Jan/2021:07:34:12 +0000] "GET /static/css/materialize.min.css HTTP/1.1" 200 141841 "http://localhost:8000/" "Mozilla/5.0 (Windows NT 10.0; Win64; x64) AppleWebKit/537.36 (KHTML, like Gecko) Chrome/87.0.4280.88 Safari/537.36 Edg/87.0.664.66"
::1 - - [01/Jan/2021:07:34:12 +0000] "GET /static/js/materialize.min.js HTTP/1.1" 200 181114 "http://localhost:8000/" "Mozilla/5.0 (Windows NT 10.0; Win64; x64) AppleWebKit/537.36 (KHTML, like Gecko) Chrome/87.0.4280.88 Safari/537.36 Edg/87.0.664.66"
::1 - - [01/Jan/2021:07:34:13 +0000] "GET /static/js/hammer.min.js HTTP/1.1" 200 20765 "http://localhost:8000/" "Mozilla/5.0 (Windows NT 10.0; Win64; x64) AppleWebKit/537.36 (KHTML, like Gecko) Chrome/87.0.4280.88 Safari/537.36 Edg/87.0.664.66"
::1 - - [01/Jan/2021:07:34:13 +0000] "GET /static/js/chartjs-plugin-zoom.min.js HTTP/1.1" 200 9552 "http://localhost:8000/" "Mozilla/5.0 (Windows NT 10.0; Win64; x64) AppleWebKit/537.36 (KHTML, like Gecko) Chrome/87.0.4280.88 Safari/537.36 Edg/87.0.664.66"
::1 - - [01/Jan/2021:07:34:13 +0000] "GET /static/js/md5.min.js HTTP/1.1" 200 3771 "http://localhost:8000/" "Mozilla/5.0 (Windows NT 10.0; Win64; x64) AppleWebKit/537.36 (KHTML, like Gecko) Chrome/87.0.4280.88 Safari/537.36 Edg/87.0.664.66"
::1 - - [01/Jan/2021:07:34:13 +0000] "GET /static/js/chart.min.js HTTP/1.1" 200 210029 "http://localhost:8000/" "Mozilla/5.0 (Windows NT 10.0; Win64; x64) AppleWebKit/537.36 (KHTML, like Gecko) Chrome/87.0.4280.88 Safari/537.36 Edg/87.0.664.66"
::1 - - [01/Jan/2021:07:34:13 +0000] "GET /static/js/tabulator.min.js HTTP/1.1" 200 228105 "http://localhost:8000/" "Mozilla/5.0 (Windows NT 10.0; Win64; x64) AppleWebKit/537.36 (KHTML, like Gecko) Chrome/87.0.4280.88 Safari/537.36 Edg/87.0.664.66"
::1 - - [01/Jan/2021:07:34:13 +0000] "GET /static/img/logo.png HTTP/1.1" 200 49464 "http://localhost:8000/" "Mozilla/5.0 (Windows NT 10.0; Win64; x64) AppleWebKit/537.36 (KHTML, like Gecko) Chrome/87.0.4280.88 Safari/537.36 Edg/87.0.664.66"
::1 - - [01/Jan/2021:07:34:13 +0000] "GET /static/img/botAvatar.png HTTP/1.1" 200 20378 "http://localhost:8000/" "Mozilla/5.0 (Windows NT 10.0; Win64; x64) AppleWebKit/537.36 (KHTML, like Gecko) Chrome/87.0.4280.88 Safari/537.36 Edg/87.0.664.66"
::1 - - [01/Jan/2021:07:34:13 +0000] "GET /static/css/style.css HTTP/1.1" 304 - "http://localhost:8000/static/css/style.css" "Mozilla/5.0 (Windows NT 10.0; Win64; x64) AppleWebKit/537.36 (KHTML, like Gecko) Chrome/87.0.4280.88 Safari/537.36 Edg/87.0.664.66"
::1 - - [01/Jan/2021:07:34:14 +0000] "GET /favicon.ico HTTP/1.1" 404 68 "http://localhost:8000/" "Mozilla/5.0 (Windows NT 10.0; Win64; x64) AppleWebKit/537.36 (KHTML, like Gecko) Chrome/87.0.4280.88 Safari/537.36 Edg/87.0.664.66"
::1 - - [01/Jan/2021:07:34:15 +0000] "GET /static/img/sara_avatar.png HTTP/1.1" 200 213283 "http://localhost:8000/" "Mozilla/5.0 (Windows NT 10.0; Win64; x64) AppleWebKit/537.36 (KHTML, like Gecko) Chrome/87.0.4280.88 Safari/537.36 Edg/87.0.664.66"
::1 - - [01/Jan/2021:07:34:15 +0000] "POST /user/bot/webhook HTTP/1.1" 200 137 "http://localhost:8000/" "Mozilla/5.0 (Windows NT 10.0; Win64; x64) AppleWebKit/537.36 (KHTML, like Gecko) Chrome/87.0.4280.88 Safari/537.36 Edg/87.0.664.66"
::1 - - [01/Jan/2021:07:34:28 +0000] "GET /static/img/userAvatar.jpg HTTP/1.1" 200 24293 "http://localhost:8000/" "Mozilla/5.0 (Windows NT 10.0; Win64; x64) AppleWebKit/537.36 (KHTML, like Gecko) Chrome/87.0.4280.88 Safari/537.36 Edg/87.0.664.66"
::1 - - [01/Jan/2021:07:34:28 +0000] "POST /user/bot/webhook HTTP/1.1" 200 419 "http://localhost:8000/" "Mozilla/5.0 (Windows NT 10.0; Win64; x64) AppleWebKit/537.36 (KHTML, like Gecko) Chrome/87.0.4280.88 Safari/537.36 Edg/87.0.664.66"
::1 - - [01/Jan/2021:07:34:32 +0000] "POST /user/bot/webhook HTTP/1.1" 200 446 "http://localhost:8000/" "Mozilla/5.0 (Windows NT 10.0; Win64; x64) AppleWebKit/537.36 (KHTML, like Gecko) Chrome/87.0.4280.88 Safari/537.36 Edg/87.0.664.66"
::1 - - [01/Jan/2021:07:34:35 +0000] "POST /user/bot/webhook HTTP/1.1" 200 314 "http://localhost:8000/" "Mozilla/5.0 (Windows NT 10.0; Win64; x64) AppleWebKit/537.36 (KHTML, like Gecko) Chrome/87.0.4280.88 Safari/537.36 Edg/87.0.664.66"
::ffff:127.0.0.1 - - [01/Jan/2021:07:35:09 +0000] "GET / HTTP/1.1" 304 - "-" "Mozilla/5.0 (Windows NT 10.0; Win64; x64) AppleWebKit/537.36 (KHTML, like Gecko) Chrome/87.0.4280.88 Safari/537.36 Edg/87.0.664.66"
::ffff:127.0.0.1 - - [01/Jan/2021:07:35:09 +0000] "GET /static/css/materialize.min.css HTTP/1.1" 304 - "http://localhost:8000/" "Mozilla/5.0 (Windows NT 10.0; Win64; x64) AppleWebKit/537.36 (KHTML, like Gecko) Chrome/87.0.4280.88 Safari/537.36 Edg/87.0.664.66"
::ffff:127.0.0.1 - - [01/Jan/2021:07:35:09 +0000] "GET /static/css/tabulator_materialize.min.css HTTP/1.1" 304 - "http://localhost:8000/" "Mozilla/5.0 (Windows NT 10.0; Win64; x64) AppleWebKit/537.36 (KHTML, like Gecko) Chrome/87.0.4280.88 Safari/537.36 Edg/87.0.664.66"
::1 - - [01/Jan/2021:07:35:09 +0000] "GET /static/css/style.css HTTP/1.1" 304 - "http://localhost:8000/" "Mozilla/5.0 (Windows NT 10.0; Win64; x64) AppleWebKit/537.36 (KHTML, like Gecko) Chrome/87.0.4280.88 Safari/537.36 Edg/87.0.664.66"
::1 - - [01/Jan/2021:07:35:09 +0000] "GET /static/js/materialize.min.js HTTP/1.1" 304 - "http://localhost:8000/" "Mozilla/5.0 (Windows NT 10.0; Win64; x64) AppleWebKit/537.36 (KHTML, like Gecko) Chrome/87.0.4280.88 Safari/537.36 Edg/87.0.664.66"
::1 - - [01/Jan/2021:07:35:09 +0000] "GET /static/js/script.js HTTP/1.1" 304 - "http://localhost:8000/" "Mozilla/5.0 (Windows NT 10.0; Win64; x64) AppleWebKit/537.36 (KHTML, like Gecko) Chrome/87.0.4280.88 Safari/537.36 Edg/87.0.664.66"
::1 - - [01/Jan/2021:07:35:09 +0000] "GET /static/js/moment.min.js HTTP/1.1" 304 - "http://localhost:8000/" "Mozilla/5.0 (Windows NT 10.0; Win64; x64) AppleWebKit/537.36 (KHTML, like Gecko) Chrome/87.0.4280.88 Safari/537.36 Edg/87.0.664.66"
::1 - - [01/Jan/2021:07:35:09 +0000] "GET /static/js/chart.min.js HTTP/1.1" 304 - "http://localhost:8000/" "Mozilla/5.0 (Windows NT 10.0; Win64; x64) AppleWebKit/537.36 (KHTML, like Gecko) Chrome/87.0.4280.88 Safari/537.36 Edg/87.0.664.66"
::1 - - [01/Jan/2021:07:35:09 +0000] "GET /static/js/hammer.min.js HTTP/1.1" 304 - "http://localhost:8000/" "Mozilla/5.0 (Windows NT 10.0; Win64; x64) AppleWebKit/537.36 (KHTML, like Gecko) Chrome/87.0.4280.88 Safari/537.36 Edg/87.0.664.66"
::1 - - [01/Jan/2021:07:35:09 +0000] "GET /static/js/chartjs-plugin-zoom.min.js HTTP/1.1" 304 - "http://localhost:8000/" "Mozilla/5.0 (Windows NT 10.0; Win64; x64) AppleWebKit/537.36 (KHTML, like Gecko) Chrome/87.0.4280.88 Safari/537.36 Edg/87.0.664.66"
::ffff:127.0.0.1 - - [01/Jan/2021:07:35:09 +0000] "GET /static/js/tabulator.min.js HTTP/1.1" 304 - "http://localhost:8000/" "Mozilla/5.0 (Windows NT 10.0; Win64; x64) AppleWebKit/537.36 (KHTML, like Gecko) Chrome/87.0.4280.88 Safari/537.36 Edg/87.0.664.66"
::ffff:127.0.0.1 - - [01/Jan/2021:07:35:09 +0000] "GET /static/js/md5.min.js HTTP/1.1" 304 - "http://localhost:8000/" "Mozilla/5.0 (Windows NT 10.0; Win64; x64) AppleWebKit/537.36 (KHTML, like Gecko) Chrome/87.0.4280.88 Safari/537.36 Edg/87.0.664.66"
::ffff:127.0.0.1 - - [01/Jan/2021:07:35:09 +0000] "GET /static/img/logo.png HTTP/1.1" 304 - "http://localhost:8000/" "Mozilla/5.0 (Windows NT 10.0; Win64; x64) AppleWebKit/537.36 (KHTML, like Gecko) Chrome/87.0.4280.88 Safari/537.36 Edg/87.0.664.66"
::ffff:127.0.0.1 - - [01/Jan/2021:07:35:09 +0000] "GET /static/img/botAvatar.png HTTP/1.1" 304 - "http://localhost:8000/" "Mozilla/5.0 (Windows NT 10.0; Win64; x64) AppleWebKit/537.36 (KHTML, like Gecko) Chrome/87.0.4280.88 Safari/537.36 Edg/87.0.664.66"
::ffff:127.0.0.1 - - [01/Jan/2021:07:35:09 +0000] "GET /static/css/style.css HTTP/1.1" 304 - "http://localhost:8000/static/css/style.css" "Mozilla/5.0 (Windows NT 10.0; Win64; x64) AppleWebKit/537.36 (KHTML, like Gecko) Chrome/87.0.4280.88 Safari/537.36 Edg/87.0.664.66"
::ffff:127.0.0.1 - - [01/Jan/2021:07:35:10 +0000] "POST /api/v1/user/verifyUser HTTP/1.1" 400 76 "-" "axios/0.20.0"
::ffff:127.0.0.1 - - [01/Jan/2021:07:35:10 +0000] "GET /static/img/sara_avatar.png HTTP/1.1" 304 - "http://localhost:8000/" "Mozilla/5.0 (Windows NT 10.0; Win64; x64) AppleWebKit/537.36 (KHTML, like Gecko) Chrome/87.0.4280.88 Safari/537.36 Edg/87.0.664.66"
::ffff:127.0.0.1 - - [01/Jan/2021:07:35:10 +0000] "POST /user/bot/webhook HTTP/1.1" 200 82 "http://localhost:8000/" "Mozilla/5.0 (Windows NT 10.0; Win64; x64) AppleWebKit/537.36 (KHTML, like Gecko) Chrome/87.0.4280.88 Safari/537.36 Edg/87.0.664.66"
::ffff:127.0.0.1 - - [01/Jan/2021:07:48:06 +0000] "POST /api/v1/user/login HTTP/1.1" 200 91 "-" "axios/0.20.0"
::1 - - [01/Jan/2021:07:48:06 +0000] "POST /user/login HTTP/1.1" 200 256 "http://localhost:8000/" "Mozilla/5.0 (Windows NT 10.0; Win64; x64) AppleWebKit/537.36 (KHTML, like Gecko) Chrome/87.0.4280.88 Safari/537.36 Edg/87.0.664.66"
::ffff:127.0.0.1 - - [01/Jan/2021:07:48:06 +0000] "POST /api/v1/user/verifyUser HTTP/1.1" 200 91 "-" "axios/0.20.0"
::1 - - [01/Jan/2021:07:48:06 +0000] "POST /user/bot/webhook HTTP/1.1" 200 137 "http://localhost:8000/" "Mozilla/5.0 (Windows NT 10.0; Win64; x64) AppleWebKit/537.36 (KHTML, like Gecko) Chrome/87.0.4280.88 Safari/537.36 Edg/87.0.664.66"
::1 - - [01/Jan/2021:07:48:06 +0000] "GET /static/img/sara_avatar.png HTTP/1.1" 304 - "http://localhost:8000/" "Mozilla/5.0 (Windows NT 10.0; Win64; x64) AppleWebKit/537.36 (KHTML, like Gecko) Chrome/87.0.4280.88 Safari/537.36 Edg/87.0.664.66"
::ffff:127.0.0.1 - - [01/Jan/2021:07:48:15 +0000] "POST /api/v1/user/verifyUser HTTP/1.1" 200 91 "-" "axios/0.20.0"
::1 - - [01/Jan/2021:07:48:15 +0000] "POST /user/bot/webhook HTTP/1.1" 200 419 "http://localhost:8000/" "Mozilla/5.0 (Windows NT 10.0; Win64; x64) AppleWebKit/537.36 (KHTML, like Gecko) Chrome/87.0.4280.88 Safari/537.36 Edg/87.0.664.66"
::1 - - [01/Jan/2021:07:48:15 +0000] "GET /static/img/userAvatar.jpg HTTP/1.1" 304 - "http://localhost:8000/" "Mozilla/5.0 (Windows NT 10.0; Win64; x64) AppleWebKit/537.36 (KHTML, like Gecko) Chrome/87.0.4280.88 Safari/537.36 Edg/87.0.664.66"
::ffff:127.0.0.1 - - [01/Jan/2021:07:48:18 +0000] "POST /api/v1/user/verifyUser HTTP/1.1" 200 91 "-" "axios/0.20.0"
::1 - - [01/Jan/2021:07:48:18 +0000] "POST /user/bot/webhook HTTP/1.1" 200 446 "http://localhost:8000/" "Mozilla/5.0 (Windows NT 10.0; Win64; x64) AppleWebKit/537.36 (KHTML, like Gecko) Chrome/87.0.4280.88 Safari/537.36 Edg/87.0.664.66"
::ffff:127.0.0.1 - - [01/Jan/2021:07:48:20 +0000] "POST /api/v1/user/verifyUser HTTP/1.1" 200 91 "-" "axios/0.20.0"
::ffff:127.0.0.1 - - [01/Jan/2021:07:48:20 +0000] "POST /api/v1/sales/aggregator_revenue HTTP/1.1" 200 163 "-" "axios/0.20.0"
::1 - - [01/Jan/2021:07:48:20 +0000] "POST /user/bot/webhook HTTP/1.1" 200 1263 "http://localhost:8000/" "Mozilla/5.0 (Windows NT 10.0; Win64; x64) AppleWebKit/537.36 (KHTML, like Gecko) Chrome/87.0.4280.88 Safari/537.36 Edg/87.0.664.66"
::1 - - [01/Jan/2021:07:48:28 +0000] "GET /static/css/materialize.min.css HTTP/1.1" 304 - "http://localhost:8000/" "Mozilla/5.0 (Windows NT 10.0; Win64; x64) AppleWebKit/537.36 (KHTML, like Gecko) Chrome/87.0.4280.88 Safari/537.36 Edg/87.0.664.66"
::1 - - [01/Jan/2021:07:48:28 +0000] "GET /static/css/tabulator_materialize.min.css HTTP/1.1" 304 - "http://localhost:8000/" "Mozilla/5.0 (Windows NT 10.0; Win64; x64) AppleWebKit/537.36 (KHTML, like Gecko) Chrome/87.0.4280.88 Safari/537.36 Edg/87.0.664.66"
::1 - - [01/Jan/2021:07:48:28 +0000] "GET /static/css/style.css HTTP/1.1" 304 - "http://localhost:8000/" "Mozilla/5.0 (Windows NT 10.0; Win64; x64) AppleWebKit/537.36 (KHTML, like Gecko) Chrome/87.0.4280.88 Safari/537.36 Edg/87.0.664.66"
::1 - - [01/Jan/2021:07:48:28 +0000] "GET /static/js/hammer.min.js.map HTTP/1.1" 404 84 "-" "Mozilla/5.0 (Windows NT 10.0; Win64; x64) AppleWebKit/537.36 (KHTML, like Gecko) Chrome/87.0.4280.88 Safari/537.36 Edg/87.0.664.66"
::1 - - [01/Jan/2021:07:48:28 +0000] "GET /static/js/md5.min.js.map HTTP/1.1" 404 81 "-" "Mozilla/5.0 (Windows NT 10.0; Win64; x64) AppleWebKit/537.36 (KHTML, like Gecko) Chrome/87.0.4280.88 Safari/537.36 Edg/87.0.664.66"
::1 - - [01/Jan/2021:07:48:28 +0000] "GET /static/css/tabulator_materialize.min.css.map HTTP/1.1" 404 101 "-" "Mozilla/5.0 (Windows NT 10.0; Win64; x64) AppleWebKit/537.36 (KHTML, like Gecko) Chrome/87.0.4280.88 Safari/537.36 Edg/87.0.664.66"
::ffff:127.0.0.1 - - [01/Jan/2021:07:52:16 +0000] "POST /api/v1/user/verifyUser HTTP/1.1" 200 91 "-" "axios/0.20.0"
::1 - - [01/Jan/2021:07:52:16 +0000] "POST /user/bot/webhook HTTP/1.1" 200 419 "http://localhost:8000/" "Mozilla/5.0 (Linux; Android 6.0; Nexus 5 Build/MRA58N) AppleWebKit/537.36 (KHTML, like Gecko) Chrome/87.0.4280.88 Mobile Safari/537.36 Edg/87.0.664.66"
::1 - - [01/Jan/2021:07:52:16 +0000] "GET /static/img/userAvatar.jpg HTTP/1.1" 304 - "http://localhost:8000/" "Mozilla/5.0 (Linux; Android 6.0; Nexus 5 Build/MRA58N) AppleWebKit/537.36 (KHTML, like Gecko) Chrome/87.0.4280.88 Mobile Safari/537.36 Edg/87.0.664.66"
::1 - - [01/Jan/2021:07:52:16 +0000] "GET /static/img/sara_avatar.png HTTP/1.1" 304 - "http://localhost:8000/" "Mozilla/5.0 (Linux; Android 6.0; Nexus 5 Build/MRA58N) AppleWebKit/537.36 (KHTML, like Gecko) Chrome/87.0.4280.88 Mobile Safari/537.36 Edg/87.0.664.66"
::ffff:127.0.0.1 - - [01/Jan/2021:07:52:19 +0000] "POST /api/v1/user/verifyUser HTTP/1.1" 200 91 "-" "axios/0.20.0"
::1 - - [01/Jan/2021:07:52:19 +0000] "POST /user/bot/webhook HTTP/1.1" 200 137 "http://localhost:8000/" "Mozilla/5.0 (Linux; Android 6.0; Nexus 5 Build/MRA58N) AppleWebKit/537.36 (KHTML, like Gecko) Chrome/87.0.4280.88 Mobile Safari/537.36 Edg/87.0.664.66"
::ffff:127.0.0.1 - - [01/Jan/2021:07:52:22 +0000] "POST /api/v1/user/verifyUser HTTP/1.1" 200 91 "-" "axios/0.20.0"
::1 - - [01/Jan/2021:07:52:22 +0000] "POST /user/bot/webhook HTTP/1.1" 200 748 "http://localhost:8000/" "Mozilla/5.0 (Linux; Android 6.0; Nexus 5 Build/MRA58N) AppleWebKit/537.36 (KHTML, like Gecko) Chrome/87.0.4280.88 Mobile Safari/537.36 Edg/87.0.664.66"
::ffff:127.0.0.1 - - [01/Jan/2021:07:52:25 +0000] "POST /api/v1/user/verifyUser HTTP/1.1" 200 91 "-" "axios/0.20.0"
::1 - - [01/Jan/2021:07:52:25 +0000] "POST /user/bot/webhook HTTP/1.1" 200 472 "http://localhost:8000/" "Mozilla/5.0 (Linux; Android 6.0; Nexus 5 Build/MRA58N) AppleWebKit/537.36 (KHTML, like Gecko) Chrome/87.0.4280.88 Mobile Safari/537.36 Edg/87.0.664.66"
::ffff:127.0.0.1 - - [01/Jan/2021:07:52:28 +0000] "POST /api/v1/user/verifyUser HTTP/1.1" 200 91 "-" "axios/0.20.0"
::ffff:127.0.0.1 - - [01/Jan/2021:07:52:28 +0000] "POST /api/v1/reconciliation/variance_aggregator_wise HTTP/1.1" 200 228 "-" "axios/0.20.0"
::1 - - [01/Jan/2021:07:52:28 +0000] "POST /user/bot/webhook HTTP/1.1" 200 2 "http://localhost:8000/" "Mozilla/5.0 (Linux; Android 6.0; Nexus 5 Build/MRA58N) AppleWebKit/537.36 (KHTML, like Gecko) Chrome/87.0.4280.88 Mobile Safari/537.36 Edg/87.0.664.66"
::ffff:127.0.0.1 - - [01/Jan/2021:07:53:52 +0000] "POST /api/v1/user/verifyUser HTTP/1.1" 200 91 "-" "axios/0.20.0"
::1 - - [01/Jan/2021:07:53:52 +0000] "POST /user/bot/webhook HTTP/1.1" 200 137 "http://localhost:8000/" "Mozilla/5.0 (Linux; Android 6.0; Nexus 5 Build/MRA58N) AppleWebKit/537.36 (KHTML, like Gecko) Chrome/87.0.4280.88 Mobile Safari/537.36 Edg/87.0.664.66"
::ffff:127.0.0.1 - - [01/Jan/2021:07:53:55 +0000] "POST /api/v1/user/verifyUser HTTP/1.1" 200 91 "-" "axios/0.20.0"
::1 - - [01/Jan/2021:07:53:55 +0000] "POST /user/bot/webhook HTTP/1.1" 200 748 "http://localhost:8000/" "Mozilla/5.0 (Linux; Android 6.0; Nexus 5 Build/MRA58N) AppleWebKit/537.36 (KHTML, like Gecko) Chrome/87.0.4280.88 Mobile Safari/537.36 Edg/87.0.664.66"
::ffff:127.0.0.1 - - [01/Jan/2021:07:53:58 +0000] "POST /api/v1/user/verifyUser HTTP/1.1" 200 91 "-" "axios/0.20.0"
::1 - - [01/Jan/2021:07:53:58 +0000] "POST /user/bot/webhook HTTP/1.1" 200 472 "http://localhost:8000/" "Mozilla/5.0 (Linux; Android 6.0; Nexus 5 Build/MRA58N) AppleWebKit/537.36 (KHTML, like Gecko) Chrome/87.0.4280.88 Mobile Safari/537.36 Edg/87.0.664.66"
::ffff:127.0.0.1 - - [01/Jan/2021:07:54:00 +0000] "POST /api/v1/user/verifyUser HTTP/1.1" 200 91 "-" "axios/0.20.0"
::ffff:127.0.0.1 - - [01/Jan/2021:07:54:00 +0000] "POST /api/v1/reconciliation/variance_aggregator_wise HTTP/1.1" 200 228 "-" "axios/0.20.0"
::1 - - [01/Jan/2021:07:54:00 +0000] "POST /user/bot/webhook HTTP/1.1" 200 852 "http://localhost:8000/" "Mozilla/5.0 (Linux; Android 6.0; Nexus 5 Build/MRA58N) AppleWebKit/537.36 (KHTML, like Gecko) Chrome/87.0.4280.88 Mobile Safari/537.36 Edg/87.0.664.66"
::1 - - [01/Jan/2021:08:02:19 +0000] "GET / HTTP/1.1" 200 6143 "-" "Mozilla/5.0 (Linux; Android 7.1.1; Moto E (4)) AppleWebKit/537.36 (KHTML, like Gecko) Chrome/87.0.4280.101 Mobile Safari/537.36"
::1 - - [01/Jan/2021:08:02:19 +0000] "GET /static/css/tabulator_materialize.min.css HTTP/1.1" 200 23058 "https://0cf8c7b508bf.ngrok.io/" "Mozilla/5.0 (Linux; Android 7.1.1; Moto E (4)) AppleWebKit/537.36 (KHTML, like Gecko) Chrome/87.0.4280.101 Mobile Safari/537.36"
::1 - - [01/Jan/2021:08:02:20 +0000] "GET /static/css/style.css HTTP/1.1" 200 33708 "https://0cf8c7b508bf.ngrok.io/" "Mozilla/5.0 (Linux; Android 7.1.1; Moto E (4)) AppleWebKit/537.36 (KHTML, like Gecko) Chrome/87.0.4280.101 Mobile Safari/537.36"
::1 - - [01/Jan/2021:08:02:20 +0000] "GET /static/css/materialize.min.css HTTP/1.1" 200 141841 "https://0cf8c7b508bf.ngrok.io/" "Mozilla/5.0 (Linux; Android 7.1.1; Moto E (4)) AppleWebKit/537.36 (KHTML, like Gecko) Chrome/87.0.4280.101 Mobile Safari/537.36"
::1 - - [01/Jan/2021:08:02:20 +0000] "GET /static/js/md5.min.js HTTP/1.1" 200 3771 "https://0cf8c7b508bf.ngrok.io/" "Mozilla/5.0 (Linux; Android 7.1.1; Moto E (4)) AppleWebKit/537.36 (KHTML, like Gecko) Chrome/87.0.4280.101 Mobile Safari/537.36"
::1 - - [01/Jan/2021:08:02:20 +0000] "GET /static/js/moment.min.js HTTP/1.1" 200 53324 "https://0cf8c7b508bf.ngrok.io/" "Mozilla/5.0 (Linux; Android 7.1.1; Moto E (4)) AppleWebKit/537.36 (KHTML, like Gecko) Chrome/87.0.4280.101 Mobile Safari/537.36"
::1 - - [01/Jan/2021:08:02:20 +0000] "GET /static/js/script.js HTTP/1.1" 200 79320 "https://0cf8c7b508bf.ngrok.io/" "Mozilla/5.0 (Linux; Android 7.1.1; Moto E (4)) AppleWebKit/537.36 (KHTML, like Gecko) Chrome/87.0.4280.101 Mobile Safari/537.36"
::1 - - [01/Jan/2021:08:02:20 +0000] "GET /static/js/hammer.min.js HTTP/1.1" 200 20765 "https://0cf8c7b508bf.ngrok.io/" "Mozilla/5.0 (Linux; Android 7.1.1; Moto E (4)) AppleWebKit/537.36 (KHTML, like Gecko) Chrome/87.0.4280.101 Mobile Safari/537.36"
::1 - - [01/Jan/2021:08:02:20 +0000] "GET /static/js/chartjs-plugin-zoom.min.js HTTP/1.1" 200 9552 "https://0cf8c7b508bf.ngrok.io/" "Mozilla/5.0 (Linux; Android 7.1.1; Moto E (4)) AppleWebKit/537.36 (KHTML, like Gecko) Chrome/87.0.4280.101 Mobile Safari/537.36"
::1 - - [01/Jan/2021:08:02:20 +0000] "GET /static/js/materialize.min.js HTTP/1.1" 200 181114 "https://0cf8c7b508bf.ngrok.io/" "Mozilla/5.0 (Linux; Android 7.1.1; Moto E (4)) AppleWebKit/537.36 (KHTML, like Gecko) Chrome/87.0.4280.101 Mobile Safari/537.36"
::1 - - [01/Jan/2021:08:02:20 +0000] "GET /static/js/chart.min.js HTTP/1.1" 200 210029 "https://0cf8c7b508bf.ngrok.io/" "Mozilla/5.0 (Linux; Android 7.1.1; Moto E (4)) AppleWebKit/537.36 (KHTML, like Gecko) Chrome/87.0.4280.101 Mobile Safari/537.36"
::1 - - [01/Jan/2021:08:02:20 +0000] "GET /static/js/tabulator.min.js HTTP/1.1" 200 228105 "https://0cf8c7b508bf.ngrok.io/" "Mozilla/5.0 (Linux; Android 7.1.1; Moto E (4)) AppleWebKit/537.36 (KHTML, like Gecko) Chrome/87.0.4280.101 Mobile Safari/537.36"
::1 - - [01/Jan/2021:08:02:22 +0000] "GET /static/css/style.css HTTP/1.1" 304 - "https://0cf8c7b508bf.ngrok.io/static/css/style.css" "Mozilla/5.0 (Linux; Android 7.1.1; Moto E (4)) AppleWebKit/537.36 (KHTML, like Gecko) Chrome/87.0.4280.101 Mobile Safari/537.36"
::1 - - [01/Jan/2021:08:02:22 +0000] "GET /static/img/botAvatar.png HTTP/1.1" 200 20378 "https://0cf8c7b508bf.ngrok.io/" "Mozilla/5.0 (Linux; Android 7.1.1; Moto E (4)) AppleWebKit/537.36 (KHTML, like Gecko) Chrome/87.0.4280.101 Mobile Safari/537.36"
::1 - - [01/Jan/2021:08:02:22 +0000] "GET /static/img/logo.png HTTP/1.1" 200 49464 "https://0cf8c7b508bf.ngrok.io/" "Mozilla/5.0 (Linux; Android 7.1.1; Moto E (4)) AppleWebKit/537.36 (KHTML, like Gecko) Chrome/87.0.4280.101 Mobile Safari/537.36"
::1 - - [01/Jan/2021:08:02:24 +0000] "POST /user/bot/webhook HTTP/1.1" 200 71 "https://0cf8c7b508bf.ngrok.io/" "Mozilla/5.0 (Linux; Android 7.1.1; Moto E (4)) AppleWebKit/537.36 (KHTML, like Gecko) Chrome/87.0.4280.101 Mobile Safari/537.36"
::1 - - [01/Jan/2021:08:02:24 +0000] "GET /static/img/sara_avatar.png HTTP/1.1" 200 213283 "https://0cf8c7b508bf.ngrok.io/" "Mozilla/5.0 (Linux; Android 7.1.1; Moto E (4)) AppleWebKit/537.36 (KHTML, like Gecko) Chrome/87.0.4280.101 Mobile Safari/537.36"
::1 - - [01/Jan/2021:08:02:24 +0000] "GET /favicon.ico HTTP/1.1" 404 68 "https://0cf8c7b508bf.ngrok.io/" "Mozilla/5.0 (Linux; Android 7.1.1; Moto E (4)) AppleWebKit/537.36 (KHTML, like Gecko) Chrome/87.0.4280.101 Mobile Safari/537.36"
::1 - - [01/Jan/2021:08:09:37 +0000] "GET / HTTP/1.1" 304 - "-" "Mozilla/5.0 (Linux; Android 6.0; Nexus 5 Build/MRA58N) AppleWebKit/537.36 (KHTML, like Gecko) Chrome/87.0.4280.88 Mobile Safari/537.36 Edg/87.0.664.66"
::1 - - [01/Jan/2021:08:09:39 +0000] "GET /static/css/materialize.min.css HTTP/1.1" 304 - "http://localhost:8000/" "Mozilla/5.0 (Linux; Android 6.0; Nexus 5 Build/MRA58N) AppleWebKit/537.36 (KHTML, like Gecko) Chrome/87.0.4280.88 Mobile Safari/537.36 Edg/87.0.664.66"
::1 - - [01/Jan/2021:08:09:39 +0000] "GET /static/css/tabulator_materialize.min.css HTTP/1.1" 304 - "http://localhost:8000/" "Mozilla/5.0 (Linux; Android 6.0; Nexus 5 Build/MRA58N) AppleWebKit/537.36 (KHTML, like Gecko) Chrome/87.0.4280.88 Mobile Safari/537.36 Edg/87.0.664.66"
::1 - - [01/Jan/2021:08:09:39 +0000] "GET /static/css/style.css HTTP/1.1" 304 - "http://localhost:8000/" "Mozilla/5.0 (Linux; Android 6.0; Nexus 5 Build/MRA58N) AppleWebKit/537.36 (KHTML, like Gecko) Chrome/87.0.4280.88 Mobile Safari/537.36 Edg/87.0.664.66"
::1 - - [01/Jan/2021:08:09:39 +0000] "GET /static/js/materialize.min.js HTTP/1.1" 304 - "http://localhost:8000/" "Mozilla/5.0 (Linux; Android 6.0; Nexus 5 Build/MRA58N) AppleWebKit/537.36 (KHTML, like Gecko) Chrome/87.0.4280.88 Mobile Safari/537.36 Edg/87.0.664.66"
::1 - - [01/Jan/2021:08:09:39 +0000] "GET /static/js/script.js HTTP/1.1" 304 - "http://localhost:8000/" "Mozilla/5.0 (Linux; Android 6.0; Nexus 5 Build/MRA58N) AppleWebKit/537.36 (KHTML, like Gecko) Chrome/87.0.4280.88 Mobile Safari/537.36 Edg/87.0.664.66"
::1 - - [01/Jan/2021:08:09:39 +0000] "GET /static/js/moment.min.js HTTP/1.1" 304 - "http://localhost:8000/" "Mozilla/5.0 (Linux; Android 6.0; Nexus 5 Build/MRA58N) AppleWebKit/537.36 (KHTML, like Gecko) Chrome/87.0.4280.88 Mobile Safari/537.36 Edg/87.0.664.66"
::1 - - [01/Jan/2021:08:09:39 +0000] "GET /static/js/chart.min.js HTTP/1.1" 304 - "http://localhost:8000/" "Mozilla/5.0 (Linux; Android 6.0; Nexus 5 Build/MRA58N) AppleWebKit/537.36 (KHTML, like Gecko) Chrome/87.0.4280.88 Mobile Safari/537.36 Edg/87.0.664.66"
::1 - - [01/Jan/2021:08:09:39 +0000] "GET /static/js/hammer.min.js HTTP/1.1" 304 - "http://localhost:8000/" "Mozilla/5.0 (Linux; Android 6.0; Nexus 5 Build/MRA58N) AppleWebKit/537.36 (KHTML, like Gecko) Chrome/87.0.4280.88 Mobile Safari/537.36 Edg/87.0.664.66"
::1 - - [01/Jan/2021:08:09:39 +0000] "GET /static/js/chartjs-plugin-zoom.min.js HTTP/1.1" 304 - "http://localhost:8000/" "Mozilla/5.0 (Linux; Android 6.0; Nexus 5 Build/MRA58N) AppleWebKit/537.36 (KHTML, like Gecko) Chrome/87.0.4280.88 Mobile Safari/537.36 Edg/87.0.664.66"
::1 - - [01/Jan/2021:08:09:39 +0000] "GET /static/img/botAvatar.png HTTP/1.1" 304 - "http://localhost:8000/" "Mozilla/5.0 (Linux; Android 6.0; Nexus 5 Build/MRA58N) AppleWebKit/537.36 (KHTML, like Gecko) Chrome/87.0.4280.88 Mobile Safari/537.36 Edg/87.0.664.66"
::1 - - [01/Jan/2021:08:09:39 +0000] "GET /static/css/style.css HTTP/1.1" 304 - "http://localhost:8000/static/css/style.css" "Mozilla/5.0 (Linux; Android 6.0; Nexus 5 Build/MRA58N) AppleWebKit/537.36 (KHTML, like Gecko) Chrome/87.0.4280.88 Mobile Safari/537.36 Edg/87.0.664.66"
::1 - - [01/Jan/2021:08:09:39 +0000] "GET /static/js/tabulator.min.js HTTP/1.1" 304 - "http://localhost:8000/" "Mozilla/5.0 (Linux; Android 6.0; Nexus 5 Build/MRA58N) AppleWebKit/537.36 (KHTML, like Gecko) Chrome/87.0.4280.88 Mobile Safari/537.36 Edg/87.0.664.66"
::1 - - [01/Jan/2021:08:09:39 +0000] "GET /static/js/md5.min.js HTTP/1.1" 304 - "http://localhost:8000/" "Mozilla/5.0 (Linux; Android 6.0; Nexus 5 Build/MRA58N) AppleWebKit/537.36 (KHTML, like Gecko) Chrome/87.0.4280.88 Mobile Safari/537.36 Edg/87.0.664.66"
::1 - - [01/Jan/2021:08:09:40 +0000] "GET /static/img/logo.png HTTP/1.1" 304 - "http://localhost:8000/" "Mozilla/5.0 (Linux; Android 6.0; Nexus 5 Build/MRA58N) AppleWebKit/537.36 (KHTML, like Gecko) Chrome/87.0.4280.88 Mobile Safari/537.36 Edg/87.0.664.66"
::1 - - [01/Jan/2021:08:09:40 +0000] "GET /static/css/tabulator_materialize.min.css.map HTTP/1.1" 404 101 "-" "Mozilla/5.0 (Windows NT 10.0; Win64; x64) AppleWebKit/537.36 (KHTML, like Gecko) Chrome/87.0.4280.88 Safari/537.36 Edg/87.0.664.66"
::1 - - [01/Jan/2021:08:09:40 +0000] "GET /static/js/md5.min.js.map HTTP/1.1" 404 81 "-" "Mozilla/5.0 (Windows NT 10.0; Win64; x64) AppleWebKit/537.36 (KHTML, like Gecko) Chrome/87.0.4280.88 Safari/537.36 Edg/87.0.664.66"
::1 - - [01/Jan/2021:08:09:40 +0000] "GET /static/img/sara_avatar.png HTTP/1.1" 304 - "http://localhost:8000/" "Mozilla/5.0 (Linux; Android 6.0; Nexus 5 Build/MRA58N) AppleWebKit/537.36 (KHTML, like Gecko) Chrome/87.0.4280.88 Mobile Safari/537.36 Edg/87.0.664.66"
::1 - - [01/Jan/2021:08:09:40 +0000] "GET /static/js/hammer.min.js.map HTTP/1.1" 404 84 "-" "Mozilla/5.0 (Windows NT 10.0; Win64; x64) AppleWebKit/537.36 (KHTML, like Gecko) Chrome/87.0.4280.88 Safari/537.36 Edg/87.0.664.66"
::ffff:127.0.0.1 - - [01/Jan/2021:08:09:40 +0000] "POST /api/v1/user/verifyUser HTTP/1.1" 200 91 "-" "axios/0.20.0"
::1 - - [01/Jan/2021:08:09:40 +0000] "POST /user/bot/webhook HTTP/1.1" 200 137 "http://localhost:8000/" "Mozilla/5.0 (Linux; Android 6.0; Nexus 5 Build/MRA58N) AppleWebKit/537.36 (KHTML, like Gecko) Chrome/87.0.4280.88 Mobile Safari/537.36 Edg/87.0.664.66"
::1 - - [01/Jan/2021:08:09:43 +0000] "GET /static/img/userAvatar.jpg HTTP/1.1" 304 - "http://localhost:8000/" "Mozilla/5.0 (Linux; Android 6.0; Nexus 5 Build/MRA58N) AppleWebKit/537.36 (KHTML, like Gecko) Chrome/87.0.4280.88 Mobile Safari/537.36 Edg/87.0.664.66"
::ffff:127.0.0.1 - - [01/Jan/2021:08:09:43 +0000] "POST /api/v1/user/verifyUser HTTP/1.1" 200 91 "-" "axios/0.20.0"
::1 - - [01/Jan/2021:08:09:43 +0000] "POST /user/bot/webhook HTTP/1.1" 200 748 "http://localhost:8000/" "Mozilla/5.0 (Linux; Android 6.0; Nexus 5 Build/MRA58N) AppleWebKit/537.36 (KHTML, like Gecko) Chrome/87.0.4280.88 Mobile Safari/537.36 Edg/87.0.664.66"
::ffff:127.0.0.1 - - [01/Jan/2021:08:09:46 +0000] "POST /api/v1/user/verifyUser HTTP/1.1" 200 91 "-" "axios/0.20.0"
::1 - - [01/Jan/2021:08:09:46 +0000] "POST /user/bot/webhook HTTP/1.1" 200 472 "http://localhost:8000/" "Mozilla/5.0 (Linux; Android 6.0; Nexus 5 Build/MRA58N) AppleWebKit/537.36 (KHTML, like Gecko) Chrome/87.0.4280.88 Mobile Safari/537.36 Edg/87.0.664.66"
::ffff:127.0.0.1 - - [01/Jan/2021:08:09:49 +0000] "POST /api/v1/user/verifyUser HTTP/1.1" 200 91 "-" "axios/0.20.0"
::ffff:127.0.0.1 - - [01/Jan/2021:08:09:50 +0000] "POST /api/v1/reconciliation/variance_aggregator_wise HTTP/1.1" 200 228 "-" "axios/0.20.0"
::1 - - [01/Jan/2021:08:09:50 +0000] "POST /user/bot/webhook HTTP/1.1" 200 852 "http://localhost:8000/" "Mozilla/5.0 (Linux; Android 6.0; Nexus 5 Build/MRA58N) AppleWebKit/537.36 (KHTML, like Gecko) Chrome/87.0.4280.88 Mobile Safari/537.36 Edg/87.0.664.66"
::1 - - [02/Jan/2021:07:14:00 +0000] "GET / HTTP/1.1" 200 6143 "-" "Mozilla/5.0 (Windows NT 10.0; Win64; x64) AppleWebKit/537.36 (KHTML, like Gecko) Chrome/87.0.4280.88 Safari/537.36 Edg/87.0.664.66"
::1 - - [02/Jan/2021:07:14:01 +0000] "GET /static/css/tabulator_materialize.min.css HTTP/1.1" 200 23058 "http://localhost:8000/" "Mozilla/5.0 (Windows NT 10.0; Win64; x64) AppleWebKit/537.36 (KHTML, like Gecko) Chrome/87.0.4280.88 Safari/537.36 Edg/87.0.664.66"
::1 - - [02/Jan/2021:07:14:01 +0000] "GET /static/css/style.css HTTP/1.1" 200 33708 "http://localhost:8000/" "Mozilla/5.0 (Windows NT 10.0; Win64; x64) AppleWebKit/537.36 (KHTML, like Gecko) Chrome/87.0.4280.88 Safari/537.36 Edg/87.0.664.66"
::1 - - [02/Jan/2021:07:14:01 +0000] "GET /static/js/moment.min.js HTTP/1.1" 200 53324 "http://localhost:8000/" "Mozilla/5.0 (Windows NT 10.0; Win64; x64) AppleWebKit/537.36 (KHTML, like Gecko) Chrome/87.0.4280.88 Safari/537.36 Edg/87.0.664.66"
::1 - - [02/Jan/2021:07:14:01 +0000] "GET /static/js/script.js HTTP/1.1" 200 79320 "http://localhost:8000/" "Mozilla/5.0 (Windows NT 10.0; Win64; x64) AppleWebKit/537.36 (KHTML, like Gecko) Chrome/87.0.4280.88 Safari/537.36 Edg/87.0.664.66"
::1 - - [02/Jan/2021:07:14:01 +0000] "GET /static/css/materialize.min.css HTTP/1.1" 200 141841 "http://localhost:8000/" "Mozilla/5.0 (Windows NT 10.0; Win64; x64) AppleWebKit/537.36 (KHTML, like Gecko) Chrome/87.0.4280.88 Safari/537.36 Edg/87.0.664.66"
::1 - - [02/Jan/2021:07:14:01 +0000] "GET /static/js/materialize.min.js HTTP/1.1" 200 181114 "http://localhost:8000/" "Mozilla/5.0 (Windows NT 10.0; Win64; x64) AppleWebKit/537.36 (KHTML, like Gecko) Chrome/87.0.4280.88 Safari/537.36 Edg/87.0.664.66"
::1 - - [02/Jan/2021:07:14:01 +0000] "GET /static/js/hammer.min.js HTTP/1.1" 200 20765 "http://localhost:8000/" "Mozilla/5.0 (Windows NT 10.0; Win64; x64) AppleWebKit/537.36 (KHTML, like Gecko) Chrome/87.0.4280.88 Safari/537.36 Edg/87.0.664.66"
::1 - - [02/Jan/2021:07:14:01 +0000] "GET /static/js/chart.min.js HTTP/1.1" 200 210029 "http://localhost:8000/" "Mozilla/5.0 (Windows NT 10.0; Win64; x64) AppleWebKit/537.36 (KHTML, like Gecko) Chrome/87.0.4280.88 Safari/537.36 Edg/87.0.664.66"
::1 - - [02/Jan/2021:07:14:01 +0000] "GET /static/js/chartjs-plugin-zoom.min.js HTTP/1.1" 200 9552 "http://localhost:8000/" "Mozilla/5.0 (Windows NT 10.0; Win64; x64) AppleWebKit/537.36 (KHTML, like Gecko) Chrome/87.0.4280.88 Safari/537.36 Edg/87.0.664.66"
::1 - - [02/Jan/2021:07:14:01 +0000] "GET /static/js/md5.min.js HTTP/1.1" 200 3771 "http://localhost:8000/" "Mozilla/5.0 (Windows NT 10.0; Win64; x64) AppleWebKit/537.36 (KHTML, like Gecko) Chrome/87.0.4280.88 Safari/537.36 Edg/87.0.664.66"
::1 - - [02/Jan/2021:07:14:02 +0000] "GET /static/js/tabulator.min.js HTTP/1.1" 200 228105 "http://localhost:8000/" "Mozilla/5.0 (Windows NT 10.0; Win64; x64) AppleWebKit/537.36 (KHTML, like Gecko) Chrome/87.0.4280.88 Safari/537.36 Edg/87.0.664.66"
::1 - - [02/Jan/2021:07:14:02 +0000] "GET /static/img/logo.png HTTP/1.1" 200 49464 "http://localhost:8000/" "Mozilla/5.0 (Windows NT 10.0; Win64; x64) AppleWebKit/537.36 (KHTML, like Gecko) Chrome/87.0.4280.88 Safari/537.36 Edg/87.0.664.66"
::1 - - [02/Jan/2021:07:14:02 +0000] "GET /static/css/style.css HTTP/1.1" 304 - "http://localhost:8000/static/css/style.css" "Mozilla/5.0 (Windows NT 10.0; Win64; x64) AppleWebKit/537.36 (KHTML, like Gecko) Chrome/87.0.4280.88 Safari/537.36 Edg/87.0.664.66"
::1 - - [02/Jan/2021:07:14:02 +0000] "GET /static/img/botAvatar.png HTTP/1.1" 200 20378 "http://localhost:8000/" "Mozilla/5.0 (Windows NT 10.0; Win64; x64) AppleWebKit/537.36 (KHTML, like Gecko) Chrome/87.0.4280.88 Safari/537.36 Edg/87.0.664.66"
::ffff:127.0.0.1 - - [02/Jan/2021:07:14:03 +0000] "POST /api/v1/user/verifyUser HTTP/1.1" 200 91 "-" "axios/0.20.0"
::1 - - [02/Jan/2021:07:14:03 +0000] "POST /user/bot/webhook HTTP/1.1" 200 137 "http://localhost:8000/" "Mozilla/5.0 (Windows NT 10.0; Win64; x64) AppleWebKit/537.36 (KHTML, like Gecko) Chrome/87.0.4280.88 Safari/537.36 Edg/87.0.664.66"
::1 - - [02/Jan/2021:07:14:03 +0000] "GET /static/img/sara_avatar.png HTTP/1.1" 200 213283 "http://localhost:8000/" "Mozilla/5.0 (Windows NT 10.0; Win64; x64) AppleWebKit/537.36 (KHTML, like Gecko) Chrome/87.0.4280.88 Safari/537.36 Edg/87.0.664.66"
::1 - - [02/Jan/2021:07:14:03 +0000] "GET /favicon.ico HTTP/1.1" 404 68 "http://localhost:8000/" "Mozilla/5.0 (Windows NT 10.0; Win64; x64) AppleWebKit/537.36 (KHTML, like Gecko) Chrome/87.0.4280.88 Safari/537.36 Edg/87.0.664.66"
::ffff:127.0.0.1 - - [02/Jan/2021:07:14:07 +0000] "POST /api/v1/user/verifyUser HTTP/1.1" 200 91 "-" "axios/0.20.0"
::1 - - [02/Jan/2021:07:14:07 +0000] "POST /user/bot/webhook HTTP/1.1" 200 748 "http://localhost:8000/" "Mozilla/5.0 (Windows NT 10.0; Win64; x64) AppleWebKit/537.36 (KHTML, like Gecko) Chrome/87.0.4280.88 Safari/537.36 Edg/87.0.664.66"
::1 - - [02/Jan/2021:07:14:07 +0000] "GET /static/img/userAvatar.jpg HTTP/1.1" 200 24293 "http://localhost:8000/" "Mozilla/5.0 (Windows NT 10.0; Win64; x64) AppleWebKit/537.36 (KHTML, like Gecko) Chrome/87.0.4280.88 Safari/537.36 Edg/87.0.664.66"
::ffff:127.0.0.1 - - [02/Jan/2021:07:14:10 +0000] "POST /api/v1/user/verifyUser HTTP/1.1" 200 91 "-" "axios/0.20.0"
::1 - - [02/Jan/2021:07:14:10 +0000] "POST /user/bot/webhook HTTP/1.1" 200 472 "http://localhost:8000/" "Mozilla/5.0 (Windows NT 10.0; Win64; x64) AppleWebKit/537.36 (KHTML, like Gecko) Chrome/87.0.4280.88 Safari/537.36 Edg/87.0.664.66"
::ffff:127.0.0.1 - - [02/Jan/2021:07:14:13 +0000] "POST /api/v1/user/verifyUser HTTP/1.1" 200 91 "-" "axios/0.20.0"
::ffff:127.0.0.1 - - [02/Jan/2021:07:14:13 +0000] "POST /api/v1/reconciliation/variance_aggregator_wise HTTP/1.1" 200 228 "-" "axios/0.20.0"
::1 - - [02/Jan/2021:07:14:13 +0000] "POST /user/bot/webhook HTTP/1.1" 200 852 "http://localhost:8000/" "Mozilla/5.0 (Windows NT 10.0; Win64; x64) AppleWebKit/537.36 (KHTML, like Gecko) Chrome/87.0.4280.88 Safari/537.36 Edg/87.0.664.66"
::ffff:127.0.0.1 - - [02/Jan/2021:07:14:19 +0000] "POST /api/v1/user/verifyUser HTTP/1.1" 200 91 "-" "axios/0.20.0"
::1 - - [02/Jan/2021:07:14:19 +0000] "POST /user/bot/webhook HTTP/1.1" 200 748 "http://localhost:8000/" "Mozilla/5.0 (Windows NT 10.0; Win64; x64) AppleWebKit/537.36 (KHTML, like Gecko) Chrome/87.0.4280.88 Safari/537.36 Edg/87.0.664.66"
::ffff:127.0.0.1 - - [02/Jan/2021:07:14:22 +0000] "POST /api/v1/user/verifyUser HTTP/1.1" 200 91 "-" "axios/0.20.0"
::1 - - [02/Jan/2021:07:14:22 +0000] "POST /user/bot/webhook HTTP/1.1" 200 456 "http://localhost:8000/" "Mozilla/5.0 (Windows NT 10.0; Win64; x64) AppleWebKit/537.36 (KHTML, like Gecko) Chrome/87.0.4280.88 Safari/537.36 Edg/87.0.664.66"
::ffff:127.0.0.1 - - [02/Jan/2021:07:14:24 +0000] "POST /api/v1/user/verifyUser HTTP/1.1" 200 91 "-" "axios/0.20.0"
::ffff:127.0.0.1 - - [02/Jan/2021:07:14:24 +0000] "POST /api/v1/reconciliation/reconciliation_table HTTP/1.1" 200 1547 "-" "axios/0.20.0"
::1 - - [02/Jan/2021:07:14:24 +0000] "POST /user/bot/webhook HTTP/1.1" 200 6392 "http://localhost:8000/" "Mozilla/5.0 (Windows NT 10.0; Win64; x64) AppleWebKit/537.36 (KHTML, like Gecko) Chrome/87.0.4280.88 Safari/537.36 Edg/87.0.664.66"
::ffff:127.0.0.1 - - [02/Jan/2021:07:15:04 +0000] "POST /api/v1/user/verifyUser HTTP/1.1" 200 91 "-" "axios/0.20.0"
::1 - - [02/Jan/2021:07:15:04 +0000] "POST /user/bot/webhook HTTP/1.1" 200 748 "http://localhost:8000/" "Mozilla/5.0 (Windows NT 10.0; Win64; x64) AppleWebKit/537.36 (KHTML, like Gecko) Chrome/87.0.4280.88 Safari/537.36 Edg/87.0.664.66"
::ffff:127.0.0.1 - - [02/Jan/2021:07:15:22 +0000] "POST /api/v1/user/verifyUser HTTP/1.1" 200 91 "-" "axios/0.20.0"
::1 - - [02/Jan/2021:07:15:22 +0000] "POST /user/bot/webhook HTTP/1.1" 200 448 "http://localhost:8000/" "Mozilla/5.0 (Windows NT 10.0; Win64; x64) AppleWebKit/537.36 (KHTML, like Gecko) Chrome/87.0.4280.88 Safari/537.36 Edg/87.0.664.66"
::ffff:127.0.0.1 - - [02/Jan/2021:07:15:25 +0000] "POST /api/v1/user/verifyUser HTTP/1.1" 200 91 "-" "axios/0.20.0"
::ffff:127.0.0.1 - - [02/Jan/2021:07:15:25 +0000] "POST /api/v1/reconciliation/sales_payment_wise HTTP/1.1" 200 1547 "-" "axios/0.20.0"
::1 - - [02/Jan/2021:07:15:25 +0000] "POST /user/bot/webhook HTTP/1.1" 200 6394 "http://localhost:8000/" "Mozilla/5.0 (Windows NT 10.0; Win64; x64) AppleWebKit/537.36 (KHTML, like Gecko) Chrome/87.0.4280.88 Safari/537.36 Edg/87.0.664.66"
::ffff:127.0.0.1 - - [02/Jan/2021:07:15:28 +0000] "POST /api/v1/user/verifyUser HTTP/1.1" 200 91 "-" "axios/0.20.0"
::1 - - [02/Jan/2021:07:15:28 +0000] "POST /user/bot/webhook HTTP/1.1" 200 748 "http://localhost:8000/" "Mozilla/5.0 (Windows NT 10.0; Win64; x64) AppleWebKit/537.36 (KHTML, like Gecko) Chrome/87.0.4280.88 Safari/537.36 Edg/87.0.664.66"
::ffff:127.0.0.1 - - [02/Jan/2021:07:15:32 +0000] "POST /api/v1/user/verifyUser HTTP/1.1" 200 91 "-" "axios/0.20.0"
::1 - - [02/Jan/2021:07:15:32 +0000] "POST /user/bot/webhook HTTP/1.1" 200 432 "http://localhost:8000/" "Mozilla/5.0 (Windows NT 10.0; Win64; x64) AppleWebKit/537.36 (KHTML, like Gecko) Chrome/87.0.4280.88 Safari/537.36 Edg/87.0.664.66"
::ffff:127.0.0.1 - - [02/Jan/2021:07:15:34 +0000] "POST /api/v1/user/verifyUser HTTP/1.1" 200 91 "-" "axios/0.20.0"
::ffff:127.0.0.1 - - [02/Jan/2021:07:15:34 +0000] "POST /api/v1/reconciliation/pendingpayouts HTTP/1.1" 200 585 "-" "axios/0.20.0"
::1 - - [02/Jan/2021:07:15:34 +0000] "POST /user/bot/webhook HTTP/1.1" 200 776 "http://localhost:8000/" "Mozilla/5.0 (Windows NT 10.0; Win64; x64) AppleWebKit/537.36 (KHTML, like Gecko) Chrome/87.0.4280.88 Safari/537.36 Edg/87.0.664.66"
::ffff:127.0.0.1 - - [02/Jan/2021:07:15:44 +0000] "POST /api/v1/user/verifyUser HTTP/1.1" 200 91 "-" "axios/0.20.0"
::1 - - [02/Jan/2021:07:15:44 +0000] "POST /user/bot/webhook HTTP/1.1" 200 748 "http://localhost:8000/" "Mozilla/5.0 (Windows NT 10.0; Win64; x64) AppleWebKit/537.36 (KHTML, like Gecko) Chrome/87.0.4280.88 Safari/537.36 Edg/87.0.664.66"
::ffff:127.0.0.1 - - [02/Jan/2021:07:15:48 +0000] "POST /api/v1/user/verifyUser HTTP/1.1" 200 91 "-" "axios/0.20.0"
::1 - - [02/Jan/2021:07:15:48 +0000] "POST /user/bot/webhook HTTP/1.1" 200 416 "http://localhost:8000/" "Mozilla/5.0 (Windows NT 10.0; Win64; x64) AppleWebKit/537.36 (KHTML, like Gecko) Chrome/87.0.4280.88 Safari/537.36 Edg/87.0.664.66"
::ffff:127.0.0.1 - - [02/Jan/2021:07:15:50 +0000] "POST /api/v1/user/verifyUser HTTP/1.1" 200 91 "-" "axios/0.20.0"
::ffff:127.0.0.1 - - [02/Jan/2021:07:15:50 +0000] "POST /api/v1/reconciliation/expensetab HTTP/1.1" 200 593 "-" "axios/0.20.0"
::1 - - [02/Jan/2021:07:15:50 +0000] "POST /user/bot/webhook HTTP/1.1" 200 826 "http://localhost:8000/" "Mozilla/5.0 (Windows NT 10.0; Win64; x64) AppleWebKit/537.36 (KHTML, like Gecko) Chrome/87.0.4280.88 Safari/537.36 Edg/87.0.664.66"
::ffff:127.0.0.1 - - [02/Jan/2021:07:15:54 +0000] "POST /api/v1/user/verifyUser HTTP/1.1" 200 91 "-" "axios/0.20.0"
::1 - - [02/Jan/2021:07:15:54 +0000] "POST /user/bot/webhook HTTP/1.1" 200 748 "http://localhost:8000/" "Mozilla/5.0 (Windows NT 10.0; Win64; x64) AppleWebKit/537.36 (KHTML, like Gecko) Chrome/87.0.4280.88 Safari/537.36 Edg/87.0.664.66"
::ffff:127.0.0.1 - - [02/Jan/2021:07:15:58 +0000] "POST /api/v1/user/verifyUser HTTP/1.1" 200 91 "-" "axios/0.20.0"
::1 - - [02/Jan/2021:07:15:58 +0000] "POST /user/bot/webhook HTTP/1.1" 200 412 "http://localhost:8000/" "Mozilla/5.0 (Windows NT 10.0; Win64; x64) AppleWebKit/537.36 (KHTML, like Gecko) Chrome/87.0.4280.88 Safari/537.36 Edg/87.0.664.66"
::ffff:127.0.0.1 - - [02/Jan/2021:07:16:01 +0000] "POST /api/v1/user/verifyUser HTTP/1.1" 200 91 "-" "axios/0.20.0"
::ffff:127.0.0.1 - - [02/Jan/2021:07:16:01 +0000] "POST /api/v1/reconciliation/edcreport HTTP/1.1" 200 537 "-" "axios/0.20.0"
::1 - - [02/Jan/2021:07:16:01 +0000] "POST /user/bot/webhook HTTP/1.1" 200 797 "http://localhost:8000/" "Mozilla/5.0 (Windows NT 10.0; Win64; x64) AppleWebKit/537.36 (KHTML, like Gecko) Chrome/87.0.4280.88 Safari/537.36 Edg/87.0.664.66"
::ffff:127.0.0.1 - - [02/Jan/2021:07:16:04 +0000] "POST /api/v1/user/verifyUser HTTP/1.1" 200 91 "-" "axios/0.20.0"
::1 - - [02/Jan/2021:07:16:04 +0000] "POST /user/bot/webhook HTTP/1.1" 200 748 "http://localhost:8000/" "Mozilla/5.0 (Windows NT 10.0; Win64; x64) AppleWebKit/537.36 (KHTML, like Gecko) Chrome/87.0.4280.88 Safari/537.36 Edg/87.0.664.66"
::ffff:127.0.0.1 - - [02/Jan/2021:07:16:09 +0000] "POST /api/v1/user/verifyUser HTTP/1.1" 200 91 "-" "axios/0.20.0"
::1 - - [02/Jan/2021:07:16:09 +0000] "POST /user/bot/webhook HTTP/1.1" 200 408 "http://localhost:8000/" "Mozilla/5.0 (Windows NT 10.0; Win64; x64) AppleWebKit/537.36 (KHTML, like Gecko) Chrome/87.0.4280.88 Safari/537.36 Edg/87.0.664.66"
::ffff:127.0.0.1 - - [02/Jan/2021:07:16:11 +0000] "POST /api/v1/user/verifyUser HTTP/1.1" 200 91 "-" "axios/0.20.0"
::ffff:127.0.0.1 - - [02/Jan/2021:07:16:11 +0000] "POST /api/v1/reconciliation/bankdepositreport HTTP/1.1" 200 593 "-" "axios/0.20.0"
::1 - - [02/Jan/2021:07:16:11 +0000] "POST /user/bot/webhook HTTP/1.1" 200 780 "http://localhost:8000/" "Mozilla/5.0 (Windows NT 10.0; Win64; x64) AppleWebKit/537.36 (KHTML, like Gecko) Chrome/87.0.4280.88 Safari/537.36 Edg/87.0.664.66"
::ffff:127.0.0.1 - - [02/Jan/2021:07:16:14 +0000] "POST /api/v1/user/verifyUser HTTP/1.1" 200 91 "-" "axios/0.20.0"
::1 - - [02/Jan/2021:07:16:14 +0000] "POST /user/bot/webhook HTTP/1.1" 200 748 "http://localhost:8000/" "Mozilla/5.0 (Windows NT 10.0; Win64; x64) AppleWebKit/537.36 (KHTML, like Gecko) Chrome/87.0.4280.88 Safari/537.36 Edg/87.0.664.66"
::ffff:127.0.0.1 - - [02/Jan/2021:07:16:18 +0000] "POST /api/v1/user/verifyUser HTTP/1.1" 200 91 "-" "axios/0.20.0"
::1 - - [02/Jan/2021:07:16:18 +0000] "POST /user/bot/webhook HTTP/1.1" 200 428 "http://localhost:8000/" "Mozilla/5.0 (Windows NT 10.0; Win64; x64) AppleWebKit/537.36 (KHTML, like Gecko) Chrome/87.0.4280.88 Safari/537.36 Edg/87.0.664.66"
::ffff:127.0.0.1 - - [02/Jan/2021:07:16:21 +0000] "POST /api/v1/user/verifyUser HTTP/1.1" 200 91 "-" "axios/0.20.0"
::ffff:127.0.0.1 - - [02/Jan/2021:07:16:21 +0000] "POST /api/v1/reconciliation/cancellations HTTP/1.1" 200 553 "-" "axios/0.20.0"
::1 - - [02/Jan/2021:07:16:21 +0000] "POST /user/bot/webhook HTTP/1.1" 200 815 "http://localhost:8000/" "Mozilla/5.0 (Windows NT 10.0; Win64; x64) AppleWebKit/537.36 (KHTML, like Gecko) Chrome/87.0.4280.88 Safari/537.36 Edg/87.0.664.66"
::ffff:127.0.0.1 - - [02/Jan/2021:07:16:24 +0000] "POST /api/v1/user/verifyUser HTTP/1.1" 200 91 "-" "axios/0.20.0"
::1 - - [02/Jan/2021:07:16:24 +0000] "POST /user/bot/webhook HTTP/1.1" 200 748 "http://localhost:8000/" "Mozilla/5.0 (Windows NT 10.0; Win64; x64) AppleWebKit/537.36 (KHTML, like Gecko) Chrome/87.0.4280.88 Safari/537.36 Edg/87.0.664.66"
::ffff:127.0.0.1 - - [02/Jan/2021:07:16:29 +0000] "POST /api/v1/user/verifyUser HTTP/1.1" 200 91 "-" "axios/0.20.0"
::1 - - [02/Jan/2021:07:16:29 +0000] "POST /user/bot/webhook HTTP/1.1" 200 428 "http://localhost:8000/" "Mozilla/5.0 (Windows NT 10.0; Win64; x64) AppleWebKit/537.36 (KHTML, like Gecko) Chrome/87.0.4280.88 Safari/537.36 Edg/87.0.664.66"
::ffff:127.0.0.1 - - [02/Jan/2021:07:16:32 +0000] "POST /api/v1/user/verifyUser HTTP/1.1" 200 91 "-" "axios/0.20.0"
::ffff:127.0.0.1 - - [02/Jan/2021:07:16:32 +0000] "POST /api/v1/reconciliation/cancellations HTTP/1.1" 200 553 "-" "axios/0.20.0"
::1 - - [02/Jan/2021:07:16:32 +0000] "POST /user/bot/webhook HTTP/1.1" 200 815 "http://localhost:8000/" "Mozilla/5.0 (Windows NT 10.0; Win64; x64) AppleWebKit/537.36 (KHTML, like Gecko) Chrome/87.0.4280.88 Safari/537.36 Edg/87.0.664.66"
::ffff:127.0.0.1 - - [02/Jan/2021:07:16:35 +0000] "POST /api/v1/user/verifyUser HTTP/1.1" 200 91 "-" "axios/0.20.0"
::1 - - [02/Jan/2021:07:16:35 +0000] "POST /user/bot/webhook HTTP/1.1" 200 748 "http://localhost:8000/" "Mozilla/5.0 (Windows NT 10.0; Win64; x64) AppleWebKit/537.36 (KHTML, like Gecko) Chrome/87.0.4280.88 Safari/537.36 Edg/87.0.664.66"
::ffff:127.0.0.1 - - [02/Jan/2021:07:16:37 +0000] "POST /api/v1/user/verifyUser HTTP/1.1" 200 91 "-" "axios/0.20.0"
::1 - - [02/Jan/2021:07:16:37 +0000] "POST /user/bot/webhook HTTP/1.1" 200 351 "http://localhost:8000/" "Mozilla/5.0 (Windows NT 10.0; Win64; x64) AppleWebKit/537.36 (KHTML, like Gecko) Chrome/87.0.4280.88 Safari/537.36 Edg/87.0.664.66"
::ffff:127.0.0.1 - - [02/Jan/2021:07:16:40 +0000] "POST /api/v1/user/verifyUser HTTP/1.1" 200 91 "-" "axios/0.20.0"
::ffff:127.0.0.1 - - [02/Jan/2021:07:16:40 +0000] "POST /api/v1/reconciliation/variance HTTP/1.1" 200 129 "-" "axios/0.20.0"
::1 - - [02/Jan/2021:07:16:40 +0000] "POST /user/bot/webhook HTTP/1.1" 200 544 "http://localhost:8000/" "Mozilla/5.0 (Windows NT 10.0; Win64; x64) AppleWebKit/537.36 (KHTML, like Gecko) Chrome/87.0.4280.88 Safari/537.36 Edg/87.0.664.66"
::ffff:127.0.0.1 - - [02/Jan/2021:07:16:45 +0000] "POST /api/v1/user/verifyUser HTTP/1.1" 200 91 "-" "axios/0.20.0"
::1 - - [02/Jan/2021:07:16:45 +0000] "POST /user/bot/webhook HTTP/1.1" 200 748 "http://localhost:8000/" "Mozilla/5.0 (Windows NT 10.0; Win64; x64) AppleWebKit/537.36 (KHTML, like Gecko) Chrome/87.0.4280.88 Safari/537.36 Edg/87.0.664.66"
::ffff:127.0.0.1 - - [02/Jan/2021:07:16:50 +0000] "POST /api/v1/user/verifyUser HTTP/1.1" 200 91 "-" "axios/0.20.0"
::1 - - [02/Jan/2021:07:16:50 +0000] "POST /user/bot/webhook HTTP/1.1" 200 137 "http://localhost:8000/" "Mozilla/5.0 (Windows NT 10.0; Win64; x64) AppleWebKit/537.36 (KHTML, like Gecko) Chrome/87.0.4280.88 Safari/537.36 Edg/87.0.664.66"
::ffff:127.0.0.1 - - [02/Jan/2021:07:16:52 +0000] "POST /api/v1/user/verifyUser HTTP/1.1" 200 91 "-" "axios/0.20.0"
::1 - - [02/Jan/2021:07:16:52 +0000] "POST /user/bot/webhook HTTP/1.1" 200 419 "http://localhost:8000/" "Mozilla/5.0 (Windows NT 10.0; Win64; x64) AppleWebKit/537.36 (KHTML, like Gecko) Chrome/87.0.4280.88 Safari/537.36 Edg/87.0.664.66"
::ffff:127.0.0.1 - - [02/Jan/2021:07:16:55 +0000] "POST /api/v1/user/verifyUser HTTP/1.1" 200 91 "-" "axios/0.20.0"
::1 - - [02/Jan/2021:07:16:55 +0000] "POST /user/bot/webhook HTTP/1.1" 200 446 "http://localhost:8000/" "Mozilla/5.0 (Windows NT 10.0; Win64; x64) AppleWebKit/537.36 (KHTML, like Gecko) Chrome/87.0.4280.88 Safari/537.36 Edg/87.0.664.66"
::ffff:127.0.0.1 - - [02/Jan/2021:07:16:58 +0000] "POST /api/v1/user/verifyUser HTTP/1.1" 200 91 "-" "axios/0.20.0"
::ffff:127.0.0.1 - - [02/Jan/2021:07:16:58 +0000] "POST /api/v1/sales/aggregator_revenue HTTP/1.1" 200 163 "-" "axios/0.20.0"
::1 - - [02/Jan/2021:07:16:58 +0000] "POST /user/bot/webhook HTTP/1.1" 200 1263 "http://localhost:8000/" "Mozilla/5.0 (Windows NT 10.0; Win64; x64) AppleWebKit/537.36 (KHTML, like Gecko) Chrome/87.0.4280.88 Safari/537.36 Edg/87.0.664.66"
::ffff:127.0.0.1 - - [02/Jan/2021:07:17:02 +0000] "POST /api/v1/user/verifyUser HTTP/1.1" 200 91 "-" "axios/0.20.0"
::1 - - [02/Jan/2021:07:17:02 +0000] "POST /user/bot/webhook HTTP/1.1" 200 419 "http://localhost:8000/" "Mozilla/5.0 (Windows NT 10.0; Win64; x64) AppleWebKit/537.36 (KHTML, like Gecko) Chrome/87.0.4280.88 Safari/537.36 Edg/87.0.664.66"
::ffff:127.0.0.1 - - [02/Jan/2021:07:17:05 +0000] "POST /api/v1/user/verifyUser HTTP/1.1" 200 91 "-" "axios/0.20.0"
::1 - - [02/Jan/2021:07:17:05 +0000] "POST /user/bot/webhook HTTP/1.1" 200 442 "http://localhost:8000/" "Mozilla/5.0 (Windows NT 10.0; Win64; x64) AppleWebKit/537.36 (KHTML, like Gecko) Chrome/87.0.4280.88 Safari/537.36 Edg/87.0.664.66"
::ffff:127.0.0.1 - - [02/Jan/2021:07:17:07 +0000] "POST /api/v1/user/verifyUser HTTP/1.1" 200 91 "-" "axios/0.20.0"
::ffff:127.0.0.1 - - [02/Jan/2021:07:17:07 +0000] "POST /api/v1/sales/top_payment_types HTTP/1.1" 200 432 "-" "axios/0.20.0"
::1 - - [02/Jan/2021:07:17:07 +0000] "POST /user/bot/webhook HTTP/1.1" 200 977 "http://localhost:8000/" "Mozilla/5.0 (Windows NT 10.0; Win64; x64) AppleWebKit/537.36 (KHTML, like Gecko) Chrome/87.0.4280.88 Safari/537.36 Edg/87.0.664.66"
::ffff:127.0.0.1 - - [02/Jan/2021:07:17:11 +0000] "POST /api/v1/user/verifyUser HTTP/1.1" 200 91 "-" "axios/0.20.0"
::1 - - [02/Jan/2021:07:17:11 +0000] "POST /user/bot/webhook HTTP/1.1" 200 419 "http://localhost:8000/" "Mozilla/5.0 (Windows NT 10.0; Win64; x64) AppleWebKit/537.36 (KHTML, like Gecko) Chrome/87.0.4280.88 Safari/537.36 Edg/87.0.664.66"
::ffff:127.0.0.1 - - [02/Jan/2021:07:17:14 +0000] "POST /api/v1/user/verifyUser HTTP/1.1" 200 91 "-" "axios/0.20.0"
::1 - - [02/Jan/2021:07:17:14 +0000] "POST /user/bot/webhook HTTP/1.1" 200 426 "http://localhost:8000/" "Mozilla/5.0 (Windows NT 10.0; Win64; x64) AppleWebKit/537.36 (KHTML, like Gecko) Chrome/87.0.4280.88 Safari/537.36 Edg/87.0.664.66"
::ffff:127.0.0.1 - - [02/Jan/2021:07:17:17 +0000] "POST /api/v1/user/verifyUser HTTP/1.1" 200 91 "-" "axios/0.20.0"
::ffff:127.0.0.1 - - [02/Jan/2021:07:17:17 +0000] "POST /api/v1/sales/topordertypes HTTP/1.1" 200 733 "-" "axios/0.20.0"
::1 - - [02/Jan/2021:07:17:17 +0000] "POST /user/bot/webhook HTTP/1.1" 200 1524 "http://localhost:8000/" "Mozilla/5.0 (Windows NT 10.0; Win64; x64) AppleWebKit/537.36 (KHTML, like Gecko) Chrome/87.0.4280.88 Safari/537.36 Edg/87.0.664.66"
::ffff:127.0.0.1 - - [02/Jan/2021:07:17:22 +0000] "POST /api/v1/user/verifyUser HTTP/1.1" 200 91 "-" "axios/0.20.0"
