::1 - - [03/Mar/2021:12:50:29 +0000] "POST /user/bot/webhook HTTP/1.1" 200 284 "http://localhost:8000/" "Mozilla/5.0 (Linux; Android 6.0.1; Moto G (4)) AppleWebKit/537.36 (KHTML, like Gecko) Chrome/88.0.4324.150 Mobile Safari/537.36"
::ffff:127.0.0.1 - - [03/Mar/2021:12:50:32 +0000] "POST /api/v1/user/verifyUser HTTP/1.1" 200 1662 "-" "axios/0.21.1"
::ffff:127.0.0.1 - - [03/Mar/2021:12:50:32 +0000] "POST /api/v1/expense/create_expense_form HTTP/1.1" 200 307 "-" "axios/0.21.1"
::1 - - [03/Mar/2021:12:50:32 +0000] "POST /user/bot/webhook HTTP/1.1" 200 524 "http://localhost:8000/" "Mozilla/5.0 (Linux; Android 6.0.1; Moto G (4)) AppleWebKit/537.36 (KHTML, like Gecko) Chrome/88.0.4324.150 Mobile Safari/537.36"
::ffff:127.0.0.1 - - [03/Mar/2021:13:09:07 +0000] "POST /api/v1/user/verifyUser HTTP/1.1" 200 1662 "-" "axios/0.21.1"
::1 - - [03/Mar/2021:13:09:08 +0000] "POST /user/bot/webhook HTTP/1.1" 200 284 "http://localhost:8000/" "Mozilla/5.0 (Linux; Android 6.0.1; Moto G (4)) AppleWebKit/537.36 (KHTML, like Gecko) Chrome/88.0.4324.150 Mobile Safari/537.36"
::ffff:127.0.0.1 - - [03/Mar/2021:13:09:11 +0000] "POST /api/v1/user/verifyUser HTTP/1.1" 200 1662 "-" "axios/0.21.1"
::ffff:127.0.0.1 - - [03/Mar/2021:13:09:11 +0000] "POST /api/v1/expense/get_approval_expense HTTP/1.1" 200 851 "-" "axios/0.21.1"
::1 - - [03/Mar/2021:13:09:11 +0000] "POST /user/bot/webhook HTTP/1.1" 200 1045 "http://localhost:8000/" "Mozilla/5.0 (Linux; Android 6.0.1; Moto G (4)) AppleWebKit/537.36 (KHTML, like Gecko) Chrome/88.0.4324.150 Mobile Safari/537.36"
::ffff:127.0.0.1 - - [03/Mar/2021:13:09:16 +0000] "POST /api/v1/user/verifyUser HTTP/1.1" 200 1662 "-" "axios/0.21.1"
::ffff:127.0.0.1 - - [03/Mar/2021:13:09:16 +0000] "POST /api/v1/expense/save_approve_expense HTTP/1.1" 200 20 "-" "axios/0.21.1"
::1 - - [03/Mar/2021:13:09:16 +0000] "POST /user/bot/webhook HTTP/1.1" 200 174 "http://localhost:8000/" "Mozilla/5.0 (Linux; Android 6.0.1; Moto G (4)) AppleWebKit/537.36 (KHTML, like Gecko) Chrome/88.0.4324.150 Mobile Safari/537.36"
::ffff:127.0.0.1 - - [03/Mar/2021:13:09:26 +0000] "POST /api/v1/user/verifyUser HTTP/1.1" 200 1662 "-" "axios/0.21.1"
::ffff:127.0.0.1 - - [03/Mar/2021:13:09:26 +0000] "POST /api/v1/expense/save_approve_expense HTTP/1.1" 200 20 "-" "axios/0.21.1"
::1 - - [03/Mar/2021:13:09:26 +0000] "POST /user/bot/webhook HTTP/1.1" 200 174 "http://localhost:8000/" "Mozilla/5.0 (Linux; Android 6.0.1; Moto G (4)) AppleWebKit/537.36 (KHTML, like Gecko) Chrome/88.0.4324.150 Mobile Safari/537.36"
::1 - - [03/Mar/2021:13:09:31 +0000] "GET / HTTP/1.1" 304 - "-" "Mozilla/5.0 (Linux; Android 6.0.1; Moto G (4)) AppleWebKit/537.36 (KHTML, like Gecko) Chrome/88.0.4324.150 Mobile Safari/537.36"
::1 - - [03/Mar/2021:13:09:31 +0000] "GET /static/css/materialize.min.css HTTP/1.1" 304 - "http://localhost:8000/" "Mozilla/5.0 (Linux; Android 6.0.1; Moto G (4)) AppleWebKit/537.36 (KHTML, like Gecko) Chrome/88.0.4324.150 Mobile Safari/537.36"
::1 - - [03/Mar/2021:13:09:31 +0000] "GET /static/css/tabulator_materialize.min.css HTTP/1.1" 304 - "http://localhost:8000/" "Mozilla/5.0 (Linux; Android 6.0.1; Moto G (4)) AppleWebKit/537.36 (KHTML, like Gecko) Chrome/88.0.4324.150 Mobile Safari/537.36"
::1 - - [03/Mar/2021:13:09:31 +0000] "GET /static/css/style.css HTTP/1.1" 304 - "http://localhost:8000/" "Mozilla/5.0 (Linux; Android 6.0.1; Moto G (4)) AppleWebKit/537.36 (KHTML, like Gecko) Chrome/88.0.4324.150 Mobile Safari/537.36"
::1 - - [03/Mar/2021:13:09:32 +0000] "GET /static/js/materialize.min.js HTTP/1.1" 304 - "http://localhost:8000/" "Mozilla/5.0 (Linux; Android 6.0.1; Moto G (4)) AppleWebKit/537.36 (KHTML, like Gecko) Chrome/88.0.4324.150 Mobile Safari/537.36"
::1 - - [03/Mar/2021:13:09:32 +0000] "GET /static/js/script.js HTTP/1.1" 200 113550 "http://localhost:8000/" "Mozilla/5.0 (Linux; Android 6.0.1; Moto G (4)) AppleWebKit/537.36 (KHTML, like Gecko) Chrome/88.0.4324.150 Mobile Safari/537.36"
::1 - - [03/Mar/2021:13:09:32 +0000] "GET /static/js/moment.min.js HTTP/1.1" 304 - "http://localhost:8000/" "Mozilla/5.0 (Linux; Android 6.0.1; Moto G (4)) AppleWebKit/537.36 (KHTML, like Gecko) Chrome/88.0.4324.150 Mobile Safari/537.36"
::1 - - [03/Mar/2021:13:09:32 +0000] "GET /static/js/chart.min.js HTTP/1.1" 304 - "http://localhost:8000/" "Mozilla/5.0 (Linux; Android 6.0.1; Moto G (4)) AppleWebKit/537.36 (KHTML, like Gecko) Chrome/88.0.4324.150 Mobile Safari/537.36"
::1 - - [03/Mar/2021:13:09:32 +0000] "GET /static/js/hammer.min.js HTTP/1.1" 304 - "http://localhost:8000/" "Mozilla/5.0 (Linux; Android 6.0.1; Moto G (4)) AppleWebKit/537.36 (KHTML, like Gecko) Chrome/88.0.4324.150 Mobile Safari/537.36"
::1 - - [03/Mar/2021:13:09:32 +0000] "GET /static/js/chartjs-plugin-zoom.min.js HTTP/1.1" 304 - "http://localhost:8000/" "Mozilla/5.0 (Linux; Android 6.0.1; Moto G (4)) AppleWebKit/537.36 (KHTML, like Gecko) Chrome/88.0.4324.150 Mobile Safari/537.36"
::1 - - [03/Mar/2021:13:09:32 +0000] "GET /static/js/tabulator.min.js HTTP/1.1" 304 - "http://localhost:8000/" "Mozilla/5.0 (Linux; Android 6.0.1; Moto G (4)) AppleWebKit/537.36 (KHTML, like Gecko) Chrome/88.0.4324.150 Mobile Safari/537.36"
::1 - - [03/Mar/2021:13:09:32 +0000] "GET /static/js/md5.min.js HTTP/1.1" 304 - "http://localhost:8000/" "Mozilla/5.0 (Linux; Android 6.0.1; Moto G (4)) AppleWebKit/537.36 (KHTML, like Gecko) Chrome/88.0.4324.150 Mobile Safari/537.36"
::1 - - [03/Mar/2021:13:09:32 +0000] "GET /static/img/logo.png HTTP/1.1" 304 - "http://localhost:8000/" "Mozilla/5.0 (Linux; Android 6.0.1; Moto G (4)) AppleWebKit/537.36 (KHTML, like Gecko) Chrome/88.0.4324.150 Mobile Safari/537.36"
::1 - - [03/Mar/2021:13:09:32 +0000] "GET /static/img/botAvatar.png HTTP/1.1" 304 - "http://localhost:8000/" "Mozilla/5.0 (Linux; Android 6.0.1; Moto G (4)) AppleWebKit/537.36 (KHTML, like Gecko) Chrome/88.0.4324.150 Mobile Safari/537.36"
::1 - - [03/Mar/2021:13:09:32 +0000] "GET /static/css/style.css HTTP/1.1" 304 - "http://localhost:8000/static/css/style.css" "Mozilla/5.0 (Linux; Android 6.0.1; Moto G (4)) AppleWebKit/537.36 (KHTML, like Gecko) Chrome/88.0.4324.150 Mobile Safari/537.36"
::1 - - [03/Mar/2021:13:09:32 +0000] "GET /static/css/tabulator_materialize.min.css.map HTTP/1.1" 404 101 "-" "Mozilla/5.0 (Windows NT 10.0; Win64; x64) AppleWebKit/537.36 (KHTML, like Gecko) Chrome/88.0.4324.150 Safari/537.36 OPR/74.0.3911.160"
::1 - - [03/Mar/2021:13:09:33 +0000] "GET /static/js/hammer.min.js.map HTTP/1.1" 404 84 "-" "Mozilla/5.0 (Windows NT 10.0; Win64; x64) AppleWebKit/537.36 (KHTML, like Gecko) Chrome/88.0.4324.150 Safari/537.36 OPR/74.0.3911.160"
::1 - - [03/Mar/2021:13:09:33 +0000] "GET /static/js/md5.min.js.map HTTP/1.1" 404 81 "-" "Mozilla/5.0 (Windows NT 10.0; Win64; x64) AppleWebKit/537.36 (KHTML, like Gecko) Chrome/88.0.4324.150 Safari/537.36 OPR/74.0.3911.160"
::ffff:127.0.0.1 - - [03/Mar/2021:13:09:34 +0000] "POST /api/v1/user/verifyUser HTTP/1.1" 200 1662 "-" "axios/0.21.1"
::1 - - [03/Mar/2021:13:09:34 +0000] "POST /user/bot/webhook HTTP/1.1" 200 184 "http://localhost:8000/" "Mozilla/5.0 (Linux; Android 6.0.1; Moto G (4)) AppleWebKit/537.36 (KHTML, like Gecko) Chrome/88.0.4324.150 Mobile Safari/537.36"
::1 - - [03/Mar/2021:13:09:34 +0000] "GET /static/img/sara_avatar.png HTTP/1.1" 304 - "http://localhost:8000/" "Mozilla/5.0 (Linux; Android 6.0.1; Moto G (4)) AppleWebKit/537.36 (KHTML, like Gecko) Chrome/88.0.4324.150 Mobile Safari/537.36"
::1 - - [04/Mar/2021:10:43:24 +0000] "GET / HTTP/1.1" 200 7361 "-" "Mozilla/5.0 (Windows NT 10.0; Win64; x64) AppleWebKit/537.36 (KHTML, like Gecko) Chrome/88.0.4324.150 Safari/537.36 OPR/74.0.3911.160"
::1 - - [04/Mar/2021:10:43:27 +0000] "GET /static/css/tabulator_materialize.min.css HTTP/1.1" 200 23058 "http://localhost:8000/" "Mozilla/5.0 (Windows NT 10.0; Win64; x64) AppleWebKit/537.36 (KHTML, like Gecko) Chrome/88.0.4324.150 Safari/537.36 OPR/74.0.3911.160"
::1 - - [04/Mar/2021:10:43:27 +0000] "GET /static/css/materialize.min.css HTTP/1.1" 200 141841 "http://localhost:8000/" "Mozilla/5.0 (Windows NT 10.0; Win64; x64) AppleWebKit/537.36 (KHTML, like Gecko) Chrome/88.0.4324.150 Safari/537.36 OPR/74.0.3911.160"
::1 - - [04/Mar/2021:10:43:27 +0000] "GET /static/css/style.css HTTP/1.1" 200 44213 "http://localhost:8000/" "Mozilla/5.0 (Windows NT 10.0; Win64; x64) AppleWebKit/537.36 (KHTML, like Gecko) Chrome/88.0.4324.150 Safari/537.36 OPR/74.0.3911.160"
::1 - - [04/Mar/2021:10:43:42 +0000] "GET /static/js/script.js HTTP/1.1" 200 113550 "http://localhost:8000/" "Mozilla/5.0 (Windows NT 10.0; Win64; x64) AppleWebKit/537.36 (KHTML, like Gecko) Chrome/88.0.4324.150 Safari/537.36 OPR/74.0.3911.160"
::1 - - [04/Mar/2021:10:43:42 +0000] "GET /static/js/materialize.min.js HTTP/1.1" 200 181114 "http://localhost:8000/" "Mozilla/5.0 (Windows NT 10.0; Win64; x64) AppleWebKit/537.36 (KHTML, like Gecko) Chrome/88.0.4324.150 Safari/537.36 OPR/74.0.3911.160"
::1 - - [04/Mar/2021:10:43:42 +0000] "GET /static/js/hammer.min.js HTTP/1.1" 200 20765 "http://localhost:8000/" "Mozilla/5.0 (Windows NT 10.0; Win64; x64) AppleWebKit/537.36 (KHTML, like Gecko) Chrome/88.0.4324.150 Safari/537.36 OPR/74.0.3911.160"
::1 - - [04/Mar/2021:10:43:42 +0000] "GET /static/js/moment.min.js HTTP/1.1" 200 53324 "http://localhost:8000/" "Mozilla/5.0 (Windows NT 10.0; Win64; x64) AppleWebKit/537.36 (KHTML, like Gecko) Chrome/88.0.4324.150 Safari/537.36 OPR/74.0.3911.160"
::1 - - [04/Mar/2021:10:43:42 +0000] "GET /static/js/chart.min.js HTTP/1.1" 200 210029 "http://localhost:8000/" "Mozilla/5.0 (Windows NT 10.0; Win64; x64) AppleWebKit/537.36 (KHTML, like Gecko) Chrome/88.0.4324.150 Safari/537.36 OPR/74.0.3911.160"
::1 - - [04/Mar/2021:10:43:42 +0000] "GET /static/js/chartjs-plugin-zoom.min.js HTTP/1.1" 200 9552 "http://localhost:8000/" "Mozilla/5.0 (Windows NT 10.0; Win64; x64) AppleWebKit/537.36 (KHTML, like Gecko) Chrome/88.0.4324.150 Safari/537.36 OPR/74.0.3911.160"
::1 - - [04/Mar/2021:10:43:42 +0000] "GET /static/js/tabulator.min.js HTTP/1.1" 200 228105 "http://localhost:8000/" "Mozilla/5.0 (Windows NT 10.0; Win64; x64) AppleWebKit/537.36 (KHTML, like Gecko) Chrome/88.0.4324.150 Safari/537.36 OPR/74.0.3911.160"
::1 - - [04/Mar/2021:10:43:42 +0000] "GET /static/js/md5.min.js HTTP/1.1" 200 3771 "http://localhost:8000/" "Mozilla/5.0 (Windows NT 10.0; Win64; x64) AppleWebKit/537.36 (KHTML, like Gecko) Chrome/88.0.4324.150 Safari/537.36 OPR/74.0.3911.160"
::1 - - [04/Mar/2021:10:43:42 +0000] "GET /static/img/logo.png HTTP/1.1" 200 49464 "http://localhost:8000/" "Mozilla/5.0 (Windows NT 10.0; Win64; x64) AppleWebKit/537.36 (KHTML, like Gecko) Chrome/88.0.4324.150 Safari/537.36 OPR/74.0.3911.160"
::1 - - [04/Mar/2021:10:43:49 +0000] "GET /static/img/botAvatar.png HTTP/1.1" 200 20378 "http://localhost:8000/" "Mozilla/5.0 (Windows NT 10.0; Win64; x64) AppleWebKit/537.36 (KHTML, like Gecko) Chrome/88.0.4324.150 Safari/537.36 OPR/74.0.3911.160"
::1 - - [04/Mar/2021:10:45:15 +0000] "GET /favicon.ico HTTP/1.1" 404 68 "http://localhost:8000/" "Mozilla/5.0 (Windows NT 10.0; Win64; x64) AppleWebKit/537.36 (KHTML, like Gecko) Chrome/88.0.4324.150 Safari/537.36 OPR/74.0.3911.160"
::1 - - [04/Mar/2021:10:45:45 +0000] "GET / HTTP/1.1" 304 - "-" "Mozilla/5.0 (Windows NT 10.0; Win64; x64) AppleWebKit/537.36 (KHTML, like Gecko) Chrome/88.0.4324.150 Safari/537.36 OPR/74.0.3911.160"
::1 - - [04/Mar/2021:10:45:46 +0000] "GET /static/css/materialize.min.css HTTP/1.1" 304 - "http://localhost:8000/" "Mozilla/5.0 (Windows NT 10.0; Win64; x64) AppleWebKit/537.36 (KHTML, like Gecko) Chrome/88.0.4324.150 Safari/537.36 OPR/74.0.3911.160"
::1 - - [04/Mar/2021:10:45:46 +0000] "GET /static/css/tabulator_materialize.min.css HTTP/1.1" 304 - "http://localhost:8000/" "Mozilla/5.0 (Windows NT 10.0; Win64; x64) AppleWebKit/537.36 (KHTML, like Gecko) Chrome/88.0.4324.150 Safari/537.36 OPR/74.0.3911.160"
::1 - - [04/Mar/2021:10:45:46 +0000] "GET /static/css/style.css HTTP/1.1" 200 44201 "http://localhost:8000/" "Mozilla/5.0 (Windows NT 10.0; Win64; x64) AppleWebKit/537.36 (KHTML, like Gecko) Chrome/88.0.4324.150 Safari/537.36 OPR/74.0.3911.160"
::1 - - [04/Mar/2021:10:45:51 +0000] "GET /static/js/materialize.min.js HTTP/1.1" 304 - "http://localhost:8000/" "Mozilla/5.0 (Windows NT 10.0; Win64; x64) AppleWebKit/537.36 (KHTML, like Gecko) Chrome/88.0.4324.150 Safari/537.36 OPR/74.0.3911.160"
::1 - - [04/Mar/2021:10:45:51 +0000] "GET /static/js/script.js HTTP/1.1" 304 - "http://localhost:8000/" "Mozilla/5.0 (Windows NT 10.0; Win64; x64) AppleWebKit/537.36 (KHTML, like Gecko) Chrome/88.0.4324.150 Safari/537.36 OPR/74.0.3911.160"
::1 - - [04/Mar/2021:10:45:51 +0000] "GET /static/js/moment.min.js HTTP/1.1" 304 - "http://localhost:8000/" "Mozilla/5.0 (Windows NT 10.0; Win64; x64) AppleWebKit/537.36 (KHTML, like Gecko) Chrome/88.0.4324.150 Safari/537.36 OPR/74.0.3911.160"
::1 - - [04/Mar/2021:10:45:51 +0000] "GET /static/js/chart.min.js HTTP/1.1" 304 - "http://localhost:8000/" "Mozilla/5.0 (Windows NT 10.0; Win64; x64) AppleWebKit/537.36 (KHTML, like Gecko) Chrome/88.0.4324.150 Safari/537.36 OPR/74.0.3911.160"
::1 - - [04/Mar/2021:10:45:51 +0000] "GET /static/js/hammer.min.js HTTP/1.1" 304 - "http://localhost:8000/" "Mozilla/5.0 (Windows NT 10.0; Win64; x64) AppleWebKit/537.36 (KHTML, like Gecko) Chrome/88.0.4324.150 Safari/537.36 OPR/74.0.3911.160"
::1 - - [04/Mar/2021:10:45:51 +0000] "GET /static/js/chartjs-plugin-zoom.min.js HTTP/1.1" 304 - "http://localhost:8000/" "Mozilla/5.0 (Windows NT 10.0; Win64; x64) AppleWebKit/537.36 (KHTML, like Gecko) Chrome/88.0.4324.150 Safari/537.36 OPR/74.0.3911.160"
::1 - - [04/Mar/2021:10:45:51 +0000] "GET /static/img/botAvatar.png HTTP/1.1" 304 - "http://localhost:8000/" "Mozilla/5.0 (Windows NT 10.0; Win64; x64) AppleWebKit/537.36 (KHTML, like Gecko) Chrome/88.0.4324.150 Safari/537.36 OPR/74.0.3911.160"
::1 - - [04/Mar/2021:10:45:51 +0000] "GET /static/css/style.css HTTP/1.1" 304 - "http://localhost:8000/static/css/style.css" "Mozilla/5.0 (Windows NT 10.0; Win64; x64) AppleWebKit/537.36 (KHTML, like Gecko) Chrome/88.0.4324.150 Safari/537.36 OPR/74.0.3911.160"
::1 - - [04/Mar/2021:10:45:51 +0000] "GET /static/js/tabulator.min.js HTTP/1.1" 304 - "http://localhost:8000/" "Mozilla/5.0 (Windows NT 10.0; Win64; x64) AppleWebKit/537.36 (KHTML, like Gecko) Chrome/88.0.4324.150 Safari/537.36 OPR/74.0.3911.160"
::1 - - [04/Mar/2021:10:45:51 +0000] "GET /static/js/md5.min.js HTTP/1.1" 304 - "http://localhost:8000/" "Mozilla/5.0 (Windows NT 10.0; Win64; x64) AppleWebKit/537.36 (KHTML, like Gecko) Chrome/88.0.4324.150 Safari/537.36 OPR/74.0.3911.160"
::1 - - [04/Mar/2021:10:45:51 +0000] "GET /static/img/logo.png HTTP/1.1" 304 - "http://localhost:8000/" "Mozilla/5.0 (Windows NT 10.0; Win64; x64) AppleWebKit/537.36 (KHTML, like Gecko) Chrome/88.0.4324.150 Safari/537.36 OPR/74.0.3911.160"
::ffff:127.0.0.1 - - [04/Mar/2021:10:45:55 +0000] "POST /api/v1/user/verifyUser HTTP/1.1" 200 1662 "-" "axios/0.21.1"
::1 - - [04/Mar/2021:10:45:58 +0000] "POST /user/bot/webhook HTTP/1.1" 200 184 "http://localhost:8000/" "Mozilla/5.0 (Windows NT 10.0; Win64; x64) AppleWebKit/537.36 (KHTML, like Gecko) Chrome/88.0.4324.150 Safari/537.36 OPR/74.0.3911.160"
::1 - - [04/Mar/2021:10:45:58 +0000] "GET /static/img/sara_avatar.png HTTP/1.1" 200 213283 "http://localhost:8000/" "Mozilla/5.0 (Windows NT 10.0; Win64; x64) AppleWebKit/537.36 (KHTML, like Gecko) Chrome/88.0.4324.150 Safari/537.36 OPR/74.0.3911.160"
::ffff:127.0.0.1 - - [04/Mar/2021:10:47:16 +0000] "POST /api/v1/user/verifyUser HTTP/1.1" 200 1662 "-" "axios/0.21.1"
::1 - - [04/Mar/2021:10:47:16 +0000] "POST /user/bot/webhook HTTP/1.1" 200 284 "http://localhost:8000/" "Mozilla/5.0 (Windows NT 10.0; Win64; x64) AppleWebKit/537.36 (KHTML, like Gecko) Chrome/88.0.4324.150 Safari/537.36 OPR/74.0.3911.160"
::1 - - [04/Mar/2021:10:47:16 +0000] "GET /static/img/userAvatar.jpg HTTP/1.1" 200 24293 "http://localhost:8000/" "Mozilla/5.0 (Windows NT 10.0; Win64; x64) AppleWebKit/537.36 (KHTML, like Gecko) Chrome/88.0.4324.150 Safari/537.36 OPR/74.0.3911.160"
::ffff:127.0.0.1 - - [04/Mar/2021:10:47:36 +0000] "POST /api/v1/user/verifyUser HTTP/1.1" 200 1662 "-" "axios/0.21.1"
::ffff:127.0.0.1 - - [04/Mar/2021:10:47:36 +0000] "POST /api/v1/expense/get_approval_expense HTTP/1.1" 200 851 "-" "axios/0.21.1"
::1 - - [04/Mar/2021:10:47:36 +0000] "POST /user/bot/webhook HTTP/1.1" 200 1045 "http://localhost:8000/" "Mozilla/5.0 (Windows NT 10.0; Win64; x64) AppleWebKit/537.36 (KHTML, like Gecko) Chrome/88.0.4324.150 Safari/537.36 OPR/74.0.3911.160"
::ffff:127.0.0.1 - - [04/Mar/2021:10:52:22 +0000] "POST /api/v1/user/verifyUser HTTP/1.1" 200 1662 "-" "axios/0.21.1"
::1 - - [04/Mar/2021:10:52:22 +0000] "POST /user/bot/webhook HTTP/1.1" 200 284 "http://localhost:8000/" "Mozilla/5.0 (Windows NT 10.0; Win64; x64) AppleWebKit/537.36 (KHTML, like Gecko) Chrome/88.0.4324.150 Safari/537.36 OPR/74.0.3911.160"
::ffff:127.0.0.1 - - [04/Mar/2021:10:52:25 +0000] "POST /api/v1/user/verifyUser HTTP/1.1" 200 1662 "-" "axios/0.21.1"
::ffff:127.0.0.1 - - [04/Mar/2021:10:52:25 +0000] "POST /api/v1/expense/create_expense_form HTTP/1.1" 200 307 "-" "axios/0.21.1"
::1 - - [04/Mar/2021:10:52:25 +0000] "POST /user/bot/webhook HTTP/1.1" 200 524 "http://localhost:8000/" "Mozilla/5.0 (Windows NT 10.0; Win64; x64) AppleWebKit/537.36 (KHTML, like Gecko) Chrome/88.0.4324.150 Safari/537.36 OPR/74.0.3911.160"
::1 - - [04/Mar/2021:10:52:39 +0000] "GET /static/css/materialize.min.css HTTP/1.1" 304 - "http://localhost:8000/" "Mozilla/5.0 (Windows NT 10.0; Win64; x64) AppleWebKit/537.36 (KHTML, like Gecko) Chrome/88.0.4324.150 Safari/537.36 OPR/74.0.3911.160"
::1 - - [04/Mar/2021:10:52:39 +0000] "GET /static/css/tabulator_materialize.min.css HTTP/1.1" 304 - "http://localhost:8000/" "Mozilla/5.0 (Windows NT 10.0; Win64; x64) AppleWebKit/537.36 (KHTML, like Gecko) Chrome/88.0.4324.150 Safari/537.36 OPR/74.0.3911.160"
::1 - - [04/Mar/2021:10:52:39 +0000] "GET /static/css/style.css HTTP/1.1" 304 - "http://localhost:8000/" "Mozilla/5.0 (Windows NT 10.0; Win64; x64) AppleWebKit/537.36 (KHTML, like Gecko) Chrome/88.0.4324.150 Safari/537.36 OPR/74.0.3911.160"
::1 - - [04/Mar/2021:10:52:39 +0000] "GET /static/js/hammer.min.js.map HTTP/1.1" 404 84 "-" "Mozilla/5.0 (Windows NT 10.0; Win64; x64) AppleWebKit/537.36 (KHTML, like Gecko) Chrome/88.0.4324.150 Safari/537.36 OPR/74.0.3911.160"
::1 - - [04/Mar/2021:10:52:39 +0000] "GET /static/js/md5.min.js.map HTTP/1.1" 404 81 "-" "Mozilla/5.0 (Windows NT 10.0; Win64; x64) AppleWebKit/537.36 (KHTML, like Gecko) Chrome/88.0.4324.150 Safari/537.36 OPR/74.0.3911.160"
::1 - - [04/Mar/2021:10:52:39 +0000] "GET /static/css/tabulator_materialize.min.css.map HTTP/1.1" 404 101 "-" "Mozilla/5.0 (Windows NT 10.0; Win64; x64) AppleWebKit/537.36 (KHTML, like Gecko) Chrome/88.0.4324.150 Safari/537.36 OPR/74.0.3911.160"
::1 - - [04/Mar/2021:10:54:28 +0000] "GET / HTTP/1.1" 304 - "-" "Mozilla/5.0 (Linux; Android 6.0.1; Moto G (4)) AppleWebKit/537.36 (KHTML, like Gecko) Chrome/88.0.4324.150 Mobile Safari/537.36"
::1 - - [04/Mar/2021:10:54:28 +0000] "GET /static/css/materialize.min.css HTTP/1.1" 304 - "http://localhost:8000/" "Mozilla/5.0 (Linux; Android 6.0.1; Moto G (4)) AppleWebKit/537.36 (KHTML, like Gecko) Chrome/88.0.4324.150 Mobile Safari/537.36"
::1 - - [04/Mar/2021:10:54:28 +0000] "GET /static/css/tabulator_materialize.min.css HTTP/1.1" 304 - "http://localhost:8000/" "Mozilla/5.0 (Linux; Android 6.0.1; Moto G (4)) AppleWebKit/537.36 (KHTML, like Gecko) Chrome/88.0.4324.150 Mobile Safari/537.36"
::1 - - [04/Mar/2021:10:54:28 +0000] "GET /static/css/style.css HTTP/1.1" 304 - "http://localhost:8000/" "Mozilla/5.0 (Linux; Android 6.0.1; Moto G (4)) AppleWebKit/537.36 (KHTML, like Gecko) Chrome/88.0.4324.150 Mobile Safari/537.36"
::1 - - [04/Mar/2021:10:54:28 +0000] "GET /static/js/materialize.min.js HTTP/1.1" 304 - "http://localhost:8000/" "Mozilla/5.0 (Linux; Android 6.0.1; Moto G (4)) AppleWebKit/537.36 (KHTML, like Gecko) Chrome/88.0.4324.150 Mobile Safari/537.36"
::1 - - [04/Mar/2021:10:54:28 +0000] "GET /static/js/script.js HTTP/1.1" 304 - "http://localhost:8000/" "Mozilla/5.0 (Linux; Android 6.0.1; Moto G (4)) AppleWebKit/537.36 (KHTML, like Gecko) Chrome/88.0.4324.150 Mobile Safari/537.36"
::1 - - [04/Mar/2021:10:54:28 +0000] "GET /static/js/moment.min.js HTTP/1.1" 304 - "http://localhost:8000/" "Mozilla/5.0 (Linux; Android 6.0.1; Moto G (4)) AppleWebKit/537.36 (KHTML, like Gecko) Chrome/88.0.4324.150 Mobile Safari/537.36"
::1 - - [04/Mar/2021:10:54:28 +0000] "GET /static/js/chart.min.js HTTP/1.1" 304 - "http://localhost:8000/" "Mozilla/5.0 (Linux; Android 6.0.1; Moto G (4)) AppleWebKit/537.36 (KHTML, like Gecko) Chrome/88.0.4324.150 Mobile Safari/537.36"
::1 - - [04/Mar/2021:10:54:28 +0000] "GET /static/js/hammer.min.js HTTP/1.1" 304 - "http://localhost:8000/" "Mozilla/5.0 (Linux; Android 6.0.1; Moto G (4)) AppleWebKit/537.36 (KHTML, like Gecko) Chrome/88.0.4324.150 Mobile Safari/537.36"
::1 - - [04/Mar/2021:10:54:28 +0000] "GET /static/js/chartjs-plugin-zoom.min.js HTTP/1.1" 304 - "http://localhost:8000/" "Mozilla/5.0 (Linux; Android 6.0.1; Moto G (4)) AppleWebKit/537.36 (KHTML, like Gecko) Chrome/88.0.4324.150 Mobile Safari/537.36"
::1 - - [04/Mar/2021:10:54:28 +0000] "GET /static/js/tabulator.min.js HTTP/1.1" 304 - "http://localhost:8000/" "Mozilla/5.0 (Linux; Android 6.0.1; Moto G (4)) AppleWebKit/537.36 (KHTML, like Gecko) Chrome/88.0.4324.150 Mobile Safari/537.36"
::1 - - [04/Mar/2021:10:54:28 +0000] "GET /static/js/md5.min.js HTTP/1.1" 304 - "http://localhost:8000/" "Mozilla/5.0 (Linux; Android 6.0.1; Moto G (4)) AppleWebKit/537.36 (KHTML, like Gecko) Chrome/88.0.4324.150 Mobile Safari/537.36"
::1 - - [04/Mar/2021:10:54:29 +0000] "GET /static/img/logo.png HTTP/1.1" 304 - "http://localhost:8000/" "Mozilla/5.0 (Linux; Android 6.0.1; Moto G (4)) AppleWebKit/537.36 (KHTML, like Gecko) Chrome/88.0.4324.150 Mobile Safari/537.36"
::1 - - [04/Mar/2021:10:54:29 +0000] "GET /static/img/botAvatar.png HTTP/1.1" 304 - "http://localhost:8000/" "Mozilla/5.0 (Linux; Android 6.0.1; Moto G (4)) AppleWebKit/537.36 (KHTML, like Gecko) Chrome/88.0.4324.150 Mobile Safari/537.36"
::1 - - [04/Mar/2021:10:54:29 +0000] "GET /static/css/style.css HTTP/1.1" 304 - "http://localhost:8000/static/css/style.css" "Mozilla/5.0 (Linux; Android 6.0.1; Moto G (4)) AppleWebKit/537.36 (KHTML, like Gecko) Chrome/88.0.4324.150 Mobile Safari/537.36"
::1 - - [04/Mar/2021:10:54:29 +0000] "GET /static/css/tabulator_materialize.min.css.map HTTP/1.1" 404 101 "-" "Mozilla/5.0 (Windows NT 10.0; Win64; x64) AppleWebKit/537.36 (KHTML, like Gecko) Chrome/88.0.4324.150 Safari/537.36 OPR/74.0.3911.160"
::ffff:127.0.0.1 - - [04/Mar/2021:10:54:31 +0000] "POST /api/v1/user/verifyUser HTTP/1.1" 200 1662 "-" "axios/0.21.1"
::1 - - [04/Mar/2021:10:54:31 +0000] "POST /user/bot/webhook HTTP/1.1" 200 184 "http://localhost:8000/" "Mozilla/5.0 (Windows NT 10.0; Win64; x64) AppleWebKit/537.36 (KHTML, like Gecko) Chrome/88.0.4324.150 Safari/537.36 OPR/74.0.3911.160"
::1 - - [04/Mar/2021:10:54:31 +0000] "GET /static/img/sara_avatar.png HTTP/1.1" 304 - "http://localhost:8000/" "Mozilla/5.0 (Windows NT 10.0; Win64; x64) AppleWebKit/537.36 (KHTML, like Gecko) Chrome/88.0.4324.150 Safari/537.36 OPR/74.0.3911.160"
::1 - - [04/Mar/2021:11:18:41 +0000] "GET /fine-uploader HTTP/1.1" 404 70 "-" "Mozilla/5.0 (Windows NT 10.0; Win64; x64) AppleWebKit/537.36 (KHTML, like Gecko) Chrome/88.0.4324.150 Safari/537.36 OPR/74.0.3911.160"
::1 - - [04/Mar/2021:11:18:49 +0000] "GET /fine-uploader.html HTTP/1.1" 200 5309 "-" "Mozilla/5.0 (Windows NT 10.0; Win64; x64) AppleWebKit/537.36 (KHTML, like Gecko) Chrome/88.0.4324.150 Safari/537.36 OPR/74.0.3911.160"
::1 - - [04/Mar/2021:11:18:49 +0000] "GET /fine-uploader/fine-uploader-gallery.min.css HTTP/1.1" 404 100 "http://localhost:8000/fine-uploader.html" "Mozilla/5.0 (Windows NT 10.0; Win64; x64) AppleWebKit/537.36 (KHTML, like Gecko) Chrome/88.0.4324.150 Safari/537.36 OPR/74.0.3911.160"
::1 - - [04/Mar/2021:11:18:49 +0000] "GET /fine-uploader/fine-uploader.min.js HTTP/1.1" 404 91 "http://localhost:8000/fine-uploader.html" "Mozilla/5.0 (Windows NT 10.0; Win64; x64) AppleWebKit/537.36 (KHTML, like Gecko) Chrome/88.0.4324.150 Safari/537.36 OPR/74.0.3911.160"
::1 - - [04/Mar/2021:11:20:40 +0000] "GET /fine-uploader.html HTTP/1.1" 200 5328 "-" "Mozilla/5.0 (Windows NT 10.0; Win64; x64) AppleWebKit/537.36 (KHTML, like Gecko) Chrome/88.0.4324.150 Safari/537.36 OPR/74.0.3911.160"
::1 - - [04/Mar/2021:11:20:40 +0000] "GET /node_modules/fine-uploader/fine-uploader.min.js HTTP/1.1" 404 104 "http://localhost:8000/fine-uploader.html" "Mozilla/5.0 (Windows NT 10.0; Win64; x64) AppleWebKit/537.36 (KHTML, like Gecko) Chrome/88.0.4324.150 Safari/537.36 OPR/74.0.3911.160"
::1 - - [04/Mar/2021:11:20:40 +0000] "GET /fine-uploader/fine-uploader-gallery.min.css HTTP/1.1" 404 100 "http://localhost:8000/fine-uploader.html" "Mozilla/5.0 (Windows NT 10.0; Win64; x64) AppleWebKit/537.36 (KHTML, like Gecko) Chrome/88.0.4324.150 Safari/537.36 OPR/74.0.3911.160"
::1 - - [04/Mar/2021:11:22:33 +0000] "GET /fine-uploader.html HTTP/1.1" 200 5410 "-" "Mozilla/5.0 (Windows NT 10.0; Win64; x64) AppleWebKit/537.36 (KHTML, like Gecko) Chrome/88.0.4324.150 Safari/537.36 OPR/74.0.3911.160"
::1 - - [04/Mar/2021:11:22:33 +0000] "GET /fine-uploader/fine-uploader-gallery.min.css HTTP/1.1" 404 100 "http://localhost:8000/fine-uploader.html" "Mozilla/5.0 (Windows NT 10.0; Win64; x64) AppleWebKit/537.36 (KHTML, like Gecko) Chrome/88.0.4324.150 Safari/537.36 OPR/74.0.3911.160"
::1 - - [04/Mar/2021:11:23:05 +0000] "GET /fine-uploader.html HTTP/1.1" 304 - "-" "Mozilla/5.0 (Windows NT 10.0; Win64; x64) AppleWebKit/537.36 (KHTML, like Gecko) Chrome/88.0.4324.150 Safari/537.36 OPR/74.0.3911.160"
::1 - - [04/Mar/2021:11:23:05 +0000] "GET /fine-uploader/fine-uploader-gallery.min.css HTTP/1.1" 404 100 "http://localhost:8000/fine-uploader.html" "Mozilla/5.0 (Windows NT 10.0; Win64; x64) AppleWebKit/537.36 (KHTML, like Gecko) Chrome/88.0.4324.150 Safari/537.36 OPR/74.0.3911.160"
::1 - - [04/Mar/2021:11:23:08 +0000] "GET /fine-uploader/fine-uploader-gallery.min.css HTTP/1.1" 404 100 "http://localhost:8000/fine-uploader.html" "Mozilla/5.0 (Windows NT 10.0; Win64; x64) AppleWebKit/537.36 (KHTML, like Gecko) Chrome/88.0.4324.150 Safari/537.36 OPR/74.0.3911.160"
::1 - - [04/Mar/2021:11:23:54 +0000] "GET /fine-uploader.html HTTP/1.1" 200 5444 "-" "Mozilla/5.0 (Linux; Android 6.0.1; Moto G (4)) AppleWebKit/537.36 (KHTML, like Gecko) Chrome/88.0.4324.150 Mobile Safari/537.36"
::1 - - [04/Mar/2021:11:23:54 +0000] "GET /fine-uploader/fine-uploader-gallery.min.css HTTP/1.1" 404 100 "http://localhost:8000/fine-uploader.html" "Mozilla/5.0 (Linux; Android 6.0.1; Moto G (4)) AppleWebKit/537.36 (KHTML, like Gecko) Chrome/88.0.4324.150 Mobile Safari/537.36"
::1 - - [04/Mar/2021:11:23:58 +0000] "GET /fine-uploader.html HTTP/1.1" 304 - "-" "Mozilla/5.0 (Linux; Android 6.0.1; Moto G (4)) AppleWebKit/537.36 (KHTML, like Gecko) Chrome/88.0.4324.150 Mobile Safari/537.36"
::1 - - [04/Mar/2021:11:23:58 +0000] "GET /fine-uploader/fine-uploader-gallery.min.css HTTP/1.1" 404 100 "http://localhost:8000/fine-uploader.html" "Mozilla/5.0 (Linux; Android 6.0.1; Moto G (4)) AppleWebKit/537.36 (KHTML, like Gecko) Chrome/88.0.4324.150 Mobile Safari/537.36"
::1 - - [04/Mar/2021:11:38:56 +0000] "GET /fine-uploader.html HTTP/1.1" 200 5353 "-" "Mozilla/5.0 (Linux; Android 6.0.1; Moto G (4)) AppleWebKit/537.36 (KHTML, like Gecko) Chrome/88.0.4324.150 Mobile Safari/537.36"
::1 - - [04/Mar/2021:11:38:56 +0000] "GET /fine-uploader/fine-uploader-gallery.min.css HTTP/1.1" 404 100 "http://localhost:8000/fine-uploader.html" "Mozilla/5.0 (Linux; Android 6.0.1; Moto G (4)) AppleWebKit/537.36 (KHTML, like Gecko) Chrome/88.0.4324.150 Mobile Safari/537.36"
::1 - - [04/Mar/2021:11:38:56 +0000] "GET /static/js/fine-uploader/fine-uploader.min.js HTTP/1.1" 200 145025 "http://localhost:8000/fine-uploader.html" "Mozilla/5.0 (Linux; Android 6.0.1; Moto G (4)) AppleWebKit/537.36 (KHTML, like Gecko) Chrome/88.0.4324.150 Mobile Safari/537.36"
::1 - - [04/Mar/2021:11:38:56 +0000] "GET /static/js/fine-uploader/fine-uploader.min.js.map HTTP/1.1" 200 617823 "-" "Mozilla/5.0 (Windows NT 10.0; Win64; x64) AppleWebKit/537.36 (KHTML, like Gecko) Chrome/88.0.4324.150 Safari/537.36 OPR/74.0.3911.160"
::1 - - [04/Mar/2021:11:39:08 +0000] "POST /server/upload HTTP/1.1" 404 70 "http://localhost:8000/fine-uploader.html" "Mozilla/5.0 (Windows NT 10.0; Win64; x64) AppleWebKit/537.36 (KHTML, like Gecko) Chrome/88.0.4324.150 Safari/537.36 OPR/74.0.3911.160"
::1 - - [04/Mar/2021:12:02:19 +0000] "GET /fine-uploader.html HTTP/1.1" 200 5363 "-" "Mozilla/5.0 (Windows NT 10.0; Win64; x64) AppleWebKit/537.36 (KHTML, like Gecko) Chrome/88.0.4324.150 Safari/537.36 OPR/74.0.3911.160"
::1 - - [04/Mar/2021:12:02:20 +0000] "GET /static/js/fine-uploader/fine-uploader-gallery.min.css HTTP/1.1" 200 7400 "http://localhost:8000/fine-uploader.html" "Mozilla/5.0 (Windows NT 10.0; Win64; x64) AppleWebKit/537.36 (KHTML, like Gecko) Chrome/88.0.4324.150 Safari/537.36 OPR/74.0.3911.160"
::1 - - [04/Mar/2021:12:02:20 +0000] "GET /static/js/fine-uploader/fine-uploader.min.js HTTP/1.1" 200 145025 "http://localhost:8000/fine-uploader.html" "Mozilla/5.0 (Windows NT 10.0; Win64; x64) AppleWebKit/537.36 (KHTML, like Gecko) Chrome/88.0.4324.150 Safari/537.36 OPR/74.0.3911.160"
::1 - - [04/Mar/2021:12:02:22 +0000] "GET /favicon.ico HTTP/1.1" 404 68 "http://localhost:8000/fine-uploader.html" "Mozilla/5.0 (Windows NT 10.0; Win64; x64) AppleWebKit/537.36 (KHTML, like Gecko) Chrome/88.0.4324.150 Safari/537.36 OPR/74.0.3911.160"
::1 - - [04/Mar/2021:12:03:07 +0000] "POST /server/upload HTTP/1.1" 404 70 "http://localhost:8000/fine-uploader.html" "Mozilla/5.0 (Windows NT 10.0; Win64; x64) AppleWebKit/537.36 (KHTML, like Gecko) Chrome/88.0.4324.150 Safari/537.36 OPR/74.0.3911.160"
::1 - - [04/Mar/2021:12:03:07 +0000] "GET /static/js/fine-uploader/loading.gif HTTP/1.1" 200 1688 "http://localhost:8000/static/js/fine-uploader/fine-uploader-gallery.min.css" "Mozilla/5.0 (Windows NT 10.0; Win64; x64) AppleWebKit/537.36 (KHTML, like Gecko) Chrome/88.0.4324.150 Safari/537.36 OPR/74.0.3911.160"
::1 - - [04/Mar/2021:12:03:07 +0000] "GET /static/js/fine-uploader/retry.gif HTTP/1.1" 200 173 "http://localhost:8000/static/js/fine-uploader/fine-uploader-gallery.min.css" "Mozilla/5.0 (Windows NT 10.0; Win64; x64) AppleWebKit/537.36 (KHTML, like Gecko) Chrome/88.0.4324.150 Safari/537.36 OPR/74.0.3911.160"
::1 - - [04/Mar/2021:12:03:11 +0000] "POST /server/upload HTTP/1.1" 404 70 "http://localhost:8000/fine-uploader.html" "Mozilla/5.0 (Windows NT 10.0; Win64; x64) AppleWebKit/537.36 (KHTML, like Gecko) Chrome/88.0.4324.150 Safari/537.36 OPR/74.0.3911.160"
::1 - - [04/Mar/2021:12:03:13 +0000] "POST /server/upload HTTP/1.1" 404 70 "http://localhost:8000/fine-uploader.html" "Mozilla/5.0 (Windows NT 10.0; Win64; x64) AppleWebKit/537.36 (KHTML, like Gecko) Chrome/88.0.4324.150 Safari/537.36 OPR/74.0.3911.160"
::1 - - [04/Mar/2021:12:03:22 +0000] "POST /server/upload HTTP/1.1" 404 70 "http://localhost:8000/fine-uploader.html" "Mozilla/5.0 (Windows NT 10.0; Win64; x64) AppleWebKit/537.36 (KHTML, like Gecko) Chrome/88.0.4324.150 Safari/537.36 OPR/74.0.3911.160"
::1 - - [04/Mar/2021:12:03:34 +0000] "POST /server/upload HTTP/1.1" 404 70 "http://localhost:8000/fine-uploader.html" "Mozilla/5.0 (Windows NT 10.0; Win64; x64) AppleWebKit/537.36 (KHTML, like Gecko) Chrome/88.0.4324.150 Safari/537.36 OPR/74.0.3911.160"
::1 - - [04/Mar/2021:12:03:39 +0000] "POST /server/upload HTTP/1.1" 404 70 "http://localhost:8000/fine-uploader.html" "Mozilla/5.0 (Windows NT 10.0; Win64; x64) AppleWebKit/537.36 (KHTML, like Gecko) Chrome/88.0.4324.150 Safari/537.36 OPR/74.0.3911.160"
::1 - - [04/Mar/2021:12:04:19 +0000] "POST /server/upload HTTP/1.1" 404 70 "http://localhost:8000/fine-uploader.html" "Mozilla/5.0 (Windows NT 10.0; Win64; x64) AppleWebKit/537.36 (KHTML, like Gecko) Chrome/88.0.4324.150 Safari/537.36 OPR/74.0.3911.160"
::1 - - [04/Mar/2021:12:04:20 +0000] "POST /server/upload HTTP/1.1" 404 70 "http://localhost:8000/fine-uploader.html" "Mozilla/5.0 (Windows NT 10.0; Win64; x64) AppleWebKit/537.36 (KHTML, like Gecko) Chrome/88.0.4324.150 Safari/537.36 OPR/74.0.3911.160"
::1 - - [04/Mar/2021:12:04:21 +0000] "POST /server/upload HTTP/1.1" 404 70 "http://localhost:8000/fine-uploader.html" "Mozilla/5.0 (Windows NT 10.0; Win64; x64) AppleWebKit/537.36 (KHTML, like Gecko) Chrome/88.0.4324.150 Safari/537.36 OPR/74.0.3911.160"
::1 - - [04/Mar/2021:12:04:23 +0000] "POST /server/upload HTTP/1.1" 404 70 "http://localhost:8000/fine-uploader.html" "Mozilla/5.0 (Windows NT 10.0; Win64; x64) AppleWebKit/537.36 (KHTML, like Gecko) Chrome/88.0.4324.150 Safari/537.36 OPR/74.0.3911.160"
::1 - - [04/Mar/2021:12:04:26 +0000] "POST /server/upload HTTP/1.1" 404 70 "http://localhost:8000/fine-uploader.html" "Mozilla/5.0 (Windows NT 10.0; Win64; x64) AppleWebKit/537.36 (KHTML, like Gecko) Chrome/88.0.4324.150 Safari/537.36 OPR/74.0.3911.160"
::1 - - [04/Mar/2021:12:05:07 +0000] "POST /server/upload HTTP/1.1" 404 70 "http://localhost:8000/fine-uploader.html" "Mozilla/5.0 (Windows NT 10.0; Win64; x64) AppleWebKit/537.36 (KHTML, like Gecko) Chrome/88.0.4324.150 Safari/537.36 OPR/74.0.3911.160"
::1 - - [04/Mar/2021:12:05:34 +0000] "POST /server/upload HTTP/1.1" 404 70 "http://localhost:8000/fine-uploader.html" "Mozilla/5.0 (Windows NT 10.0; Win64; x64) AppleWebKit/537.36 (KHTML, like Gecko) Chrome/88.0.4324.150 Safari/537.36 OPR/74.0.3911.160"
::1 - - [04/Mar/2021:12:05:42 +0000] "POST /server/upload HTTP/1.1" 404 70 "http://localhost:8000/fine-uploader.html" "Mozilla/5.0 (Windows NT 10.0; Win64; x64) AppleWebKit/537.36 (KHTML, like Gecko) Chrome/88.0.4324.150 Safari/537.36 OPR/74.0.3911.160"
::1 - - [04/Mar/2021:12:05:56 +0000] "POST /server/upload HTTP/1.1" 404 70 "http://localhost:8000/fine-uploader.html" "Mozilla/5.0 (Windows NT 10.0; Win64; x64) AppleWebKit/537.36 (KHTML, like Gecko) Chrome/88.0.4324.150 Safari/537.36 OPR/74.0.3911.160"
::1 - - [04/Mar/2021:12:21:00 +0000] "POST /server/upload HTTP/1.1" 404 70 "http://localhost:8000/fine-uploader.html" "Mozilla/5.0 (Windows NT 10.0; Win64; x64) AppleWebKit/537.36 (KHTML, like Gecko) Chrome/88.0.4324.150 Safari/537.36 OPR/74.0.3911.160"
::1 - - [04/Mar/2021:12:24:17 +0000] "POST /server/upload HTTP/1.1" 404 70 "http://localhost:8000/fine-uploader.html" "Mozilla/5.0 (Windows NT 10.0; Win64; x64) AppleWebKit/537.36 (KHTML, like Gecko) Chrome/88.0.4324.150 Safari/537.36 OPR/74.0.3911.160"
::1 - - [04/Mar/2021:12:24:39 +0000] "GET /static/js/fine-uploader/fine-uploader-gallery.min.css HTTP/1.1" 304 - "http://localhost:8000/fine-uploader.html" "Mozilla/5.0 (Windows NT 10.0; Win64; x64) AppleWebKit/537.36 (KHTML, like Gecko) Chrome/88.0.4324.150 Safari/537.36 OPR/74.0.3911.160"
::1 - - [04/Mar/2021:12:24:39 +0000] "GET /static/js/fine-uploader/fine-uploader-gallery.min.css.map HTTP/1.1" 200 3662 "-" "Mozilla/5.0 (Windows NT 10.0; Win64; x64) AppleWebKit/537.36 (KHTML, like Gecko) Chrome/88.0.4324.150 Safari/537.36 OPR/74.0.3911.160"
::1 - - [04/Mar/2021:12:24:39 +0000] "GET /static/js/fine-uploader/fine-uploader.min.js.map HTTP/1.1" 200 617823 "-" "Mozilla/5.0 (Windows NT 10.0; Win64; x64) AppleWebKit/537.36 (KHTML, like Gecko) Chrome/88.0.4324.150 Safari/537.36 OPR/74.0.3911.160"
::1 - - [04/Mar/2021:12:26:55 +0000] "POST /server/upload HTTP/1.1" 404 70 "http://localhost:8000/fine-uploader.html" "Mozilla/5.0 (Linux; Android 6.0.1; Moto G (4)) AppleWebKit/537.36 (KHTML, like Gecko) Chrome/88.0.4324.150 Mobile Safari/537.36"
::1 - - [04/Mar/2021:13:14:57 +0000] "GET /fine-uploader.html HTTP/1.1" 200 5470 "-" "Mozilla/5.0 (Windows NT 10.0; Win64; x64) AppleWebKit/537.36 (KHTML, like Gecko) Chrome/88.0.4324.150 Safari/537.36 OPR/74.0.3911.160"
::1 - - [04/Mar/2021:13:14:57 +0000] "GET /static/js/fine-uploader/fine-uploader-gallery.min.css HTTP/1.1" 304 - "http://localhost:8000/fine-uploader.html" "Mozilla/5.0 (Windows NT 10.0; Win64; x64) AppleWebKit/537.36 (KHTML, like Gecko) Chrome/88.0.4324.150 Safari/537.36 OPR/74.0.3911.160"
::1 - - [04/Mar/2021:13:14:57 +0000] "GET /static/js/fine-uploader/fine-uploader.min.js HTTP/1.1" 304 - "http://localhost:8000/fine-uploader.html" "Mozilla/5.0 (Windows NT 10.0; Win64; x64) AppleWebKit/537.36 (KHTML, like Gecko) Chrome/88.0.4324.150 Safari/537.36 OPR/74.0.3911.160"
::1 - - [04/Mar/2021:13:15:10 +0000] "GET /static/js/fine-uploader/loading.gif HTTP/1.1" 304 - "http://localhost:8000/static/js/fine-uploader/fine-uploader-gallery.min.css" "Mozilla/5.0 (Windows NT 10.0; Win64; x64) AppleWebKit/537.36 (KHTML, like Gecko) Chrome/88.0.4324.150 Safari/537.36 OPR/74.0.3911.160"
::1 - - [04/Mar/2021:13:15:10 +0000] "GET /static/js/fine-uploader/retry.gif HTTP/1.1" 304 - "http://localhost:8000/static/js/fine-uploader/fine-uploader-gallery.min.css" "Mozilla/5.0 (Windows NT 10.0; Win64; x64) AppleWebKit/537.36 (KHTML, like Gecko) Chrome/88.0.4324.150 Safari/537.36 OPR/74.0.3911.160"
::1 - - [04/Mar/2021:13:15:16 +0000] "GET /static/js/fine-uploader/fine-uploader-gallery.min.css HTTP/1.1" 304 - "http://localhost:8000/fine-uploader.html" "Mozilla/5.0 (Windows NT 10.0; Win64; x64) AppleWebKit/537.36 (KHTML, like Gecko) Chrome/88.0.4324.150 Safari/537.36 OPR/74.0.3911.160"
::1 - - [04/Mar/2021:13:15:16 +0000] "GET /static/js/fine-uploader/fine-uploader.min.js.map HTTP/1.1" 200 617823 "-" "Mozilla/5.0 (Windows NT 10.0; Win64; x64) AppleWebKit/537.36 (KHTML, like Gecko) Chrome/88.0.4324.150 Safari/537.36 OPR/74.0.3911.160"
::1 - - [04/Mar/2021:13:15:16 +0000] "GET /static/js/fine-uploader/fine-uploader-gallery.min.css.map HTTP/1.1" 200 3662 "-" "Mozilla/5.0 (Windows NT 10.0; Win64; x64) AppleWebKit/537.36 (KHTML, like Gecko) Chrome/88.0.4324.150 Safari/537.36 OPR/74.0.3911.160"
::1 - - [04/Mar/2021:13:15:44 +0000] "GET /fine-uploader.html HTTP/1.1" 200 5513 "-" "Mozilla/5.0 (Linux; Android 6.0.1; Moto G (4)) AppleWebKit/537.36 (KHTML, like Gecko) Chrome/88.0.4324.150 Mobile Safari/537.36"
::1 - - [04/Mar/2021:13:15:44 +0000] "GET /static/js/fine-uploader/fine-uploader-gallery.min.css HTTP/1.1" 304 - "http://localhost:8000/fine-uploader.html" "Mozilla/5.0 (Linux; Android 6.0.1; Moto G (4)) AppleWebKit/537.36 (KHTML, like Gecko) Chrome/88.0.4324.150 Mobile Safari/537.36"
::1 - - [04/Mar/2021:13:15:44 +0000] "GET /static/js/fine-uploader/fine-uploader.min.js HTTP/1.1" 304 - "http://localhost:8000/fine-uploader.html" "Mozilla/5.0 (Linux; Android 6.0.1; Moto G (4)) AppleWebKit/537.36 (KHTML, like Gecko) Chrome/88.0.4324.150 Mobile Safari/537.36"
::1 - - [04/Mar/2021:13:15:45 +0000] "GET /static/js/fine-uploader/fine-uploader-gallery.min.css.map HTTP/1.1" 200 3662 "-" "Mozilla/5.0 (Windows NT 10.0; Win64; x64) AppleWebKit/537.36 (KHTML, like Gecko) Chrome/88.0.4324.150 Safari/537.36 OPR/74.0.3911.160"
::1 - - [04/Mar/2021:13:15:45 +0000] "GET /static/js/fine-uploader/fine-uploader.min.js.map HTTP/1.1" 200 617823 "-" "Mozilla/5.0 (Windows NT 10.0; Win64; x64) AppleWebKit/537.36 (KHTML, like Gecko) Chrome/88.0.4324.150 Safari/537.36 OPR/74.0.3911.160"
::1 - - [04/Mar/2021:13:15:55 +0000] "GET /static/js/fine-uploader/loading.gif HTTP/1.1" 304 - "http://localhost:8000/static/js/fine-uploader/fine-uploader-gallery.min.css" "Mozilla/5.0 (Windows NT 10.0; Win64; x64) AppleWebKit/537.36 (KHTML, like Gecko) Chrome/88.0.4324.150 Safari/537.36 OPR/74.0.3911.160"
::1 - - [04/Mar/2021:13:15:55 +0000] "GET /static/js/fine-uploader/retry.gif HTTP/1.1" 304 - "http://localhost:8000/static/js/fine-uploader/fine-uploader-gallery.min.css" "Mozilla/5.0 (Windows NT 10.0; Win64; x64) AppleWebKit/537.36 (KHTML, like Gecko) Chrome/88.0.4324.150 Safari/537.36 OPR/74.0.3911.160"
::1 - - [04/Mar/2021:13:16:02 +0000] "GET /static/js/fine-uploader/fine-uploader-gallery.min.css HTTP/1.1" 304 - "http://localhost:8000/fine-uploader.html" "Mozilla/5.0 (Windows NT 10.0; Win64; x64) AppleWebKit/537.36 (KHTML, like Gecko) Chrome/88.0.4324.150 Safari/537.36 OPR/74.0.3911.160"
::1 - - [04/Mar/2021:13:16:02 +0000] "GET /static/js/fine-uploader/fine-uploader.min.js.map HTTP/1.1" 200 617823 "-" "Mozilla/5.0 (Windows NT 10.0; Win64; x64) AppleWebKit/537.36 (KHTML, like Gecko) Chrome/88.0.4324.150 Safari/537.36 OPR/74.0.3911.160"
::1 - - [04/Mar/2021:13:16:02 +0000] "GET /static/js/fine-uploader/fine-uploader-gallery.min.css.map HTTP/1.1" 200 3662 "-" "Mozilla/5.0 (Windows NT 10.0; Win64; x64) AppleWebKit/537.36 (KHTML, like Gecko) Chrome/88.0.4324.150 Safari/537.36 OPR/74.0.3911.160"
::1 - - [04/Mar/2021:13:26:19 +0000] "GET /fine-uploader.html HTTP/1.1" 200 5545 "-" "Mozilla/5.0 (Linux; Android 6.0.1; Moto G (4)) AppleWebKit/537.36 (KHTML, like Gecko) Chrome/88.0.4324.150 Mobile Safari/537.36"
::1 - - [04/Mar/2021:13:26:20 +0000] "GET /static/js/fine-uploader/fine-uploader-gallery.min.css HTTP/1.1" 304 - "http://localhost:8000/fine-uploader.html" "Mozilla/5.0 (Linux; Android 6.0.1; Moto G (4)) AppleWebKit/537.36 (KHTML, like Gecko) Chrome/88.0.4324.150 Mobile Safari/537.36"
::1 - - [04/Mar/2021:13:26:20 +0000] "GET /static/js/fine-uploader/fine-uploader.min.js HTTP/1.1" 304 - "http://localhost:8000/fine-uploader.html" "Mozilla/5.0 (Linux; Android 6.0.1; Moto G (4)) AppleWebKit/537.36 (KHTML, like Gecko) Chrome/88.0.4324.150 Mobile Safari/537.36"
::1 - - [04/Mar/2021:13:26:20 +0000] "GET /static/js/fine-uploader/fine-uploader.min.js.map HTTP/1.1" 200 617823 "-" "Mozilla/5.0 (Windows NT 10.0; Win64; x64) AppleWebKit/537.36 (KHTML, like Gecko) Chrome/88.0.4324.150 Safari/537.36 OPR/74.0.3911.160"
::1 - - [04/Mar/2021:13:26:20 +0000] "GET /static/js/fine-uploader/fine-uploader-gallery.min.css.map HTTP/1.1" 200 3662 "-" "Mozilla/5.0 (Windows NT 10.0; Win64; x64) AppleWebKit/537.36 (KHTML, like Gecko) Chrome/88.0.4324.150 Safari/537.36 OPR/74.0.3911.160"
::1 - - [04/Mar/2021:13:26:31 +0000] "GET /static/js/fine-uploader/loading.gif HTTP/1.1" 304 - "http://localhost:8000/static/js/fine-uploader/fine-uploader-gallery.min.css" "Mozilla/5.0 (Linux; Android 6.0.1; Moto G (4)) AppleWebKit/537.36 (KHTML, like Gecko) Chrome/88.0.4324.150 Mobile Safari/537.36"
::1 - - [04/Mar/2021:13:26:31 +0000] "GET /static/js/fine-uploader/retry.gif HTTP/1.1" 304 - "http://localhost:8000/static/js/fine-uploader/fine-uploader-gallery.min.css" "Mozilla/5.0 (Linux; Android 6.0.1; Moto G (4)) AppleWebKit/537.36 (KHTML, like Gecko) Chrome/88.0.4324.150 Mobile Safari/537.36"
::1 - - [04/Mar/2021:13:27:18 +0000] "GET /static/js/fine-uploader/fine-uploader-gallery.min.css HTTP/1.1" 304 - "http://localhost:8000/fine-uploader.html" "Mozilla/5.0 (Windows NT 10.0; Win64; x64) AppleWebKit/537.36 (KHTML, like Gecko) Chrome/88.0.4324.150 Safari/537.36 OPR/74.0.3911.160"
::1 - - [04/Mar/2021:13:27:18 +0000] "GET /static/js/fine-uploader/fine-uploader.min.js.map HTTP/1.1" 200 617823 "-" "Mozilla/5.0 (Windows NT 10.0; Win64; x64) AppleWebKit/537.36 (KHTML, like Gecko) Chrome/88.0.4324.150 Safari/537.36 OPR/74.0.3911.160"
::1 - - [04/Mar/2021:13:27:18 +0000] "GET /static/js/fine-uploader/fine-uploader-gallery.min.css.map HTTP/1.1" 200 3662 "-" "Mozilla/5.0 (Windows NT 10.0; Win64; x64) AppleWebKit/537.36 (KHTML, like Gecko) Chrome/88.0.4324.150 Safari/537.36 OPR/74.0.3911.160"
::1 - - [04/Mar/2021:13:33:17 +0000] "GET /fine-uploader.html HTTP/1.1" 200 5774 "-" "Mozilla/5.0 (Windows NT 10.0; Win64; x64) AppleWebKit/537.36 (KHTML, like Gecko) Chrome/88.0.4324.150 Safari/537.36 OPR/74.0.3911.160"
::1 - - [04/Mar/2021:13:33:18 +0000] "GET /static/js/fine-uploader/fine-uploader-gallery.min.css HTTP/1.1" 304 - "http://localhost:8000/fine-uploader.html" "Mozilla/5.0 (Windows NT 10.0; Win64; x64) AppleWebKit/537.36 (KHTML, like Gecko) Chrome/88.0.4324.150 Safari/537.36 OPR/74.0.3911.160"
::1 - - [04/Mar/2021:13:33:18 +0000] "GET /static/js/fine-uploader/fine-uploader.min.js HTTP/1.1" 304 - "http://localhost:8000/fine-uploader.html" "Mozilla/5.0 (Windows NT 10.0; Win64; x64) AppleWebKit/537.36 (KHTML, like Gecko) Chrome/88.0.4324.150 Safari/537.36 OPR/74.0.3911.160"
::1 - - [04/Mar/2021:13:33:24 +0000] "GET /static/js/fine-uploader/loading.gif HTTP/1.1" 304 - "http://localhost:8000/static/js/fine-uploader/fine-uploader-gallery.min.css" "Mozilla/5.0 (Windows NT 10.0; Win64; x64) AppleWebKit/537.36 (KHTML, like Gecko) Chrome/88.0.4324.150 Safari/537.36 OPR/74.0.3911.160"
::1 - - [04/Mar/2021:13:33:25 +0000] "GET /static/js/fine-uploader/retry.gif HTTP/1.1" 304 - "http://localhost:8000/static/js/fine-uploader/fine-uploader-gallery.min.css" "Mozilla/5.0 (Windows NT 10.0; Win64; x64) AppleWebKit/537.36 (KHTML, like Gecko) Chrome/88.0.4324.150 Safari/537.36 OPR/74.0.3911.160"
::1 - - [04/Mar/2021:13:33:28 +0000] "GET /static/js/fine-uploader/fine-uploader-gallery.min.css HTTP/1.1" 304 - "http://localhost:8000/fine-uploader.html" "Mozilla/5.0 (Windows NT 10.0; Win64; x64) AppleWebKit/537.36 (KHTML, like Gecko) Chrome/88.0.4324.150 Safari/537.36 OPR/74.0.3911.160"
::1 - - [04/Mar/2021:13:33:29 +0000] "GET /static/js/fine-uploader/fine-uploader.min.js.map HTTP/1.1" 200 617823 "-" "Mozilla/5.0 (Windows NT 10.0; Win64; x64) AppleWebKit/537.36 (KHTML, like Gecko) Chrome/88.0.4324.150 Safari/537.36 OPR/74.0.3911.160"
::1 - - [04/Mar/2021:13:33:29 +0000] "GET /static/js/fine-uploader/fine-uploader-gallery.min.css.map HTTP/1.1" 200 3662 "-" "Mozilla/5.0 (Windows NT 10.0; Win64; x64) AppleWebKit/537.36 (KHTML, like Gecko) Chrome/88.0.4324.150 Safari/537.36 OPR/74.0.3911.160"
::1 - - [04/Mar/2021:13:37:31 +0000] "GET /static/js/fine-uploader/fine-uploader-gallery.min.css.map HTTP/1.1" 200 3662 "-" "Mozilla/5.0 (Windows NT 10.0; Win64; x64) AppleWebKit/537.36 (KHTML, like Gecko) Chrome/88.0.4324.150 Safari/537.36 OPR/74.0.3911.160"
::1 - - [04/Mar/2021:13:37:31 +0000] "GET /static/js/fine-uploader/fine-uploader.min.js.map HTTP/1.1" 200 617823 "-" "Mozilla/5.0 (Windows NT 10.0; Win64; x64) AppleWebKit/537.36 (KHTML, like Gecko) Chrome/88.0.4324.150 Safari/537.36 OPR/74.0.3911.160"
::1 - - [04/Mar/2021:13:39:39 +0000] "GET /fine-uploader.html HTTP/1.1" 200 5814 "-" "Mozilla/5.0 (Windows NT 10.0; Win64; x64) AppleWebKit/537.36 (KHTML, like Gecko) Chrome/88.0.4324.150 Safari/537.36 OPR/74.0.3911.160"
::1 - - [04/Mar/2021:13:39:40 +0000] "GET /static/js/fine-uploader/fine-uploader-gallery.min.css HTTP/1.1" 304 - "http://localhost:8000/fine-uploader.html" "Mozilla/5.0 (Windows NT 10.0; Win64; x64) AppleWebKit/537.36 (KHTML, like Gecko) Chrome/88.0.4324.150 Safari/537.36 OPR/74.0.3911.160"
::1 - - [04/Mar/2021:13:39:40 +0000] "GET /static/js/fine-uploader/fine-uploader.min.js HTTP/1.1" 304 - "http://localhost:8000/fine-uploader.html" "Mozilla/5.0 (Windows NT 10.0; Win64; x64) AppleWebKit/537.36 (KHTML, like Gecko) Chrome/88.0.4324.150 Safari/537.36 OPR/74.0.3911.160"
::1 - - [04/Mar/2021:13:39:40 +0000] "GET /static/js/fine-uploader/fine-uploader.min.js.map HTTP/1.1" 200 617823 "-" "Mozilla/5.0 (Windows NT 10.0; Win64; x64) AppleWebKit/537.36 (KHTML, like Gecko) Chrome/88.0.4324.150 Safari/537.36 OPR/74.0.3911.160"
::1 - - [04/Mar/2021:13:39:40 +0000] "GET /static/js/fine-uploader/fine-uploader-gallery.min.css.map HTTP/1.1" 200 3662 "-" "Mozilla/5.0 (Windows NT 10.0; Win64; x64) AppleWebKit/537.36 (KHTML, like Gecko) Chrome/88.0.4324.150 Safari/537.36 OPR/74.0.3911.160"
::1 - - [04/Mar/2021:13:39:47 +0000] "GET /static/js/fine-uploader/loading.gif HTTP/1.1" 304 - "http://localhost:8000/static/js/fine-uploader/fine-uploader-gallery.min.css" "Mozilla/5.0 (Windows NT 10.0; Win64; x64) AppleWebKit/537.36 (KHTML, like Gecko) Chrome/88.0.4324.150 Safari/537.36 OPR/74.0.3911.160"
::1 - - [04/Mar/2021:13:39:51 +0000] "GET /static/js/fine-uploader/retry.gif HTTP/1.1" 304 - "http://localhost:8000/static/js/fine-uploader/fine-uploader-gallery.min.css" "Mozilla/5.0 (Windows NT 10.0; Win64; x64) AppleWebKit/537.36 (KHTML, like Gecko) Chrome/88.0.4324.150 Safari/537.36 OPR/74.0.3911.160"
::ffff:127.0.0.1 - - [04/Mar/2021:13:44:05 +0000] "GET /fine-uploader.html HTTP/1.1" 200 5877 "-" "Mozilla/5.0 (Windows NT 10.0; Win64; x64) AppleWebKit/537.36 (KHTML, like Gecko) Chrome/88.0.4324.150 Safari/537.36 OPR/74.0.3911.160"
::ffff:127.0.0.1 - - [04/Mar/2021:13:44:05 +0000] "GET /static/js/fine-uploader/fine-uploader-gallery.min.css HTTP/1.1" 304 - "http://localhost:8000/fine-uploader.html" "Mozilla/5.0 (Windows NT 10.0; Win64; x64) AppleWebKit/537.36 (KHTML, like Gecko) Chrome/88.0.4324.150 Safari/537.36 OPR/74.0.3911.160"
::ffff:127.0.0.1 - - [04/Mar/2021:13:44:05 +0000] "GET /static/js/fine-uploader/fine-uploader.min.js HTTP/1.1" 304 - "http://localhost:8000/fine-uploader.html" "Mozilla/5.0 (Windows NT 10.0; Win64; x64) AppleWebKit/537.36 (KHTML, like Gecko) Chrome/88.0.4324.150 Safari/537.36 OPR/74.0.3911.160"
::1 - - [04/Mar/2021:13:44:06 +0000] "GET /static/js/fine-uploader/fine-uploader-gallery.min.css.map HTTP/1.1" 200 3662 "-" "Mozilla/5.0 (Windows NT 10.0; Win64; x64) AppleWebKit/537.36 (KHTML, like Gecko) Chrome/88.0.4324.150 Safari/537.36 OPR/74.0.3911.160"
::ffff:127.0.0.1 - - [04/Mar/2021:13:44:06 +0000] "GET /static/js/fine-uploader/fine-uploader.min.js.map HTTP/1.1" 200 617823 "-" "Mozilla/5.0 (Windows NT 10.0; Win64; x64) AppleWebKit/537.36 (KHTML, like Gecko) Chrome/88.0.4324.150 Safari/537.36 OPR/74.0.3911.160"
::1 - - [04/Mar/2021:13:44:16 +0000] "GET /static/js/fine-uploader/loading.gif HTTP/1.1" 304 - "http://localhost:8000/static/js/fine-uploader/fine-uploader-gallery.min.css" "Mozilla/5.0 (Windows NT 10.0; Win64; x64) AppleWebKit/537.36 (KHTML, like Gecko) Chrome/88.0.4324.150 Safari/537.36 OPR/74.0.3911.160"
::1 - - [04/Mar/2021:13:44:17 +0000] "GET /static/js/fine-uploader/retry.gif HTTP/1.1" 304 - "http://localhost:8000/static/js/fine-uploader/fine-uploader-gallery.min.css" "Mozilla/5.0 (Windows NT 10.0; Win64; x64) AppleWebKit/537.36 (KHTML, like Gecko) Chrome/88.0.4324.150 Safari/537.36 OPR/74.0.3911.160"
